Resource Usage Report for Connection_system 

Mapping to part: m2s010tq144std
Cell usage:
CCC             1 use
CLKINT          5 uses
MSS_010         1 use
RCOSC_25_50MHZ  1 use
SYSRESET        1 use
CFG1           3 uses
CFG2           65 uses
CFG3           122 uses
CFG4           207 uses

Carry cells:
ARI1            246 uses - used for arithmetic functions
ARI1            8 uses - used for Wide-Mux implementation
Total ARI1      254 uses


Sequential Cells: 
SLE            395 uses

DSP Blocks:    0 of 22 (0%)

I/O ports: 68
I/O primitives: 67
BIBUF          3 uses
INBUF          19 uses
OUTBUF         45 uses


Global Clock Buffers: 5

Total LUTs:    651

Extra resources required for RAM and MACC interface logic during P&R:

RAM64x18 Interface Logic : SLEs = 144; LUTs = 144;
RAM1K18  Interface Logic : SLEs = 0; LUTs = 0;
MACC     Interface Logic : SLEs = 0; LUTs = 0;

Total number of SLEs after P&R:  395 + 144 + 0 + 0 = 539;
Total number of LUTs after P&R:  651 + 144 + 0 + 0 = 795;

