16:47:48 **** Incremental Build of configuration Debug for project SF2_MKR_KIT_Connection_Test ****
make all 
Building file: ../src/fab_Nokia5110.c
Invoking: GNU ARM Cross C Compiler
arm-none-eabi-gcc -mcpu=cortex-m3 -mthumb -O0 -fmessage-length=0 -fsigned-char -ffunction-sections -fdata-sections  -g3 -I"E:\Github_Repos\SF2_MKR_KIT_Connections\Softconsole\SF2_MKR_KIT_Connection_Test\firmware\hal\CortexM3\GNU" -I"E:\Github_Repos\SF2_MKR_KIT_Connections\Softconsole\SF2_MKR_KIT_Connection_Test\firmware\hal" -std=gnu11 --specs=cmsis.specs -MMD -MP -MF"src/fab_Nokia5110.d" -MT"src/fab_Nokia5110.o" -c -o "src/fab_Nokia5110.o" "../src/fab_Nokia5110.c"
Finished building: ../src/fab_Nokia5110.c
 
Building file: ../src/pixel_arrays.c
Invoking: GNU ARM Cross C Compiler
arm-none-eabi-gcc -mcpu=cortex-m3 -mthumb -O0 -fmessage-length=0 -fsigned-char -ffunction-sections -fdata-sections  -g3 -I"E:\Github_Repos\SF2_MKR_KIT_Connections\Softconsole\SF2_MKR_KIT_Connection_Test\firmware\hal\CortexM3\GNU" -I"E:\Github_Repos\SF2_MKR_KIT_Connections\Softconsole\SF2_MKR_KIT_Connection_Test\firmware\hal" -std=gnu11 --specs=cmsis.specs -MMD -MP -MF"src/pixel_arrays.d" -MT"src/pixel_arrays.o" -c -o "src/pixel_arrays.o" "../src/pixel_arrays.c"
Finished building: ../src/pixel_arrays.c
 
Building target: SF2_MKR_KIT_Connection_Test.elf
Invoking: GNU ARM Cross C Linker
arm-none-eabi-gcc -mcpu=cortex-m3 -mthumb -O0 -fmessage-length=0 -fsigned-char -ffunction-sections -fdata-sections  -g3 -T ../firmware/CMSIS/startup_gcc/debug-in-microsemi-smartfusion2-esram.ld -Xlinker --gc-sections -Wl,-Map,"SF2_MKR_KIT_Connection_Test.map" --specs=nano.specs -o "SF2_MKR_KIT_Connection_Test.elf"  ./src/fab_Nokia5110.o ./src/main.o ./src/pixel_arrays.o  ./firmware/hal/CortexM3/GNU/hal.o ./firmware/hal/CortexM3/GNU/hw_reg_access.o  ./firmware/hal/CortexM3/cortex_nvic.o  ./firmware/drivers_config/sys_config/sys_config.o  ./firmware/drivers/mss_uart/mss_uart.o  ./firmware/drivers/mss_sys_services/mss_comblk.o ./firmware/drivers/mss_sys_services/mss_sys_services.o  ./firmware/drivers/mss_spi/mss_spi.o  ./firmware/drivers/mss_nvm/mss_nvm.o  ./firmware/drivers/mss_i2c/mss_i2c.o  ./firmware/drivers/mss_hpdma/mss_hpdma.o  ./firmware/drivers/mss_gpio/mss_gpio.o  ./firmware/drivers/mss_ethernet_mac/m88e1340_phy.o ./firmware/drivers/mss_ethernet_mac/mss_ethernet_mac.o  ./firmware/drivers/CorePWM/core_pwm.o  ./firmware/CMSIS/startup_gcc/newlib_stubs.o ./firmware/CMSIS/startup_gcc/startup_m2sxxx.o  ./firmware/CMSIS/system_m2sxxx.o   
Finished building target: SF2_MKR_KIT_Connection_Test.elf
 
Invoking: GNU ARM Cross Create Flash Image
arm-none-eabi-objcopy -O ihex "SF2_MKR_KIT_Connection_Test.elf"  "SF2_MKR_KIT_Connection_Test.hex"
Finished building: SF2_MKR_KIT_Connection_Test.hex
 
Invoking: GNU ARM Cross Print Size
arm-none-eabi-size --format=berkeley "SF2_MKR_KIT_Connection_Test.elf"
   text	   data	    bss	    dec	    hex	filename
  13568	     32	  51936	  65536	  10000	SF2_MKR_KIT_Connection_Test.elf
Finished building: SF2_MKR_KIT_Connection_Test.siz
 
16:49:41 **** Incremental Build of configuration Debug for project SF2_MKR_KIT_Connection_Test ****
make all 
Building file: ../src/fab_Nokia5110.c
Invoking: GNU ARM Cross C Compiler
arm-none-eabi-gcc -mcpu=cortex-m3 -mthumb -O0 -fmessage-length=0 -fsigned-char -ffunction-sections -fdata-sections  -g3 -I"E:\Github_Repos\SF2_MKR_KIT_Connections\Softconsole\SF2_MKR_KIT_Connection_Test\firmware\hal\CortexM3\GNU" -I"E:\Github_Repos\SF2_MKR_KIT_Connections\Softconsole\SF2_MKR_KIT_Connection_Test\firmware\hal" -std=gnu11 --specs=cmsis.specs -MMD -MP -MF"src/fab_Nokia5110.d" -MT"src/fab_Nokia5110.o" -c -o "src/fab_Nokia5110.o" "../src/fab_Nokia5110.c"
Finished building: ../src/fab_Nokia5110.c
 
Building target: SF2_MKR_KIT_Connection_Test.elf
Invoking: GNU ARM Cross C Linker
arm-none-eabi-gcc -mcpu=cortex-m3 -mthumb -O0 -fmessage-length=0 -fsigned-char -ffunction-sections -fdata-sections  -g3 -T ../firmware/CMSIS/startup_gcc/debug-in-microsemi-smartfusion2-esram.ld -Xlinker --gc-sections -Wl,-Map,"SF2_MKR_KIT_Connection_Test.map" --specs=nano.specs -o "SF2_MKR_KIT_Connection_Test.elf"  ./src/fab_Nokia5110.o ./src/main.o ./src/pixel_arrays.o  ./firmware/hal/CortexM3/GNU/hal.o ./firmware/hal/CortexM3/GNU/hw_reg_access.o  ./firmware/hal/CortexM3/cortex_nvic.o  ./firmware/drivers_config/sys_config/sys_config.o  ./firmware/drivers/mss_uart/mss_uart.o  ./firmware/drivers/mss_sys_services/mss_comblk.o ./firmware/drivers/mss_sys_services/mss_sys_services.o  ./firmware/drivers/mss_spi/mss_spi.o  ./firmware/drivers/mss_nvm/mss_nvm.o  ./firmware/drivers/mss_i2c/mss_i2c.o  ./firmware/drivers/mss_hpdma/mss_hpdma.o  ./firmware/drivers/mss_gpio/mss_gpio.o  ./firmware/drivers/mss_ethernet_mac/m88e1340_phy.o ./firmware/drivers/mss_ethernet_mac/mss_ethernet_mac.o  ./firmware/drivers/CorePWM/core_pwm.o  ./firmware/CMSIS/startup_gcc/newlib_stubs.o ./firmware/CMSIS/startup_gcc/startup_m2sxxx.o  ./firmware/CMSIS/system_m2sxxx.o   
Finished building target: SF2_MKR_KIT_Connection_Test.elf
 
Invoking: GNU ARM Cross Create Flash Image
arm-none-eabi-objcopy -O ihex "SF2_MKR_KIT_Connection_Test.elf"  "SF2_MKR_KIT_Connection_Test.hex"
Finished building: SF2_MKR_KIT_Connection_Test.hex
 
Invoking: GNU ARM Cross Print Size
arm-none-eabi-size --format=berkeley "SF2_MKR_KIT_Connection_Test.elf"
   text	   data	    bss	    dec	    hex	filename
  13584	     32	  51920	  65536	  10000	SF2_MKR_KIT_Connection_Test.elf
Finished building: SF2_MKR_KIT_Connection_Test.siz
 
22:09:47 **** Incremental Build of configuration Debug for project SF2_MKR_KIT_Connection_Test ****
make all 
Building file: ../src/fab_Nokia5110.c
Invoking: GNU ARM Cross C Compiler
arm-none-eabi-gcc -mcpu=cortex-m3 -mthumb -O0 -fmessage-length=0 -fsigned-char -ffunction-sections -fdata-sections  -g3 -I"E:\Github_Repos\SF2_MKR_KIT_Connections\Softconsole\SF2_MKR_KIT_Connection_Test\firmware\hal\CortexM3\GNU" -I"E:\Github_Repos\SF2_MKR_KIT_Connections\Softconsole\SF2_MKR_KIT_Connection_Test\firmware\hal" -std=gnu11 --specs=cmsis.specs -MMD -MP -MF"src/fab_Nokia5110.d" -MT"src/fab_Nokia5110.o" -c -o "src/fab_Nokia5110.o" "../src/fab_Nokia5110.c"
Finished building: ../src/fab_Nokia5110.c
 
Building file: ../src/main.c
Invoking: GNU ARM Cross C Compiler
arm-none-eabi-gcc -mcpu=cortex-m3 -mthumb -O0 -fmessage-length=0 -fsigned-char -ffunction-sections -fdata-sections  -g3 -I"E:\Github_Repos\SF2_MKR_KIT_Connections\Softconsole\SF2_MKR_KIT_Connection_Test\firmware\hal\CortexM3\GNU" -I"E:\Github_Repos\SF2_MKR_KIT_Connections\Softconsole\SF2_MKR_KIT_Connection_Test\firmware\hal" -std=gnu11 --specs=cmsis.specs -MMD -MP -MF"src/main.d" -MT"src/main.o" -c -o "src/main.o" "../src/main.c"
Finished building: ../src/main.c
 
Building file: ../src/pixel_arrays.c
Invoking: GNU ARM Cross C Compiler
arm-none-eabi-gcc -mcpu=cortex-m3 -mthumb -O0 -fmessage-length=0 -fsigned-char -ffunction-sections -fdata-sections  -g3 -I"E:\Github_Repos\SF2_MKR_KIT_Connections\Softconsole\SF2_MKR_KIT_Connection_Test\firmware\hal\CortexM3\GNU" -I"E:\Github_Repos\SF2_MKR_KIT_Connections\Softconsole\SF2_MKR_KIT_Connection_Test\firmware\hal" -std=gnu11 --specs=cmsis.specs -MMD -MP -MF"src/pixel_arrays.d" -MT"src/pixel_arrays.o" -c -o "src/pixel_arrays.o" "../src/pixel_arrays.c"
Finished building: ../src/pixel_arrays.c
 
Building target: SF2_MKR_KIT_Connection_Test.elf
Invoking: GNU ARM Cross C Linker
arm-none-eabi-gcc -mcpu=cortex-m3 -mthumb -O0 -fmessage-length=0 -fsigned-char -ffunction-sections -fdata-sections  -g3 -T ../firmware/CMSIS/startup_gcc/debug-in-microsemi-smartfusion2-esram.ld -Xlinker --gc-sections -Wl,-Map,"SF2_MKR_KIT_Connection_Test.map" --specs=nano.specs -o "SF2_MKR_KIT_Connection_Test.elf"  ./src/fab_Nokia5110.o ./src/main.o ./src/pixel_arrays.o  ./firmware/hal/CortexM3/GNU/hal.o ./firmware/hal/CortexM3/GNU/hw_reg_access.o  ./firmware/hal/CortexM3/cortex_nvic.o  ./firmware/drivers_config/sys_config/sys_config.o  ./firmware/drivers/mss_uart/mss_uart.o  ./firmware/drivers/mss_sys_services/mss_comblk.o ./firmware/drivers/mss_sys_services/mss_sys_services.o  ./firmware/drivers/mss_spi/mss_spi.o  ./firmware/drivers/mss_nvm/mss_nvm.o  ./firmware/drivers/mss_i2c/mss_i2c.o  ./firmware/drivers/mss_hpdma/mss_hpdma.o  ./firmware/drivers/mss_gpio/mss_gpio.o  ./firmware/drivers/mss_ethernet_mac/m88e1340_phy.o ./firmware/drivers/mss_ethernet_mac/mss_ethernet_mac.o  ./firmware/drivers/CorePWM/core_pwm.o  ./firmware/CMSIS/startup_gcc/newlib_stubs.o ./firmware/CMSIS/startup_gcc/startup_m2sxxx.o  ./firmware/CMSIS/system_m2sxxx.o   
Finished building target: SF2_MKR_KIT_Connection_Test.elf
 
Invoking: GNU ARM Cross Create Flash Image
arm-none-eabi-objcopy -O ihex "SF2_MKR_KIT_Connection_Test.elf"  "SF2_MKR_KIT_Connection_Test.hex"
Finished building: SF2_MKR_KIT_Connection_Test.hex
 
Invoking: GNU ARM Cross Print Size
arm-none-eabi-size --format=berkeley "SF2_MKR_KIT_Connection_Test.elf"
   text	   data	    bss	    dec	    hex	filename
  13760	     32	  51744	  65536	  10000	SF2_MKR_KIT_Connection_Test.elf
Finished building: SF2_MKR_KIT_Connection_Test.siz
 
22:11:18 **** Incremental Build of configuration Debug for project SF2_MKR_KIT_Connection_Test ****
make all 
Building file: ../src/fab_Nokia5110.c
Invoking: GNU ARM Cross C Compiler
arm-none-eabi-gcc -mcpu=cortex-m3 -mthumb -O0 -fmessage-length=0 -fsigned-char -ffunction-sections -fdata-sections  -g3 -I"E:\Github_Repos\SF2_MKR_KIT_Connections\Softconsole\SF2_MKR_KIT_Connection_Test\firmware\hal\CortexM3\GNU" -I"E:\Github_Repos\SF2_MKR_KIT_Connections\Softconsole\SF2_MKR_KIT_Connection_Test\firmware\hal" -std=gnu11 --specs=cmsis.specs -MMD -MP -MF"src/fab_Nokia5110.d" -MT"src/fab_Nokia5110.o" -c -o "src/fab_Nokia5110.o" "../src/fab_Nokia5110.c"
Finished building: ../src/fab_Nokia5110.c
 
Building file: ../src/main.c
Invoking: GNU ARM Cross C Compiler
arm-none-eabi-gcc -mcpu=cortex-m3 -mthumb -O0 -fmessage-length=0 -fsigned-char -ffunction-sections -fdata-sections  -g3 -I"E:\Github_Repos\SF2_MKR_KIT_Connections\Softconsole\SF2_MKR_KIT_Connection_Test\firmware\hal\CortexM3\GNU" -I"E:\Github_Repos\SF2_MKR_KIT_Connections\Softconsole\SF2_MKR_KIT_Connection_Test\firmware\hal" -std=gnu11 --specs=cmsis.specs -MMD -MP -MF"src/main.d" -MT"src/main.o" -c -o "src/main.o" "../src/main.c"
Finished building: ../src/main.c
 
Building target: SF2_MKR_KIT_Connection_Test.elf
Invoking: GNU ARM Cross C Linker
arm-none-eabi-gcc -mcpu=cortex-m3 -mthumb -O0 -fmessage-length=0 -fsigned-char -ffunction-sections -fdata-sections  -g3 -T ../firmware/CMSIS/startup_gcc/debug-in-microsemi-smartfusion2-esram.ld -Xlinker --gc-sections -Wl,-Map,"SF2_MKR_KIT_Connection_Test.map" --specs=nano.specs -o "SF2_MKR_KIT_Connection_Test.elf"  ./src/fab_Nokia5110.o ./src/main.o ./src/pixel_arrays.o  ./firmware/hal/CortexM3/GNU/hal.o ./firmware/hal/CortexM3/GNU/hw_reg_access.o  ./firmware/hal/CortexM3/cortex_nvic.o  ./firmware/drivers_config/sys_config/sys_config.o  ./firmware/drivers/mss_uart/mss_uart.o  ./firmware/drivers/mss_sys_services/mss_comblk.o ./firmware/drivers/mss_sys_services/mss_sys_services.o  ./firmware/drivers/mss_spi/mss_spi.o  ./firmware/drivers/mss_nvm/mss_nvm.o  ./firmware/drivers/mss_i2c/mss_i2c.o  ./firmware/drivers/mss_hpdma/mss_hpdma.o  ./firmware/drivers/mss_gpio/mss_gpio.o  ./firmware/drivers/mss_ethernet_mac/m88e1340_phy.o ./firmware/drivers/mss_ethernet_mac/mss_ethernet_mac.o  ./firmware/drivers/CorePWM/core_pwm.o  ./firmware/CMSIS/startup_gcc/newlib_stubs.o ./firmware/CMSIS/startup_gcc/startup_m2sxxx.o  ./firmware/CMSIS/system_m2sxxx.o   
Finished building target: SF2_MKR_KIT_Connection_Test.elf
 
Invoking: GNU ARM Cross Create Flash Image
arm-none-eabi-objcopy -O ihex "SF2_MKR_KIT_Connection_Test.elf"  "SF2_MKR_KIT_Connection_Test.hex"
Finished building: SF2_MKR_KIT_Connection_Test.hex
 
Invoking: GNU ARM Cross Print Size
arm-none-eabi-size --format=berkeley "SF2_MKR_KIT_Connection_Test.elf"
   text	   data	    bss	    dec	    hex	filename
  13760	     32	  51744	  65536	  10000	SF2_MKR_KIT_Connection_Test.elf
Finished building: SF2_MKR_KIT_Connection_Test.siz
 
22:12:04 **** Incremental Build of configuration Debug for project SF2_MKR_KIT_Connection_Test ****
make all 
Building file: ../src/fab_Nokia5110.c
Invoking: GNU ARM Cross C Compiler
arm-none-eabi-gcc -mcpu=cortex-m3 -mthumb -O0 -fmessage-length=0 -fsigned-char -ffunction-sections -fdata-sections  -g3 -I"E:\Github_Repos\SF2_MKR_KIT_Connections\Softconsole\SF2_MKR_KIT_Connection_Test\firmware\hal\CortexM3\GNU" -I"E:\Github_Repos\SF2_MKR_KIT_Connections\Softconsole\SF2_MKR_KIT_Connection_Test\firmware\hal" -std=gnu11 --specs=cmsis.specs -MMD -MP -MF"src/fab_Nokia5110.d" -MT"src/fab_Nokia5110.o" -c -o "src/fab_Nokia5110.o" "../src/fab_Nokia5110.c"
Finished building: ../src/fab_Nokia5110.c
 
Building target: SF2_MKR_KIT_Connection_Test.elf
Invoking: GNU ARM Cross C Linker
arm-none-eabi-gcc -mcpu=cortex-m3 -mthumb -O0 -fmessage-length=0 -fsigned-char -ffunction-sections -fdata-sections  -g3 -T ../firmware/CMSIS/startup_gcc/debug-in-microsemi-smartfusion2-esram.ld -Xlinker --gc-sections -Wl,-Map,"SF2_MKR_KIT_Connection_Test.map" --specs=nano.specs -o "SF2_MKR_KIT_Connection_Test.elf"  ./src/fab_Nokia5110.o ./src/main.o ./src/pixel_arrays.o  ./firmware/hal/CortexM3/GNU/hal.o ./firmware/hal/CortexM3/GNU/hw_reg_access.o  ./firmware/hal/CortexM3/cortex_nvic.o  ./firmware/drivers_config/sys_config/sys_config.o  ./firmware/drivers/mss_uart/mss_uart.o  ./firmware/drivers/mss_sys_services/mss_comblk.o ./firmware/drivers/mss_sys_services/mss_sys_services.o  ./firmware/drivers/mss_spi/mss_spi.o  ./firmware/drivers/mss_nvm/mss_nvm.o  ./firmware/drivers/mss_i2c/mss_i2c.o  ./firmware/drivers/mss_hpdma/mss_hpdma.o  ./firmware/drivers/mss_gpio/mss_gpio.o  ./firmware/drivers/mss_ethernet_mac/m88e1340_phy.o ./firmware/drivers/mss_ethernet_mac/mss_ethernet_mac.o  ./firmware/drivers/CorePWM/core_pwm.o  ./firmware/CMSIS/startup_gcc/newlib_stubs.o ./firmware/CMSIS/startup_gcc/startup_m2sxxx.o  ./firmware/CMSIS/system_m2sxxx.o   
Finished building target: SF2_MKR_KIT_Connection_Test.elf
 
Invoking: GNU ARM Cross Create Flash Image
arm-none-eabi-objcopy -O ihex "SF2_MKR_KIT_Connection_Test.elf"  "SF2_MKR_KIT_Connection_Test.hex"
Finished building: SF2_MKR_KIT_Connection_Test.hex
 
Invoking: GNU ARM Cross Print Size
arm-none-eabi-size --format=berkeley "SF2_MKR_KIT_Connection_Test.elf"
   text	   data	    bss	    dec	    hex	filename
  13760	     32	  51744	  65536	  10000	SF2_MKR_KIT_Connection_Test.elf
Finished building: SF2_MKR_KIT_Connection_Test.siz
 
22:17:57 **** Incremental Build of configuration Debug for project SF2_MKR_KIT_Connection_Test ****
make all 
Building file: ../src/main.c
Invoking: GNU ARM Cross C Compiler
arm-none-eabi-gcc -mcpu=cortex-m3 -mthumb -O0 -fmessage-length=0 -fsigned-char -ffunction-sections -fdata-sections  -g3 -I"E:\Github_Repos\SF2_MKR_KIT_Connections\Softconsole\SF2_MKR_KIT_Connection_Test\firmware\hal\CortexM3\GNU" -I"E:\Github_Repos\SF2_MKR_KIT_Connections\Softconsole\SF2_MKR_KIT_Connection_Test\firmware\hal" -std=gnu11 --specs=cmsis.specs -MMD -MP -MF"src/main.d" -MT"src/main.o" -c -o "src/main.o" "../src/main.c"
Finished building: ../src/main.c
 
Building target: SF2_MKR_KIT_Connection_Test.elf
Invoking: GNU ARM Cross C Linker
arm-none-eabi-gcc -mcpu=cortex-m3 -mthumb -O0 -fmessage-length=0 -fsigned-char -ffunction-sections -fdata-sections  -g3 -T ../firmware/CMSIS/startup_gcc/debug-in-microsemi-smartfusion2-esram.ld -Xlinker --gc-sections -Wl,-Map,"SF2_MKR_KIT_Connection_Test.map" --specs=nano.specs -o "SF2_MKR_KIT_Connection_Test.elf"  ./src/fab_Nokia5110.o ./src/main.o ./src/pixel_arrays.o  ./firmware/hal/CortexM3/GNU/hal.o ./firmware/hal/CortexM3/GNU/hw_reg_access.o  ./firmware/hal/CortexM3/cortex_nvic.o  ./firmware/drivers_config/sys_config/sys_config.o  ./firmware/drivers/mss_uart/mss_uart.o  ./firmware/drivers/mss_sys_services/mss_comblk.o ./firmware/drivers/mss_sys_services/mss_sys_services.o  ./firmware/drivers/mss_spi/mss_spi.o  ./firmware/drivers/mss_nvm/mss_nvm.o  ./firmware/drivers/mss_i2c/mss_i2c.o  ./firmware/drivers/mss_hpdma/mss_hpdma.o  ./firmware/drivers/mss_gpio/mss_gpio.o  ./firmware/drivers/mss_ethernet_mac/m88e1340_phy.o ./firmware/drivers/mss_ethernet_mac/mss_ethernet_mac.o  ./firmware/drivers/CorePWM/core_pwm.o  ./firmware/CMSIS/startup_gcc/newlib_stubs.o ./firmware/CMSIS/startup_gcc/startup_m2sxxx.o  ./firmware/CMSIS/system_m2sxxx.o   
Finished building target: SF2_MKR_KIT_Connection_Test.elf
 
Invoking: GNU ARM Cross Create Flash Image
arm-none-eabi-objcopy -O ihex "SF2_MKR_KIT_Connection_Test.elf"  "SF2_MKR_KIT_Connection_Test.hex"
Finished building: SF2_MKR_KIT_Connection_Test.hex
 
Invoking: GNU ARM Cross Print Size
arm-none-eabi-size --format=berkeley "SF2_MKR_KIT_Connection_Test.elf"
   text	   data	    bss	    dec	    hex	filename
  13760	     32	  51744	  65536	  10000	SF2_MKR_KIT_Connection_Test.elf
Finished building: SF2_MKR_KIT_Connection_Test.siz
 
22:22:54 **** Incremental Build of configuration Debug for project SF2_MKR_KIT_Connection_Test ****
make all 
Building file: ../src/fab_Nokia5110.c
Invoking: GNU ARM Cross C Compiler
arm-none-eabi-gcc -mcpu=cortex-m3 -mthumb -O0 -fmessage-length=0 -fsigned-char -ffunction-sections -fdata-sections  -g3 -I"E:\Github_Repos\SF2_MKR_KIT_Connections\Softconsole\SF2_MKR_KIT_Connection_Test\firmware\hal\CortexM3\GNU" -I"E:\Github_Repos\SF2_MKR_KIT_Connections\Softconsole\SF2_MKR_KIT_Connection_Test\firmware\hal" -std=gnu11 --specs=cmsis.specs -MMD -MP -MF"src/fab_Nokia5110.d" -MT"src/fab_Nokia5110.o" -c -o "src/fab_Nokia5110.o" "../src/fab_Nokia5110.c"
Finished building: ../src/fab_Nokia5110.c
 
Building file: ../src/main.c
Invoking: GNU ARM Cross C Compiler
arm-none-eabi-gcc -mcpu=cortex-m3 -mthumb -O0 -fmessage-length=0 -fsigned-char -ffunction-sections -fdata-sections  -g3 -I"E:\Github_Repos\SF2_MKR_KIT_Connections\Softconsole\SF2_MKR_KIT_Connection_Test\firmware\hal\CortexM3\GNU" -I"E:\Github_Repos\SF2_MKR_KIT_Connections\Softconsole\SF2_MKR_KIT_Connection_Test\firmware\hal" -std=gnu11 --specs=cmsis.specs -MMD -MP -MF"src/main.d" -MT"src/main.o" -c -o "src/main.o" "../src/main.c"
Finished building: ../src/main.c
 
Building target: SF2_MKR_KIT_Connection_Test.elf
Invoking: GNU ARM Cross C Linker
arm-none-eabi-gcc -mcpu=cortex-m3 -mthumb -O0 -fmessage-length=0 -fsigned-char -ffunction-sections -fdata-sections  -g3 -T ../firmware/CMSIS/startup_gcc/debug-in-microsemi-smartfusion2-esram.ld -Xlinker --gc-sections -Wl,-Map,"SF2_MKR_KIT_Connection_Test.map" --specs=nano.specs -o "SF2_MKR_KIT_Connection_Test.elf"  ./src/fab_Nokia5110.o ./src/main.o ./src/pixel_arrays.o  ./firmware/hal/CortexM3/GNU/hal.o ./firmware/hal/CortexM3/GNU/hw_reg_access.o  ./firmware/hal/CortexM3/cortex_nvic.o  ./firmware/drivers_config/sys_config/sys_config.o  ./firmware/drivers/mss_uart/mss_uart.o  ./firmware/drivers/mss_sys_services/mss_comblk.o ./firmware/drivers/mss_sys_services/mss_sys_services.o  ./firmware/drivers/mss_spi/mss_spi.o  ./firmware/drivers/mss_nvm/mss_nvm.o  ./firmware/drivers/mss_i2c/mss_i2c.o  ./firmware/drivers/mss_hpdma/mss_hpdma.o  ./firmware/drivers/mss_gpio/mss_gpio.o  ./firmware/drivers/mss_ethernet_mac/m88e1340_phy.o ./firmware/drivers/mss_ethernet_mac/mss_ethernet_mac.o  ./firmware/drivers/CorePWM/core_pwm.o  ./firmware/CMSIS/startup_gcc/newlib_stubs.o ./firmware/CMSIS/startup_gcc/startup_m2sxxx.o  ./firmware/CMSIS/system_m2sxxx.o   
Finished building target: SF2_MKR_KIT_Connection_Test.elf
 
Invoking: GNU ARM Cross Create Flash Image
arm-none-eabi-objcopy -O ihex "SF2_MKR_KIT_Connection_Test.elf"  "SF2_MKR_KIT_Connection_Test.hex"
Finished building: SF2_MKR_KIT_Connection_Test.hex
 
Invoking: GNU ARM Cross Print Size
arm-none-eabi-size --format=berkeley "SF2_MKR_KIT_Connection_Test.elf"
   text	   data	    bss	    dec	    hex	filename
  14016	     32	  51488	  65536	  10000	SF2_MKR_KIT_Connection_Test.elf
Finished building: SF2_MKR_KIT_Connection_Test.siz
 
22:43:27 **** Incremental Build of configuration Debug for project SF2_MKR_KIT_Connection_Test ****
make all 
Building file: ../src/fab_Nokia5110.c
Invoking: GNU ARM Cross C Compiler
arm-none-eabi-gcc -mcpu=cortex-m3 -mthumb -O0 -fmessage-length=0 -fsigned-char -ffunction-sections -fdata-sections  -g3 -I"E:\Github_Repos\SF2_MKR_KIT_Connections\Softconsole\SF2_MKR_KIT_Connection_Test\firmware\hal\CortexM3\GNU" -I"E:\Github_Repos\SF2_MKR_KIT_Connections\Softconsole\SF2_MKR_KIT_Connection_Test\firmware\hal" -std=gnu11 --specs=cmsis.specs -MMD -MP -MF"src/fab_Nokia5110.d" -MT"src/fab_Nokia5110.o" -c -o "src/fab_Nokia5110.o" "../src/fab_Nokia5110.c"
Finished building: ../src/fab_Nokia5110.c
 
Building file: ../src/main.c
Invoking: GNU ARM Cross C Compiler
arm-none-eabi-gcc -mcpu=cortex-m3 -mthumb -O0 -fmessage-length=0 -fsigned-char -ffunction-sections -fdata-sections  -g3 -I"E:\Github_Repos\SF2_MKR_KIT_Connections\Softconsole\SF2_MKR_KIT_Connection_Test\firmware\hal\CortexM3\GNU" -I"E:\Github_Repos\SF2_MKR_KIT_Connections\Softconsole\SF2_MKR_KIT_Connection_Test\firmware\hal" -std=gnu11 --specs=cmsis.specs -MMD -MP -MF"src/main.d" -MT"src/main.o" -c -o "src/main.o" "../src/main.c"
Finished building: ../src/main.c
 
Building target: SF2_MKR_KIT_Connection_Test.elf
Invoking: GNU ARM Cross C Linker
arm-none-eabi-gcc -mcpu=cortex-m3 -mthumb -O0 -fmessage-length=0 -fsigned-char -ffunction-sections -fdata-sections  -g3 -T ../firmware/CMSIS/startup_gcc/debug-in-microsemi-smartfusion2-esram.ld -Xlinker --gc-sections -Wl,-Map,"SF2_MKR_KIT_Connection_Test.map" --specs=nano.specs -o "SF2_MKR_KIT_Connection_Test.elf"  ./src/fab_Nokia5110.o ./src/main.o ./src/pixel_arrays.o  ./firmware/hal/CortexM3/GNU/hal.o ./firmware/hal/CortexM3/GNU/hw_reg_access.o  ./firmware/hal/CortexM3/cortex_nvic.o  ./firmware/drivers_config/sys_config/sys_config.o  ./firmware/drivers/mss_uart/mss_uart.o  ./firmware/drivers/mss_sys_services/mss_comblk.o ./firmware/drivers/mss_sys_services/mss_sys_services.o  ./firmware/drivers/mss_spi/mss_spi.o  ./firmware/drivers/mss_nvm/mss_nvm.o  ./firmware/drivers/mss_i2c/mss_i2c.o  ./firmware/drivers/mss_hpdma/mss_hpdma.o  ./firmware/drivers/mss_gpio/mss_gpio.o  ./firmware/drivers/mss_ethernet_mac/m88e1340_phy.o ./firmware/drivers/mss_ethernet_mac/mss_ethernet_mac.o  ./firmware/drivers/CorePWM/core_pwm.o  ./firmware/CMSIS/startup_gcc/newlib_stubs.o ./firmware/CMSIS/startup_gcc/startup_m2sxxx.o  ./firmware/CMSIS/system_m2sxxx.o   
Finished building target: SF2_MKR_KIT_Connection_Test.elf
 
Invoking: GNU ARM Cross Create Flash Image
arm-none-eabi-objcopy -O ihex "SF2_MKR_KIT_Connection_Test.elf"  "SF2_MKR_KIT_Connection_Test.hex"
Finished building: SF2_MKR_KIT_Connection_Test.hex
 
Invoking: GNU ARM Cross Print Size
arm-none-eabi-size --format=berkeley "SF2_MKR_KIT_Connection_Test.elf"
   text	   data	    bss	    dec	    hex	filename
  14112	     32	  51392	  65536	  10000	SF2_MKR_KIT_Connection_Test.elf
Finished building: SF2_MKR_KIT_Connection_Test.siz
 
22:43:54 **** Incremental Build of configuration Debug for project SF2_MKR_KIT_Connection_Test ****
make all 
Building file: ../src/main.c
Invoking: GNU ARM Cross C Compiler
arm-none-eabi-gcc -mcpu=cortex-m3 -mthumb -O0 -fmessage-length=0 -fsigned-char -ffunction-sections -fdata-sections  -g3 -I"E:\Github_Repos\SF2_MKR_KIT_Connections\Softconsole\SF2_MKR_KIT_Connection_Test\firmware\hal\CortexM3\GNU" -I"E:\Github_Repos\SF2_MKR_KIT_Connections\Softconsole\SF2_MKR_KIT_Connection_Test\firmware\hal" -std=gnu11 --specs=cmsis.specs -MMD -MP -MF"src/main.d" -MT"src/main.o" -c -o "src/main.o" "../src/main.c"
Finished building: ../src/main.c
 
Building target: SF2_MKR_KIT_Connection_Test.elf
Invoking: GNU ARM Cross C Linker
arm-none-eabi-gcc -mcpu=cortex-m3 -mthumb -O0 -fmessage-length=0 -fsigned-char -ffunction-sections -fdata-sections  -g3 -T ../firmware/CMSIS/startup_gcc/debug-in-microsemi-smartfusion2-esram.ld -Xlinker --gc-sections -Wl,-Map,"SF2_MKR_KIT_Connection_Test.map" --specs=nano.specs -o "SF2_MKR_KIT_Connection_Test.elf"  ./src/fab_Nokia5110.o ./src/main.o ./src/pixel_arrays.o  ./firmware/hal/CortexM3/GNU/hal.o ./firmware/hal/CortexM3/GNU/hw_reg_access.o  ./firmware/hal/CortexM3/cortex_nvic.o  ./firmware/drivers_config/sys_config/sys_config.o  ./firmware/drivers/mss_uart/mss_uart.o  ./firmware/drivers/mss_sys_services/mss_comblk.o ./firmware/drivers/mss_sys_services/mss_sys_services.o  ./firmware/drivers/mss_spi/mss_spi.o  ./firmware/drivers/mss_nvm/mss_nvm.o  ./firmware/drivers/mss_i2c/mss_i2c.o  ./firmware/drivers/mss_hpdma/mss_hpdma.o  ./firmware/drivers/mss_gpio/mss_gpio.o  ./firmware/drivers/mss_ethernet_mac/m88e1340_phy.o ./firmware/drivers/mss_ethernet_mac/mss_ethernet_mac.o  ./firmware/drivers/CorePWM/core_pwm.o  ./firmware/CMSIS/startup_gcc/newlib_stubs.o ./firmware/CMSIS/startup_gcc/startup_m2sxxx.o  ./firmware/CMSIS/system_m2sxxx.o   
Finished building target: SF2_MKR_KIT_Connection_Test.elf
 
Invoking: GNU ARM Cross Create Flash Image
arm-none-eabi-objcopy -O ihex "SF2_MKR_KIT_Connection_Test.elf"  "SF2_MKR_KIT_Connection_Test.hex"
Finished building: SF2_MKR_KIT_Connection_Test.hex
 
Invoking: GNU ARM Cross Print Size
arm-none-eabi-size --format=berkeley "SF2_MKR_KIT_Connection_Test.elf"
   text	   data	    bss	    dec	    hex	filename
  14032	     32	  51472	  65536	  10000	SF2_MKR_KIT_Connection_Test.elf
Finished building: SF2_MKR_KIT_Connection_Test.siz
 
23:10:22 **** Incremental Build of configuration Debug for project SF2_MKR_KIT_Connection_Test ****
make all 
Building file: ../src/main.c
Invoking: GNU ARM Cross C Compiler
arm-none-eabi-gcc -mcpu=cortex-m3 -mthumb -O0 -fmessage-length=0 -fsigned-char -ffunction-sections -fdata-sections  -g3 -I"E:\Github_Repos\SF2_MKR_KIT_Connections\Softconsole\SF2_MKR_KIT_Connection_Test\firmware\hal\CortexM3\GNU" -I"E:\Github_Repos\SF2_MKR_KIT_Connections\Softconsole\SF2_MKR_KIT_Connection_Test\firmware\hal" -std=gnu11 --specs=cmsis.specs -MMD -MP -MF"src/main.d" -MT"src/main.o" -c -o "src/main.o" "../src/main.c"
../src/main.c: In function 'fab_nokia_test':
../src/main.c:150:34: warning: unsigned conversion from 'int' to 'unsigned char' changes value from '185667857' to '17' [-Woverflow]
  uint8_t small_letter_alpha[] = {0xb111111, 0xb111111, 0xb111111, 0xb111111, 0xb111111};
                                  ^~~~~~~~~
../src/main.c:150:45: warning: unsigned conversion from 'int' to 'unsigned char' changes value from '185667857' to '17' [-Woverflow]
  uint8_t small_letter_alpha[] = {0xb111111, 0xb111111, 0xb111111, 0xb111111, 0xb111111};
                                             ^~~~~~~~~
../src/main.c:150:56: warning: unsigned conversion from 'int' to 'unsigned char' changes value from '185667857' to '17' [-Woverflow]
  uint8_t small_letter_alpha[] = {0xb111111, 0xb111111, 0xb111111, 0xb111111, 0xb111111};
                                                        ^~~~~~~~~
../src/main.c:150:67: warning: unsigned conversion from 'int' to 'unsigned char' changes value from '185667857' to '17' [-Woverflow]
  uint8_t small_letter_alpha[] = {0xb111111, 0xb111111, 0xb111111, 0xb111111, 0xb111111};
                                                                   ^~~~~~~~~
../src/main.c:150:78: warning: unsigned conversion from 'int' to 'unsigned char' changes value from '185667857' to '17' [-Woverflow]
  uint8_t small_letter_alpha[] = {0xb111111, 0xb111111, 0xb111111, 0xb111111, 0xb111111};
                                                                              ^~~~~~~~~
Finished building: ../src/main.c
 
Building target: SF2_MKR_KIT_Connection_Test.elf
Invoking: GNU ARM Cross C Linker
arm-none-eabi-gcc -mcpu=cortex-m3 -mthumb -O0 -fmessage-length=0 -fsigned-char -ffunction-sections -fdata-sections  -g3 -T ../firmware/CMSIS/startup_gcc/debug-in-microsemi-smartfusion2-esram.ld -Xlinker --gc-sections -Wl,-Map,"SF2_MKR_KIT_Connection_Test.map" --specs=nano.specs -o "SF2_MKR_KIT_Connection_Test.elf"  ./src/fab_Nokia5110.o ./src/main.o ./src/pixel_arrays.o  ./firmware/hal/CortexM3/GNU/hal.o ./firmware/hal/CortexM3/GNU/hw_reg_access.o  ./firmware/hal/CortexM3/cortex_nvic.o  ./firmware/drivers_config/sys_config/sys_config.o  ./firmware/drivers/mss_uart/mss_uart.o  ./firmware/drivers/mss_sys_services/mss_comblk.o ./firmware/drivers/mss_sys_services/mss_sys_services.o  ./firmware/drivers/mss_spi/mss_spi.o  ./firmware/drivers/mss_nvm/mss_nvm.o  ./firmware/drivers/mss_i2c/mss_i2c.o  ./firmware/drivers/mss_hpdma/mss_hpdma.o  ./firmware/drivers/mss_gpio/mss_gpio.o  ./firmware/drivers/mss_ethernet_mac/m88e1340_phy.o ./firmware/drivers/mss_ethernet_mac/mss_ethernet_mac.o  ./firmware/drivers/CorePWM/core_pwm.o  ./firmware/CMSIS/startup_gcc/newlib_stubs.o ./firmware/CMSIS/startup_gcc/startup_m2sxxx.o  ./firmware/CMSIS/system_m2sxxx.o   
Finished building target: SF2_MKR_KIT_Connection_Test.elf
 
Invoking: GNU ARM Cross Create Flash Image
arm-none-eabi-objcopy -O ihex "SF2_MKR_KIT_Connection_Test.elf"  "SF2_MKR_KIT_Connection_Test.hex"
Finished building: SF2_MKR_KIT_Connection_Test.hex
 
Invoking: GNU ARM Cross Print Size
arm-none-eabi-size --format=berkeley "SF2_MKR_KIT_Connection_Test.elf"
   text	   data	    bss	    dec	    hex	filename
  14112	     32	  51392	  65536	  10000	SF2_MKR_KIT_Connection_Test.elf
Finished building: SF2_MKR_KIT_Connection_Test.siz
 
23:10:53 **** Incremental Build of configuration Debug for project SF2_MKR_KIT_Connection_Test ****
make all 
Building file: ../src/main.c
Invoking: GNU ARM Cross C Compiler
arm-none-eabi-gcc -mcpu=cortex-m3 -mthumb -O0 -fmessage-length=0 -fsigned-char -ffunction-sections -fdata-sections  -g3 -I"E:\Github_Repos\SF2_MKR_KIT_Connections\Softconsole\SF2_MKR_KIT_Connection_Test\firmware\hal\CortexM3\GNU" -I"E:\Github_Repos\SF2_MKR_KIT_Connections\Softconsole\SF2_MKR_KIT_Connection_Test\firmware\hal" -std=gnu11 --specs=cmsis.specs -MMD -MP -MF"src/main.d" -MT"src/main.o" -c -o "src/main.o" "../src/main.c"
Finished building: ../src/main.c
 
Building target: SF2_MKR_KIT_Connection_Test.elf
Invoking: GNU ARM Cross C Linker
arm-none-eabi-gcc -mcpu=cortex-m3 -mthumb -O0 -fmessage-length=0 -fsigned-char -ffunction-sections -fdata-sections  -g3 -T ../firmware/CMSIS/startup_gcc/debug-in-microsemi-smartfusion2-esram.ld -Xlinker --gc-sections -Wl,-Map,"SF2_MKR_KIT_Connection_Test.map" --specs=nano.specs -o "SF2_MKR_KIT_Connection_Test.elf"  ./src/fab_Nokia5110.o ./src/main.o ./src/pixel_arrays.o  ./firmware/hal/CortexM3/GNU/hal.o ./firmware/hal/CortexM3/GNU/hw_reg_access.o  ./firmware/hal/CortexM3/cortex_nvic.o  ./firmware/drivers_config/sys_config/sys_config.o  ./firmware/drivers/mss_uart/mss_uart.o  ./firmware/drivers/mss_sys_services/mss_comblk.o ./firmware/drivers/mss_sys_services/mss_sys_services.o  ./firmware/drivers/mss_spi/mss_spi.o  ./firmware/drivers/mss_nvm/mss_nvm.o  ./firmware/drivers/mss_i2c/mss_i2c.o  ./firmware/drivers/mss_hpdma/mss_hpdma.o  ./firmware/drivers/mss_gpio/mss_gpio.o  ./firmware/drivers/mss_ethernet_mac/m88e1340_phy.o ./firmware/drivers/mss_ethernet_mac/mss_ethernet_mac.o  ./firmware/drivers/CorePWM/core_pwm.o  ./firmware/CMSIS/startup_gcc/newlib_stubs.o ./firmware/CMSIS/startup_gcc/startup_m2sxxx.o  ./firmware/CMSIS/system_m2sxxx.o   
Finished building target: SF2_MKR_KIT_Connection_Test.elf
 
Invoking: GNU ARM Cross Create Flash Image
arm-none-eabi-objcopy -O ihex "SF2_MKR_KIT_Connection_Test.elf"  "SF2_MKR_KIT_Connection_Test.hex"
Finished building: SF2_MKR_KIT_Connection_Test.hex
 
Invoking: GNU ARM Cross Print Size
arm-none-eabi-size --format=berkeley "SF2_MKR_KIT_Connection_Test.elf"
   text	   data	    bss	    dec	    hex	filename
  14112	     32	  51392	  65536	  10000	SF2_MKR_KIT_Connection_Test.elf
Finished building: SF2_MKR_KIT_Connection_Test.siz
 
23:14:06 **** Incremental Build of configuration Debug for project SF2_MKR_KIT_Connection_Test ****
make all 
Building file: ../src/main.c
Invoking: GNU ARM Cross C Compiler
arm-none-eabi-gcc -mcpu=cortex-m3 -mthumb -O0 -fmessage-length=0 -fsigned-char -ffunction-sections -fdata-sections  -g3 -I"E:\Github_Repos\SF2_MKR_KIT_Connections\Softconsole\SF2_MKR_KIT_Connection_Test\firmware\hal\CortexM3\GNU" -I"E:\Github_Repos\SF2_MKR_KIT_Connections\Softconsole\SF2_MKR_KIT_Connection_Test\firmware\hal" -std=gnu11 --specs=cmsis.specs -MMD -MP -MF"src/main.d" -MT"src/main.o" -c -o "src/main.o" "../src/main.c"
Finished building: ../src/main.c
 
Building target: SF2_MKR_KIT_Connection_Test.elf
Invoking: GNU ARM Cross C Linker
arm-none-eabi-gcc -mcpu=cortex-m3 -mthumb -O0 -fmessage-length=0 -fsigned-char -ffunction-sections -fdata-sections  -g3 -T ../firmware/CMSIS/startup_gcc/debug-in-microsemi-smartfusion2-esram.ld -Xlinker --gc-sections -Wl,-Map,"SF2_MKR_KIT_Connection_Test.map" --specs=nano.specs -o "SF2_MKR_KIT_Connection_Test.elf"  ./src/fab_Nokia5110.o ./src/main.o ./src/pixel_arrays.o  ./firmware/hal/CortexM3/GNU/hal.o ./firmware/hal/CortexM3/GNU/hw_reg_access.o  ./firmware/hal/CortexM3/cortex_nvic.o  ./firmware/drivers_config/sys_config/sys_config.o  ./firmware/drivers/mss_uart/mss_uart.o  ./firmware/drivers/mss_sys_services/mss_comblk.o ./firmware/drivers/mss_sys_services/mss_sys_services.o  ./firmware/drivers/mss_spi/mss_spi.o  ./firmware/drivers/mss_nvm/mss_nvm.o  ./firmware/drivers/mss_i2c/mss_i2c.o  ./firmware/drivers/mss_hpdma/mss_hpdma.o  ./firmware/drivers/mss_gpio/mss_gpio.o  ./firmware/drivers/mss_ethernet_mac/m88e1340_phy.o ./firmware/drivers/mss_ethernet_mac/mss_ethernet_mac.o  ./firmware/drivers/CorePWM/core_pwm.o  ./firmware/CMSIS/startup_gcc/newlib_stubs.o ./firmware/CMSIS/startup_gcc/startup_m2sxxx.o  ./firmware/CMSIS/system_m2sxxx.o   
Finished building target: SF2_MKR_KIT_Connection_Test.elf
 
Invoking: GNU ARM Cross Create Flash Image
arm-none-eabi-objcopy -O ihex "SF2_MKR_KIT_Connection_Test.elf"  "SF2_MKR_KIT_Connection_Test.hex"
Finished building: SF2_MKR_KIT_Connection_Test.hex
 
Invoking: GNU ARM Cross Print Size
arm-none-eabi-size --format=berkeley "SF2_MKR_KIT_Connection_Test.elf"
   text	   data	    bss	    dec	    hex	filename
  14144	     32	  51360	  65536	  10000	SF2_MKR_KIT_Connection_Test.elf
Finished building: SF2_MKR_KIT_Connection_Test.siz
 
00:01:41 **** Incremental Build of configuration Debug for project SF2_MKR_KIT_Connection_Test ****
make all 
Building file: ../src/main.c
Invoking: GNU ARM Cross C Compiler
arm-none-eabi-gcc -mcpu=cortex-m3 -mthumb -O0 -fmessage-length=0 -fsigned-char -ffunction-sections -fdata-sections  -g3 -I"E:\Github_Repos\SF2_MKR_KIT_Connections\Softconsole\SF2_MKR_KIT_Connection_Test\firmware\hal\CortexM3\GNU" -I"E:\Github_Repos\SF2_MKR_KIT_Connections\Softconsole\SF2_MKR_KIT_Connection_Test\firmware\hal" -std=gnu11 --specs=cmsis.specs -MMD -MP -MF"src/main.d" -MT"src/main.o" -c -o "src/main.o" "../src/main.c"
../src/main.c: In function 'fab_nokia_test':
../src/main.c:271:2: error: expected ';' before 'int'
  int x_3x7 = 1, y_3x7 = 4;
  ^~~
../src/main.c:276:4: error: 'x_3x7' undeclared (first use in this function)
    x_3x7, y_3x7,
    ^~~~~
../src/main.c:276:4: note: each undeclared identifier is reported only once for each function it appears in
../src/main.c:276:11: error: 'y_3x7' undeclared (first use in this function)
    x_3x7, y_3x7,
           ^~~~~
make: *** [src/subdir.mk:26: src/main.o] Error 1
"make all" terminated with exit code 2. Build might be incomplete.
00:01:53 **** Incremental Build of configuration Debug for project SF2_MKR_KIT_Connection_Test ****
make all 
Building file: ../src/main.c
Invoking: GNU ARM Cross C Compiler
arm-none-eabi-gcc -mcpu=cortex-m3 -mthumb -O0 -fmessage-length=0 -fsigned-char -ffunction-sections -fdata-sections  -g3 -I"E:\Github_Repos\SF2_MKR_KIT_Connections\Softconsole\SF2_MKR_KIT_Connection_Test\firmware\hal\CortexM3\GNU" -I"E:\Github_Repos\SF2_MKR_KIT_Connections\Softconsole\SF2_MKR_KIT_Connection_Test\firmware\hal" -std=gnu11 --specs=cmsis.specs -MMD -MP -MF"src/main.d" -MT"src/main.o" -c -o "src/main.o" "../src/main.c"
Finished building: ../src/main.c
 
Building target: SF2_MKR_KIT_Connection_Test.elf
Invoking: GNU ARM Cross C Linker
arm-none-eabi-gcc -mcpu=cortex-m3 -mthumb -O0 -fmessage-length=0 -fsigned-char -ffunction-sections -fdata-sections  -g3 -T ../firmware/CMSIS/startup_gcc/debug-in-microsemi-smartfusion2-esram.ld -Xlinker --gc-sections -Wl,-Map,"SF2_MKR_KIT_Connection_Test.map" --specs=nano.specs -o "SF2_MKR_KIT_Connection_Test.elf"  ./src/fab_Nokia5110.o ./src/main.o ./src/pixel_arrays.o  ./firmware/hal/CortexM3/GNU/hal.o ./firmware/hal/CortexM3/GNU/hw_reg_access.o  ./firmware/hal/CortexM3/cortex_nvic.o  ./firmware/drivers_config/sys_config/sys_config.o  ./firmware/drivers/mss_uart/mss_uart.o  ./firmware/drivers/mss_sys_services/mss_comblk.o ./firmware/drivers/mss_sys_services/mss_sys_services.o  ./firmware/drivers/mss_spi/mss_spi.o  ./firmware/drivers/mss_nvm/mss_nvm.o  ./firmware/drivers/mss_i2c/mss_i2c.o  ./firmware/drivers/mss_hpdma/mss_hpdma.o  ./firmware/drivers/mss_gpio/mss_gpio.o  ./firmware/drivers/mss_ethernet_mac/m88e1340_phy.o ./firmware/drivers/mss_ethernet_mac/mss_ethernet_mac.o  ./firmware/drivers/CorePWM/core_pwm.o  ./firmware/CMSIS/startup_gcc/newlib_stubs.o ./firmware/CMSIS/startup_gcc/startup_m2sxxx.o  ./firmware/CMSIS/system_m2sxxx.o   
Finished building target: SF2_MKR_KIT_Connection_Test.elf
 
Invoking: GNU ARM Cross Create Flash Image
arm-none-eabi-objcopy -O ihex "SF2_MKR_KIT_Connection_Test.elf"  "SF2_MKR_KIT_Connection_Test.hex"
Finished building: SF2_MKR_KIT_Connection_Test.hex
 
Invoking: GNU ARM Cross Print Size
arm-none-eabi-size --format=berkeley "SF2_MKR_KIT_Connection_Test.elf"
   text	   data	    bss	    dec	    hex	filename
  14240	    320	  50976	  65536	  10000	SF2_MKR_KIT_Connection_Test.elf
Finished building: SF2_MKR_KIT_Connection_Test.siz
 
00:02:31 **** Incremental Build of configuration Debug for project SF2_MKR_KIT_Connection_Test ****
make all 
Building file: ../src/main.c
Invoking: GNU ARM Cross C Compiler
arm-none-eabi-gcc -mcpu=cortex-m3 -mthumb -O0 -fmessage-length=0 -fsigned-char -ffunction-sections -fdata-sections  -g3 -I"E:\Github_Repos\SF2_MKR_KIT_Connections\Softconsole\SF2_MKR_KIT_Connection_Test\firmware\hal\CortexM3\GNU" -I"E:\Github_Repos\SF2_MKR_KIT_Connections\Softconsole\SF2_MKR_KIT_Connection_Test\firmware\hal" -std=gnu11 --specs=cmsis.specs -MMD -MP -MF"src/main.d" -MT"src/main.o" -c -o "src/main.o" "../src/main.c"
Finished building: ../src/main.c
 
Building target: SF2_MKR_KIT_Connection_Test.elf
Invoking: GNU ARM Cross C Linker
arm-none-eabi-gcc -mcpu=cortex-m3 -mthumb -O0 -fmessage-length=0 -fsigned-char -ffunction-sections -fdata-sections  -g3 -T ../firmware/CMSIS/startup_gcc/debug-in-microsemi-smartfusion2-esram.ld -Xlinker --gc-sections -Wl,-Map,"SF2_MKR_KIT_Connection_Test.map" --specs=nano.specs -o "SF2_MKR_KIT_Connection_Test.elf"  ./src/fab_Nokia5110.o ./src/main.o ./src/pixel_arrays.o  ./firmware/hal/CortexM3/GNU/hal.o ./firmware/hal/CortexM3/GNU/hw_reg_access.o  ./firmware/hal/CortexM3/cortex_nvic.o  ./firmware/drivers_config/sys_config/sys_config.o  ./firmware/drivers/mss_uart/mss_uart.o  ./firmware/drivers/mss_sys_services/mss_comblk.o ./firmware/drivers/mss_sys_services/mss_sys_services.o  ./firmware/drivers/mss_spi/mss_spi.o  ./firmware/drivers/mss_nvm/mss_nvm.o  ./firmware/drivers/mss_i2c/mss_i2c.o  ./firmware/drivers/mss_hpdma/mss_hpdma.o  ./firmware/drivers/mss_gpio/mss_gpio.o  ./firmware/drivers/mss_ethernet_mac/m88e1340_phy.o ./firmware/drivers/mss_ethernet_mac/mss_ethernet_mac.o  ./firmware/drivers/CorePWM/core_pwm.o  ./firmware/CMSIS/startup_gcc/newlib_stubs.o ./firmware/CMSIS/startup_gcc/startup_m2sxxx.o  ./firmware/CMSIS/system_m2sxxx.o   
Finished building target: SF2_MKR_KIT_Connection_Test.elf
 
Invoking: GNU ARM Cross Create Flash Image
arm-none-eabi-objcopy -O ihex "SF2_MKR_KIT_Connection_Test.elf"  "SF2_MKR_KIT_Connection_Test.hex"
Finished building: SF2_MKR_KIT_Connection_Test.hex
 
Invoking: GNU ARM Cross Print Size
arm-none-eabi-size --format=berkeley "SF2_MKR_KIT_Connection_Test.elf"
   text	   data	    bss	    dec	    hex	filename
  14240	    320	  50976	  65536	  10000	SF2_MKR_KIT_Connection_Test.elf
Finished building: SF2_MKR_KIT_Connection_Test.siz
 
00:03:01 **** Incremental Build of configuration Debug for project SF2_MKR_KIT_Connection_Test ****
make all 
Building file: ../src/main.c
Invoking: GNU ARM Cross C Compiler
arm-none-eabi-gcc -mcpu=cortex-m3 -mthumb -O0 -fmessage-length=0 -fsigned-char -ffunction-sections -fdata-sections  -g3 -I"E:\Github_Repos\SF2_MKR_KIT_Connections\Softconsole\SF2_MKR_KIT_Connection_Test\firmware\hal\CortexM3\GNU" -I"E:\Github_Repos\SF2_MKR_KIT_Connections\Softconsole\SF2_MKR_KIT_Connection_Test\firmware\hal" -std=gnu11 --specs=cmsis.specs -MMD -MP -MF"src/main.d" -MT"src/main.o" -c -o "src/main.o" "../src/main.c"
Finished building: ../src/main.c
 
Building target: SF2_MKR_KIT_Connection_Test.elf
Invoking: GNU ARM Cross C Linker
arm-none-eabi-gcc -mcpu=cortex-m3 -mthumb -O0 -fmessage-length=0 -fsigned-char -ffunction-sections -fdata-sections  -g3 -T ../firmware/CMSIS/startup_gcc/debug-in-microsemi-smartfusion2-esram.ld -Xlinker --gc-sections -Wl,-Map,"SF2_MKR_KIT_Connection_Test.map" --specs=nano.specs -o "SF2_MKR_KIT_Connection_Test.elf"  ./src/fab_Nokia5110.o ./src/main.o ./src/pixel_arrays.o  ./firmware/hal/CortexM3/GNU/hal.o ./firmware/hal/CortexM3/GNU/hw_reg_access.o  ./firmware/hal/CortexM3/cortex_nvic.o  ./firmware/drivers_config/sys_config/sys_config.o  ./firmware/drivers/mss_uart/mss_uart.o  ./firmware/drivers/mss_sys_services/mss_comblk.o ./firmware/drivers/mss_sys_services/mss_sys_services.o  ./firmware/drivers/mss_spi/mss_spi.o  ./firmware/drivers/mss_nvm/mss_nvm.o  ./firmware/drivers/mss_i2c/mss_i2c.o  ./firmware/drivers/mss_hpdma/mss_hpdma.o  ./firmware/drivers/mss_gpio/mss_gpio.o  ./firmware/drivers/mss_ethernet_mac/m88e1340_phy.o ./firmware/drivers/mss_ethernet_mac/mss_ethernet_mac.o  ./firmware/drivers/CorePWM/core_pwm.o  ./firmware/CMSIS/startup_gcc/newlib_stubs.o ./firmware/CMSIS/startup_gcc/startup_m2sxxx.o  ./firmware/CMSIS/system_m2sxxx.o   
Finished building target: SF2_MKR_KIT_Connection_Test.elf
 
Invoking: GNU ARM Cross Create Flash Image
arm-none-eabi-objcopy -O ihex "SF2_MKR_KIT_Connection_Test.elf"  "SF2_MKR_KIT_Connection_Test.hex"
Finished building: SF2_MKR_KIT_Connection_Test.hex
 
Invoking: GNU ARM Cross Print Size
arm-none-eabi-size --format=berkeley "SF2_MKR_KIT_Connection_Test.elf"
   text	   data	    bss	    dec	    hex	filename
  14240	    320	  50976	  65536	  10000	SF2_MKR_KIT_Connection_Test.elf
Finished building: SF2_MKR_KIT_Connection_Test.siz
 
00:29:51 **** Incremental Build of configuration Debug for project SF2_MKR_KIT_Connection_Test ****
make all 
Building file: ../src/lcd_characters.c
Invoking: GNU ARM Cross C Compiler
arm-none-eabi-gcc -mcpu=cortex-m3 -mthumb -O0 -fmessage-length=0 -fsigned-char -ffunction-sections -fdata-sections  -g3 -I"E:\Github_Repos\SF2_MKR_KIT_Connections\Softconsole\SF2_MKR_KIT_Connection_Test\firmware\hal\CortexM3\GNU" -I"E:\Github_Repos\SF2_MKR_KIT_Connections\Softconsole\SF2_MKR_KIT_Connection_Test\firmware\hal" -std=gnu11 --specs=cmsis.specs -MMD -MP -MF"src/lcd_characters.d" -MT"src/lcd_characters.o" -c -o "src/lcd_characters.o" "../src/lcd_characters.c"
Finished building: ../src/lcd_characters.c
 
Building file: ../src/main.c
Invoking: GNU ARM Cross C Compiler
arm-none-eabi-gcc -mcpu=cortex-m3 -mthumb -O0 -fmessage-length=0 -fsigned-char -ffunction-sections -fdata-sections  -g3 -I"E:\Github_Repos\SF2_MKR_KIT_Connections\Softconsole\SF2_MKR_KIT_Connection_Test\firmware\hal\CortexM3\GNU" -I"E:\Github_Repos\SF2_MKR_KIT_Connections\Softconsole\SF2_MKR_KIT_Connection_Test\firmware\hal" -std=gnu11 --specs=cmsis.specs -MMD -MP -MF"src/main.d" -MT"src/main.o" -c -o "src/main.o" "../src/main.c"
Finished building: ../src/main.c
 
Building target: SF2_MKR_KIT_Connection_Test.elf
Invoking: GNU ARM Cross C Linker
arm-none-eabi-gcc -mcpu=cortex-m3 -mthumb -O0 -fmessage-length=0 -fsigned-char -ffunction-sections -fdata-sections  -g3 -T ../firmware/CMSIS/startup_gcc/debug-in-microsemi-smartfusion2-esram.ld -Xlinker --gc-sections -Wl,-Map,"SF2_MKR_KIT_Connection_Test.map" --specs=nano.specs -o "SF2_MKR_KIT_Connection_Test.elf"  ./src/fab_Nokia5110.o ./src/lcd_characters.o ./src/main.o ./src/pixel_arrays.o  ./firmware/hal/CortexM3/GNU/hal.o ./firmware/hal/CortexM3/GNU/hw_reg_access.o  ./firmware/hal/CortexM3/cortex_nvic.o  ./firmware/drivers_config/sys_config/sys_config.o  ./firmware/drivers/mss_uart/mss_uart.o  ./firmware/drivers/mss_sys_services/mss_comblk.o ./firmware/drivers/mss_sys_services/mss_sys_services.o  ./firmware/drivers/mss_spi/mss_spi.o  ./firmware/drivers/mss_nvm/mss_nvm.o  ./firmware/drivers/mss_i2c/mss_i2c.o  ./firmware/drivers/mss_hpdma/mss_hpdma.o  ./firmware/drivers/mss_gpio/mss_gpio.o  ./firmware/drivers/mss_ethernet_mac/m88e1340_phy.o ./firmware/drivers/mss_ethernet_mac/mss_ethernet_mac.o  ./firmware/drivers/CorePWM/core_pwm.o  ./firmware/CMSIS/startup_gcc/newlib_stubs.o ./firmware/CMSIS/startup_gcc/startup_m2sxxx.o  ./firmware/CMSIS/system_m2sxxx.o   
Finished building target: SF2_MKR_KIT_Connection_Test.elf
 
Invoking: GNU ARM Cross Create Flash Image
arm-none-eabi-objcopy -O ihex "SF2_MKR_KIT_Connection_Test.elf"  "SF2_MKR_KIT_Connection_Test.hex"
Finished building: SF2_MKR_KIT_Connection_Test.hex
 
Invoking: GNU ARM Cross Print Size
arm-none-eabi-size --format=berkeley "SF2_MKR_KIT_Connection_Test.elf"
   text	   data	    bss	    dec	    hex	filename
  14240	    320	  50976	  65536	  10000	SF2_MKR_KIT_Connection_Test.elf
Finished building: SF2_MKR_KIT_Connection_Test.siz
 
00:32:58 **** Incremental Build of configuration Debug for project SF2_MKR_KIT_Connection_Test ****
make all 
Building file: ../src/main.c
Invoking: GNU ARM Cross C Compiler
arm-none-eabi-gcc -mcpu=cortex-m3 -mthumb -O0 -fmessage-length=0 -fsigned-char -ffunction-sections -fdata-sections  -g3 -I"E:\Github_Repos\SF2_MKR_KIT_Connections\Softconsole\SF2_MKR_KIT_Connection_Test\firmware\hal\CortexM3\GNU" -I"E:\Github_Repos\SF2_MKR_KIT_Connections\Softconsole\SF2_MKR_KIT_Connection_Test\firmware\hal" -std=gnu11 --specs=cmsis.specs -MMD -MP -MF"src/main.d" -MT"src/main.o" -c -o "src/main.o" "../src/main.c"
../src/main.c: In function 'fab_nokia_test':
../src/main.c:277:4: error: expected expression before '{' token
    {0b10000000},
    ^
../src/main.c:272:3: error: too few arguments to function 'nokia_set_pixel_block_alpha'
   nokia_set_pixel_block_alpha
   ^~~~~~~~~~~~~~~~~~~~~~~~~~~
In file included from ../src/main.c:19:
../src/fab_Nokia5110.h:320:6: note: declared here
 void nokia_set_pixel_block_alpha
      ^~~~~~~~~~~~~~~~~~~~~~~~~~~
../src/main.c:293:4: error: expected expression before '{' token
    {0b10000000},
    ^
../src/main.c:288:3: error: too few arguments to function 'nokia_set_pixel_block_alpha'
   nokia_set_pixel_block_alpha
   ^~~~~~~~~~~~~~~~~~~~~~~~~~~
In file included from ../src/main.c:19:
../src/fab_Nokia5110.h:320:6: note: declared here
 void nokia_set_pixel_block_alpha
      ^~~~~~~~~~~~~~~~~~~~~~~~~~~
make: *** [src/subdir.mk:29: src/main.o] Error 1
"make all" terminated with exit code 2. Build might be incomplete.
00:39:02 **** Incremental Build of configuration Debug for project SF2_MKR_KIT_Connection_Test ****
make all 
Building file: ../src/main.c
Invoking: GNU ARM Cross C Compiler
arm-none-eabi-gcc -mcpu=cortex-m3 -mthumb -O0 -fmessage-length=0 -fsigned-char -ffunction-sections -fdata-sections  -g3 -I"E:\Github_Repos\SF2_MKR_KIT_Connections\Softconsole\SF2_MKR_KIT_Connection_Test\firmware\hal\CortexM3\GNU" -I"E:\Github_Repos\SF2_MKR_KIT_Connections\Softconsole\SF2_MKR_KIT_Connection_Test\firmware\hal" -std=gnu11 --specs=cmsis.specs -MMD -MP -MF"src/main.d" -MT"src/main.o" -c -o "src/main.o" "../src/main.c"
../src/main.c: In function 'fab_nokia_test':
../src/main.c:277:15: warning: initialization of 'uint8_t *' {aka 'unsigned char *'} from 'int' makes pointer from integer without a cast [-Wint-conversion]
    (uint8_t*){0b10000000},
               ^~~~~~~~~~
../src/main.c:277:15: note: (near initialization for '(anonymous)')
../src/main.c:278:4: error: expected expression before '{' token
    {0b01111111}
    ^
../src/main.c:293:4: error: expected expression before '{' token
    {0b10000000},
    ^
../src/main.c:288:3: error: too few arguments to function 'nokia_set_pixel_block_alpha'
   nokia_set_pixel_block_alpha
   ^~~~~~~~~~~~~~~~~~~~~~~~~~~
In file included from ../src/main.c:19:
../src/fab_Nokia5110.h:320:6: note: declared here
 void nokia_set_pixel_block_alpha
      ^~~~~~~~~~~~~~~~~~~~~~~~~~~
make: *** [src/subdir.mk:29: src/main.o] Error 1
"make all" terminated with exit code 2. Build might be incomplete.
00:40:18 **** Incremental Build of configuration Debug for project SF2_MKR_KIT_Connection_Test ****
make all 
Building file: ../src/main.c
Invoking: GNU ARM Cross C Compiler
arm-none-eabi-gcc -mcpu=cortex-m3 -mthumb -O0 -fmessage-length=0 -fsigned-char -ffunction-sections -fdata-sections  -g3 -I"E:\Github_Repos\SF2_MKR_KIT_Connections\Softconsole\SF2_MKR_KIT_Connection_Test\firmware\hal\CortexM3\GNU" -I"E:\Github_Repos\SF2_MKR_KIT_Connections\Softconsole\SF2_MKR_KIT_Connection_Test\firmware\hal" -std=gnu11 --specs=cmsis.specs -MMD -MP -MF"src/main.d" -MT"src/main.o" -c -o "src/main.o" "../src/main.c"
../src/main.c: In function 'fab_nokia_test':
../src/main.c:279:4: error: wrong type argument to bit-complement
    ~spacer
    ^
../src/main.c:295:4: error: wrong type argument to bit-complement
    ~spacer
    ^
make: *** [src/subdir.mk:29: src/main.o] Error 1
"make all" terminated with exit code 2. Build might be incomplete.
00:40:47 **** Incremental Build of configuration Debug for project SF2_MKR_KIT_Connection_Test ****
make all 
Building file: ../src/main.c
Invoking: GNU ARM Cross C Compiler
arm-none-eabi-gcc -mcpu=cortex-m3 -mthumb -O0 -fmessage-length=0 -fsigned-char -ffunction-sections -fdata-sections  -g3 -I"E:\Github_Repos\SF2_MKR_KIT_Connections\Softconsole\SF2_MKR_KIT_Connection_Test\firmware\hal\CortexM3\GNU" -I"E:\Github_Repos\SF2_MKR_KIT_Connections\Softconsole\SF2_MKR_KIT_Connection_Test\firmware\hal" -std=gnu11 --specs=cmsis.specs -MMD -MP -MF"src/main.d" -MT"src/main.o" -c -o "src/main.o" "../src/main.c"
Finished building: ../src/main.c
 
Building target: SF2_MKR_KIT_Connection_Test.elf
Invoking: GNU ARM Cross C Linker
arm-none-eabi-gcc -mcpu=cortex-m3 -mthumb -O0 -fmessage-length=0 -fsigned-char -ffunction-sections -fdata-sections  -g3 -T ../firmware/CMSIS/startup_gcc/debug-in-microsemi-smartfusion2-esram.ld -Xlinker --gc-sections -Wl,-Map,"SF2_MKR_KIT_Connection_Test.map" --specs=nano.specs -o "SF2_MKR_KIT_Connection_Test.elf"  ./src/fab_Nokia5110.o ./src/lcd_characters.o ./src/main.o ./src/pixel_arrays.o  ./firmware/hal/CortexM3/GNU/hal.o ./firmware/hal/CortexM3/GNU/hw_reg_access.o  ./firmware/hal/CortexM3/cortex_nvic.o  ./firmware/drivers_config/sys_config/sys_config.o  ./firmware/drivers/mss_uart/mss_uart.o  ./firmware/drivers/mss_sys_services/mss_comblk.o ./firmware/drivers/mss_sys_services/mss_sys_services.o  ./firmware/drivers/mss_spi/mss_spi.o  ./firmware/drivers/mss_nvm/mss_nvm.o  ./firmware/drivers/mss_i2c/mss_i2c.o  ./firmware/drivers/mss_hpdma/mss_hpdma.o  ./firmware/drivers/mss_gpio/mss_gpio.o  ./firmware/drivers/mss_ethernet_mac/m88e1340_phy.o ./firmware/drivers/mss_ethernet_mac/mss_ethernet_mac.o  ./firmware/drivers/CorePWM/core_pwm.o  ./firmware/CMSIS/startup_gcc/newlib_stubs.o ./firmware/CMSIS/startup_gcc/startup_m2sxxx.o  ./firmware/CMSIS/system_m2sxxx.o   
Finished building target: SF2_MKR_KIT_Connection_Test.elf
 
Invoking: GNU ARM Cross Create Flash Image
arm-none-eabi-objcopy -O ihex "SF2_MKR_KIT_Connection_Test.elf"  "SF2_MKR_KIT_Connection_Test.hex"
Finished building: SF2_MKR_KIT_Connection_Test.hex
 
Invoking: GNU ARM Cross Print Size
arm-none-eabi-size --format=berkeley "SF2_MKR_KIT_Connection_Test.elf"
   text	   data	    bss	    dec	    hex	filename
  14320	    320	  50896	  65536	  10000	SF2_MKR_KIT_Connection_Test.elf
Finished building: SF2_MKR_KIT_Connection_Test.siz
 
00:43:54 **** Incremental Build of configuration Debug for project SF2_MKR_KIT_Connection_Test ****
make all 
Building file: ../src/lcd_characters.c
Invoking: GNU ARM Cross C Compiler
arm-none-eabi-gcc -mcpu=cortex-m3 -mthumb -O0 -fmessage-length=0 -fsigned-char -ffunction-sections -fdata-sections  -g3 -I"E:\Github_Repos\SF2_MKR_KIT_Connections\Softconsole\SF2_MKR_KIT_Connection_Test\firmware\hal\CortexM3\GNU" -I"E:\Github_Repos\SF2_MKR_KIT_Connections\Softconsole\SF2_MKR_KIT_Connection_Test\firmware\hal" -std=gnu11 --specs=cmsis.specs -MMD -MP -MF"src/lcd_characters.d" -MT"src/lcd_characters.o" -c -o "src/lcd_characters.o" "../src/lcd_characters.c"
Finished building: ../src/lcd_characters.c
 
Building file: ../src/main.c
Invoking: GNU ARM Cross C Compiler
arm-none-eabi-gcc -mcpu=cortex-m3 -mthumb -O0 -fmessage-length=0 -fsigned-char -ffunction-sections -fdata-sections  -g3 -I"E:\Github_Repos\SF2_MKR_KIT_Connections\Softconsole\SF2_MKR_KIT_Connection_Test\firmware\hal\CortexM3\GNU" -I"E:\Github_Repos\SF2_MKR_KIT_Connections\Softconsole\SF2_MKR_KIT_Connection_Test\firmware\hal" -std=gnu11 --specs=cmsis.specs -MMD -MP -MF"src/main.d" -MT"src/main.o" -c -o "src/main.o" "../src/main.c"
Finished building: ../src/main.c
 
Building target: SF2_MKR_KIT_Connection_Test.elf
Invoking: GNU ARM Cross C Linker
arm-none-eabi-gcc -mcpu=cortex-m3 -mthumb -O0 -fmessage-length=0 -fsigned-char -ffunction-sections -fdata-sections  -g3 -T ../firmware/CMSIS/startup_gcc/debug-in-microsemi-smartfusion2-esram.ld -Xlinker --gc-sections -Wl,-Map,"SF2_MKR_KIT_Connection_Test.map" --specs=nano.specs -o "SF2_MKR_KIT_Connection_Test.elf"  ./src/fab_Nokia5110.o ./src/lcd_characters.o ./src/main.o ./src/pixel_arrays.o  ./firmware/hal/CortexM3/GNU/hal.o ./firmware/hal/CortexM3/GNU/hw_reg_access.o  ./firmware/hal/CortexM3/cortex_nvic.o  ./firmware/drivers_config/sys_config/sys_config.o  ./firmware/drivers/mss_uart/mss_uart.o  ./firmware/drivers/mss_sys_services/mss_comblk.o ./firmware/drivers/mss_sys_services/mss_sys_services.o  ./firmware/drivers/mss_spi/mss_spi.o  ./firmware/drivers/mss_nvm/mss_nvm.o  ./firmware/drivers/mss_i2c/mss_i2c.o  ./firmware/drivers/mss_hpdma/mss_hpdma.o  ./firmware/drivers/mss_gpio/mss_gpio.o  ./firmware/drivers/mss_ethernet_mac/m88e1340_phy.o ./firmware/drivers/mss_ethernet_mac/mss_ethernet_mac.o  ./firmware/drivers/CorePWM/core_pwm.o  ./firmware/CMSIS/startup_gcc/newlib_stubs.o ./firmware/CMSIS/startup_gcc/startup_m2sxxx.o  ./firmware/CMSIS/system_m2sxxx.o   
Finished building target: SF2_MKR_KIT_Connection_Test.elf
 
Invoking: GNU ARM Cross Create Flash Image
arm-none-eabi-objcopy -O ihex "SF2_MKR_KIT_Connection_Test.elf"  "SF2_MKR_KIT_Connection_Test.hex"
Finished building: SF2_MKR_KIT_Connection_Test.hex
 
Invoking: GNU ARM Cross Print Size
arm-none-eabi-size --format=berkeley "SF2_MKR_KIT_Connection_Test.elf"
   text	   data	    bss	    dec	    hex	filename
  14320	    320	  50896	  65536	  10000	SF2_MKR_KIT_Connection_Test.elf
Finished building: SF2_MKR_KIT_Connection_Test.siz
 
