16:47:48 **** Incremental Build of configuration Debug for project SF2_MKR_KIT_Connection_Test ****
make all 
Building file: ../src/fab_Nokia5110.c
Invoking: GNU ARM Cross C Compiler
arm-none-eabi-gcc -mcpu=cortex-m3 -mthumb -O0 -fmessage-length=0 -fsigned-char -ffunction-sections -fdata-sections  -g3 -I"E:\Github_Repos\SF2_MKR_KIT_Connections\Softconsole\SF2_MKR_KIT_Connection_Test\firmware\hal\CortexM3\GNU" -I"E:\Github_Repos\SF2_MKR_KIT_Connections\Softconsole\SF2_MKR_KIT_Connection_Test\firmware\hal" -std=gnu11 --specs=cmsis.specs -MMD -MP -MF"src/fab_Nokia5110.d" -MT"src/fab_Nokia5110.o" -c -o "src/fab_Nokia5110.o" "../src/fab_Nokia5110.c"
Finished building: ../src/fab_Nokia5110.c
 
Building file: ../src/pixel_arrays.c
Invoking: GNU ARM Cross C Compiler
arm-none-eabi-gcc -mcpu=cortex-m3 -mthumb -O0 -fmessage-length=0 -fsigned-char -ffunction-sections -fdata-sections  -g3 -I"E:\Github_Repos\SF2_MKR_KIT_Connections\Softconsole\SF2_MKR_KIT_Connection_Test\firmware\hal\CortexM3\GNU" -I"E:\Github_Repos\SF2_MKR_KIT_Connections\Softconsole\SF2_MKR_KIT_Connection_Test\firmware\hal" -std=gnu11 --specs=cmsis.specs -MMD -MP -MF"src/pixel_arrays.d" -MT"src/pixel_arrays.o" -c -o "src/pixel_arrays.o" "../src/pixel_arrays.c"
Finished building: ../src/pixel_arrays.c
 
Building target: SF2_MKR_KIT_Connection_Test.elf
Invoking: GNU ARM Cross C Linker
arm-none-eabi-gcc -mcpu=cortex-m3 -mthumb -O0 -fmessage-length=0 -fsigned-char -ffunction-sections -fdata-sections  -g3 -T ../firmware/CMSIS/startup_gcc/debug-in-microsemi-smartfusion2-esram.ld -Xlinker --gc-sections -Wl,-Map,"SF2_MKR_KIT_Connection_Test.map" --specs=nano.specs -o "SF2_MKR_KIT_Connection_Test.elf"  ./src/fab_Nokia5110.o ./src/main.o ./src/pixel_arrays.o  ./firmware/hal/CortexM3/GNU/hal.o ./firmware/hal/CortexM3/GNU/hw_reg_access.o  ./firmware/hal/CortexM3/cortex_nvic.o  ./firmware/drivers_config/sys_config/sys_config.o  ./firmware/drivers/mss_uart/mss_uart.o  ./firmware/drivers/mss_sys_services/mss_comblk.o ./firmware/drivers/mss_sys_services/mss_sys_services.o  ./firmware/drivers/mss_spi/mss_spi.o  ./firmware/drivers/mss_nvm/mss_nvm.o  ./firmware/drivers/mss_i2c/mss_i2c.o  ./firmware/drivers/mss_hpdma/mss_hpdma.o  ./firmware/drivers/mss_gpio/mss_gpio.o  ./firmware/drivers/mss_ethernet_mac/m88e1340_phy.o ./firmware/drivers/mss_ethernet_mac/mss_ethernet_mac.o  ./firmware/drivers/CorePWM/core_pwm.o  ./firmware/CMSIS/startup_gcc/newlib_stubs.o ./firmware/CMSIS/startup_gcc/startup_m2sxxx.o  ./firmware/CMSIS/system_m2sxxx.o   
Finished building target: SF2_MKR_KIT_Connection_Test.elf
 
Invoking: GNU ARM Cross Create Flash Image
arm-none-eabi-objcopy -O ihex "SF2_MKR_KIT_Connection_Test.elf"  "SF2_MKR_KIT_Connection_Test.hex"
Finished building: SF2_MKR_KIT_Connection_Test.hex
 
Invoking: GNU ARM Cross Print Size
arm-none-eabi-size --format=berkeley "SF2_MKR_KIT_Connection_Test.elf"
   text	   data	    bss	    dec	    hex	filename
  13568	     32	  51936	  65536	  10000	SF2_MKR_KIT_Connection_Test.elf
Finished building: SF2_MKR_KIT_Connection_Test.siz
 
16:49:41 **** Incremental Build of configuration Debug for project SF2_MKR_KIT_Connection_Test ****
make all 
Building file: ../src/fab_Nokia5110.c
Invoking: GNU ARM Cross C Compiler
arm-none-eabi-gcc -mcpu=cortex-m3 -mthumb -O0 -fmessage-length=0 -fsigned-char -ffunction-sections -fdata-sections  -g3 -I"E:\Github_Repos\SF2_MKR_KIT_Connections\Softconsole\SF2_MKR_KIT_Connection_Test\firmware\hal\CortexM3\GNU" -I"E:\Github_Repos\SF2_MKR_KIT_Connections\Softconsole\SF2_MKR_KIT_Connection_Test\firmware\hal" -std=gnu11 --specs=cmsis.specs -MMD -MP -MF"src/fab_Nokia5110.d" -MT"src/fab_Nokia5110.o" -c -o "src/fab_Nokia5110.o" "../src/fab_Nokia5110.c"
Finished building: ../src/fab_Nokia5110.c
 
Building target: SF2_MKR_KIT_Connection_Test.elf
Invoking: GNU ARM Cross C Linker
arm-none-eabi-gcc -mcpu=cortex-m3 -mthumb -O0 -fmessage-length=0 -fsigned-char -ffunction-sections -fdata-sections  -g3 -T ../firmware/CMSIS/startup_gcc/debug-in-microsemi-smartfusion2-esram.ld -Xlinker --gc-sections -Wl,-Map,"SF2_MKR_KIT_Connection_Test.map" --specs=nano.specs -o "SF2_MKR_KIT_Connection_Test.elf"  ./src/fab_Nokia5110.o ./src/main.o ./src/pixel_arrays.o  ./firmware/hal/CortexM3/GNU/hal.o ./firmware/hal/CortexM3/GNU/hw_reg_access.o  ./firmware/hal/CortexM3/cortex_nvic.o  ./firmware/drivers_config/sys_config/sys_config.o  ./firmware/drivers/mss_uart/mss_uart.o  ./firmware/drivers/mss_sys_services/mss_comblk.o ./firmware/drivers/mss_sys_services/mss_sys_services.o  ./firmware/drivers/mss_spi/mss_spi.o  ./firmware/drivers/mss_nvm/mss_nvm.o  ./firmware/drivers/mss_i2c/mss_i2c.o  ./firmware/drivers/mss_hpdma/mss_hpdma.o  ./firmware/drivers/mss_gpio/mss_gpio.o  ./firmware/drivers/mss_ethernet_mac/m88e1340_phy.o ./firmware/drivers/mss_ethernet_mac/mss_ethernet_mac.o  ./firmware/drivers/CorePWM/core_pwm.o  ./firmware/CMSIS/startup_gcc/newlib_stubs.o ./firmware/CMSIS/startup_gcc/startup_m2sxxx.o  ./firmware/CMSIS/system_m2sxxx.o   
Finished building target: SF2_MKR_KIT_Connection_Test.elf
 
Invoking: GNU ARM Cross Create Flash Image
arm-none-eabi-objcopy -O ihex "SF2_MKR_KIT_Connection_Test.elf"  "SF2_MKR_KIT_Connection_Test.hex"
Finished building: SF2_MKR_KIT_Connection_Test.hex
 
Invoking: GNU ARM Cross Print Size
arm-none-eabi-size --format=berkeley "SF2_MKR_KIT_Connection_Test.elf"
   text	   data	    bss	    dec	    hex	filename
  13584	     32	  51920	  65536	  10000	SF2_MKR_KIT_Connection_Test.elf
Finished building: SF2_MKR_KIT_Connection_Test.siz
 
22:09:47 **** Incremental Build of configuration Debug for project SF2_MKR_KIT_Connection_Test ****
make all 
Building file: ../src/fab_Nokia5110.c
Invoking: GNU ARM Cross C Compiler
arm-none-eabi-gcc -mcpu=cortex-m3 -mthumb -O0 -fmessage-length=0 -fsigned-char -ffunction-sections -fdata-sections  -g3 -I"E:\Github_Repos\SF2_MKR_KIT_Connections\Softconsole\SF2_MKR_KIT_Connection_Test\firmware\hal\CortexM3\GNU" -I"E:\Github_Repos\SF2_MKR_KIT_Connections\Softconsole\SF2_MKR_KIT_Connection_Test\firmware\hal" -std=gnu11 --specs=cmsis.specs -MMD -MP -MF"src/fab_Nokia5110.d" -MT"src/fab_Nokia5110.o" -c -o "src/fab_Nokia5110.o" "../src/fab_Nokia5110.c"
Finished building: ../src/fab_Nokia5110.c
 
Building file: ../src/main.c
Invoking: GNU ARM Cross C Compiler
arm-none-eabi-gcc -mcpu=cortex-m3 -mthumb -O0 -fmessage-length=0 -fsigned-char -ffunction-sections -fdata-sections  -g3 -I"E:\Github_Repos\SF2_MKR_KIT_Connections\Softconsole\SF2_MKR_KIT_Connection_Test\firmware\hal\CortexM3\GNU" -I"E:\Github_Repos\SF2_MKR_KIT_Connections\Softconsole\SF2_MKR_KIT_Connection_Test\firmware\hal" -std=gnu11 --specs=cmsis.specs -MMD -MP -MF"src/main.d" -MT"src/main.o" -c -o "src/main.o" "../src/main.c"
Finished building: ../src/main.c
 
Building file: ../src/pixel_arrays.c
Invoking: GNU ARM Cross C Compiler
arm-none-eabi-gcc -mcpu=cortex-m3 -mthumb -O0 -fmessage-length=0 -fsigned-char -ffunction-sections -fdata-sections  -g3 -I"E:\Github_Repos\SF2_MKR_KIT_Connections\Softconsole\SF2_MKR_KIT_Connection_Test\firmware\hal\CortexM3\GNU" -I"E:\Github_Repos\SF2_MKR_KIT_Connections\Softconsole\SF2_MKR_KIT_Connection_Test\firmware\hal" -std=gnu11 --specs=cmsis.specs -MMD -MP -MF"src/pixel_arrays.d" -MT"src/pixel_arrays.o" -c -o "src/pixel_arrays.o" "../src/pixel_arrays.c"
Finished building: ../src/pixel_arrays.c
 
Building target: SF2_MKR_KIT_Connection_Test.elf
Invoking: GNU ARM Cross C Linker
arm-none-eabi-gcc -mcpu=cortex-m3 -mthumb -O0 -fmessage-length=0 -fsigned-char -ffunction-sections -fdata-sections  -g3 -T ../firmware/CMSIS/startup_gcc/debug-in-microsemi-smartfusion2-esram.ld -Xlinker --gc-sections -Wl,-Map,"SF2_MKR_KIT_Connection_Test.map" --specs=nano.specs -o "SF2_MKR_KIT_Connection_Test.elf"  ./src/fab_Nokia5110.o ./src/main.o ./src/pixel_arrays.o  ./firmware/hal/CortexM3/GNU/hal.o ./firmware/hal/CortexM3/GNU/hw_reg_access.o  ./firmware/hal/CortexM3/cortex_nvic.o  ./firmware/drivers_config/sys_config/sys_config.o  ./firmware/drivers/mss_uart/mss_uart.o  ./firmware/drivers/mss_sys_services/mss_comblk.o ./firmware/drivers/mss_sys_services/mss_sys_services.o  ./firmware/drivers/mss_spi/mss_spi.o  ./firmware/drivers/mss_nvm/mss_nvm.o  ./firmware/drivers/mss_i2c/mss_i2c.o  ./firmware/drivers/mss_hpdma/mss_hpdma.o  ./firmware/drivers/mss_gpio/mss_gpio.o  ./firmware/drivers/mss_ethernet_mac/m88e1340_phy.o ./firmware/drivers/mss_ethernet_mac/mss_ethernet_mac.o  ./firmware/drivers/CorePWM/core_pwm.o  ./firmware/CMSIS/startup_gcc/newlib_stubs.o ./firmware/CMSIS/startup_gcc/startup_m2sxxx.o  ./firmware/CMSIS/system_m2sxxx.o   
Finished building target: SF2_MKR_KIT_Connection_Test.elf
 
Invoking: GNU ARM Cross Create Flash Image
arm-none-eabi-objcopy -O ihex "SF2_MKR_KIT_Connection_Test.elf"  "SF2_MKR_KIT_Connection_Test.hex"
Finished building: SF2_MKR_KIT_Connection_Test.hex
 
Invoking: GNU ARM Cross Print Size
arm-none-eabi-size --format=berkeley "SF2_MKR_KIT_Connection_Test.elf"
   text	   data	    bss	    dec	    hex	filename
  13760	     32	  51744	  65536	  10000	SF2_MKR_KIT_Connection_Test.elf
Finished building: SF2_MKR_KIT_Connection_Test.siz
 
22:11:18 **** Incremental Build of configuration Debug for project SF2_MKR_KIT_Connection_Test ****
make all 
Building file: ../src/fab_Nokia5110.c
Invoking: GNU ARM Cross C Compiler
arm-none-eabi-gcc -mcpu=cortex-m3 -mthumb -O0 -fmessage-length=0 -fsigned-char -ffunction-sections -fdata-sections  -g3 -I"E:\Github_Repos\SF2_MKR_KIT_Connections\Softconsole\SF2_MKR_KIT_Connection_Test\firmware\hal\CortexM3\GNU" -I"E:\Github_Repos\SF2_MKR_KIT_Connections\Softconsole\SF2_MKR_KIT_Connection_Test\firmware\hal" -std=gnu11 --specs=cmsis.specs -MMD -MP -MF"src/fab_Nokia5110.d" -MT"src/fab_Nokia5110.o" -c -o "src/fab_Nokia5110.o" "../src/fab_Nokia5110.c"
Finished building: ../src/fab_Nokia5110.c
 
Building file: ../src/main.c
Invoking: GNU ARM Cross C Compiler
arm-none-eabi-gcc -mcpu=cortex-m3 -mthumb -O0 -fmessage-length=0 -fsigned-char -ffunction-sections -fdata-sections  -g3 -I"E:\Github_Repos\SF2_MKR_KIT_Connections\Softconsole\SF2_MKR_KIT_Connection_Test\firmware\hal\CortexM3\GNU" -I"E:\Github_Repos\SF2_MKR_KIT_Connections\Softconsole\SF2_MKR_KIT_Connection_Test\firmware\hal" -std=gnu11 --specs=cmsis.specs -MMD -MP -MF"src/main.d" -MT"src/main.o" -c -o "src/main.o" "../src/main.c"
Finished building: ../src/main.c
 
Building target: SF2_MKR_KIT_Connection_Test.elf
Invoking: GNU ARM Cross C Linker
arm-none-eabi-gcc -mcpu=cortex-m3 -mthumb -O0 -fmessage-length=0 -fsigned-char -ffunction-sections -fdata-sections  -g3 -T ../firmware/CMSIS/startup_gcc/debug-in-microsemi-smartfusion2-esram.ld -Xlinker --gc-sections -Wl,-Map,"SF2_MKR_KIT_Connection_Test.map" --specs=nano.specs -o "SF2_MKR_KIT_Connection_Test.elf"  ./src/fab_Nokia5110.o ./src/main.o ./src/pixel_arrays.o  ./firmware/hal/CortexM3/GNU/hal.o ./firmware/hal/CortexM3/GNU/hw_reg_access.o  ./firmware/hal/CortexM3/cortex_nvic.o  ./firmware/drivers_config/sys_config/sys_config.o  ./firmware/drivers/mss_uart/mss_uart.o  ./firmware/drivers/mss_sys_services/mss_comblk.o ./firmware/drivers/mss_sys_services/mss_sys_services.o  ./firmware/drivers/mss_spi/mss_spi.o  ./firmware/drivers/mss_nvm/mss_nvm.o  ./firmware/drivers/mss_i2c/mss_i2c.o  ./firmware/drivers/mss_hpdma/mss_hpdma.o  ./firmware/drivers/mss_gpio/mss_gpio.o  ./firmware/drivers/mss_ethernet_mac/m88e1340_phy.o ./firmware/drivers/mss_ethernet_mac/mss_ethernet_mac.o  ./firmware/drivers/CorePWM/core_pwm.o  ./firmware/CMSIS/startup_gcc/newlib_stubs.o ./firmware/CMSIS/startup_gcc/startup_m2sxxx.o  ./firmware/CMSIS/system_m2sxxx.o   
Finished building target: SF2_MKR_KIT_Connection_Test.elf
 
Invoking: GNU ARM Cross Create Flash Image
arm-none-eabi-objcopy -O ihex "SF2_MKR_KIT_Connection_Test.elf"  "SF2_MKR_KIT_Connection_Test.hex"
Finished building: SF2_MKR_KIT_Connection_Test.hex
 
Invoking: GNU ARM Cross Print Size
arm-none-eabi-size --format=berkeley "SF2_MKR_KIT_Connection_Test.elf"
   text	   data	    bss	    dec	    hex	filename
  13760	     32	  51744	  65536	  10000	SF2_MKR_KIT_Connection_Test.elf
Finished building: SF2_MKR_KIT_Connection_Test.siz
 
22:12:04 **** Incremental Build of configuration Debug for project SF2_MKR_KIT_Connection_Test ****
make all 
Building file: ../src/fab_Nokia5110.c
Invoking: GNU ARM Cross C Compiler
arm-none-eabi-gcc -mcpu=cortex-m3 -mthumb -O0 -fmessage-length=0 -fsigned-char -ffunction-sections -fdata-sections  -g3 -I"E:\Github_Repos\SF2_MKR_KIT_Connections\Softconsole\SF2_MKR_KIT_Connection_Test\firmware\hal\CortexM3\GNU" -I"E:\Github_Repos\SF2_MKR_KIT_Connections\Softconsole\SF2_MKR_KIT_Connection_Test\firmware\hal" -std=gnu11 --specs=cmsis.specs -MMD -MP -MF"src/fab_Nokia5110.d" -MT"src/fab_Nokia5110.o" -c -o "src/fab_Nokia5110.o" "../src/fab_Nokia5110.c"
Finished building: ../src/fab_Nokia5110.c
 
Building target: SF2_MKR_KIT_Connection_Test.elf
Invoking: GNU ARM Cross C Linker
arm-none-eabi-gcc -mcpu=cortex-m3 -mthumb -O0 -fmessage-length=0 -fsigned-char -ffunction-sections -fdata-sections  -g3 -T ../firmware/CMSIS/startup_gcc/debug-in-microsemi-smartfusion2-esram.ld -Xlinker --gc-sections -Wl,-Map,"SF2_MKR_KIT_Connection_Test.map" --specs=nano.specs -o "SF2_MKR_KIT_Connection_Test.elf"  ./src/fab_Nokia5110.o ./src/main.o ./src/pixel_arrays.o  ./firmware/hal/CortexM3/GNU/hal.o ./firmware/hal/CortexM3/GNU/hw_reg_access.o  ./firmware/hal/CortexM3/cortex_nvic.o  ./firmware/drivers_config/sys_config/sys_config.o  ./firmware/drivers/mss_uart/mss_uart.o  ./firmware/drivers/mss_sys_services/mss_comblk.o ./firmware/drivers/mss_sys_services/mss_sys_services.o  ./firmware/drivers/mss_spi/mss_spi.o  ./firmware/drivers/mss_nvm/mss_nvm.o  ./firmware/drivers/mss_i2c/mss_i2c.o  ./firmware/drivers/mss_hpdma/mss_hpdma.o  ./firmware/drivers/mss_gpio/mss_gpio.o  ./firmware/drivers/mss_ethernet_mac/m88e1340_phy.o ./firmware/drivers/mss_ethernet_mac/mss_ethernet_mac.o  ./firmware/drivers/CorePWM/core_pwm.o  ./firmware/CMSIS/startup_gcc/newlib_stubs.o ./firmware/CMSIS/startup_gcc/startup_m2sxxx.o  ./firmware/CMSIS/system_m2sxxx.o   
Finished building target: SF2_MKR_KIT_Connection_Test.elf
 
Invoking: GNU ARM Cross Create Flash Image
arm-none-eabi-objcopy -O ihex "SF2_MKR_KIT_Connection_Test.elf"  "SF2_MKR_KIT_Connection_Test.hex"
Finished building: SF2_MKR_KIT_Connection_Test.hex
 
Invoking: GNU ARM Cross Print Size
arm-none-eabi-size --format=berkeley "SF2_MKR_KIT_Connection_Test.elf"
   text	   data	    bss	    dec	    hex	filename
  13760	     32	  51744	  65536	  10000	SF2_MKR_KIT_Connection_Test.elf
Finished building: SF2_MKR_KIT_Connection_Test.siz
 
22:17:57 **** Incremental Build of configuration Debug for project SF2_MKR_KIT_Connection_Test ****
make all 
Building file: ../src/main.c
Invoking: GNU ARM Cross C Compiler
arm-none-eabi-gcc -mcpu=cortex-m3 -mthumb -O0 -fmessage-length=0 -fsigned-char -ffunction-sections -fdata-sections  -g3 -I"E:\Github_Repos\SF2_MKR_KIT_Connections\Softconsole\SF2_MKR_KIT_Connection_Test\firmware\hal\CortexM3\GNU" -I"E:\Github_Repos\SF2_MKR_KIT_Connections\Softconsole\SF2_MKR_KIT_Connection_Test\firmware\hal" -std=gnu11 --specs=cmsis.specs -MMD -MP -MF"src/main.d" -MT"src/main.o" -c -o "src/main.o" "../src/main.c"
Finished building: ../src/main.c
 
Building target: SF2_MKR_KIT_Connection_Test.elf
Invoking: GNU ARM Cross C Linker
arm-none-eabi-gcc -mcpu=cortex-m3 -mthumb -O0 -fmessage-length=0 -fsigned-char -ffunction-sections -fdata-sections  -g3 -T ../firmware/CMSIS/startup_gcc/debug-in-microsemi-smartfusion2-esram.ld -Xlinker --gc-sections -Wl,-Map,"SF2_MKR_KIT_Connection_Test.map" --specs=nano.specs -o "SF2_MKR_KIT_Connection_Test.elf"  ./src/fab_Nokia5110.o ./src/main.o ./src/pixel_arrays.o  ./firmware/hal/CortexM3/GNU/hal.o ./firmware/hal/CortexM3/GNU/hw_reg_access.o  ./firmware/hal/CortexM3/cortex_nvic.o  ./firmware/drivers_config/sys_config/sys_config.o  ./firmware/drivers/mss_uart/mss_uart.o  ./firmware/drivers/mss_sys_services/mss_comblk.o ./firmware/drivers/mss_sys_services/mss_sys_services.o  ./firmware/drivers/mss_spi/mss_spi.o  ./firmware/drivers/mss_nvm/mss_nvm.o  ./firmware/drivers/mss_i2c/mss_i2c.o  ./firmware/drivers/mss_hpdma/mss_hpdma.o  ./firmware/drivers/mss_gpio/mss_gpio.o  ./firmware/drivers/mss_ethernet_mac/m88e1340_phy.o ./firmware/drivers/mss_ethernet_mac/mss_ethernet_mac.o  ./firmware/drivers/CorePWM/core_pwm.o  ./firmware/CMSIS/startup_gcc/newlib_stubs.o ./firmware/CMSIS/startup_gcc/startup_m2sxxx.o  ./firmware/CMSIS/system_m2sxxx.o   
Finished building target: SF2_MKR_KIT_Connection_Test.elf
 
Invoking: GNU ARM Cross Create Flash Image
arm-none-eabi-objcopy -O ihex "SF2_MKR_KIT_Connection_Test.elf"  "SF2_MKR_KIT_Connection_Test.hex"
Finished building: SF2_MKR_KIT_Connection_Test.hex
 
Invoking: GNU ARM Cross Print Size
arm-none-eabi-size --format=berkeley "SF2_MKR_KIT_Connection_Test.elf"
   text	   data	    bss	    dec	    hex	filename
  13760	     32	  51744	  65536	  10000	SF2_MKR_KIT_Connection_Test.elf
Finished building: SF2_MKR_KIT_Connection_Test.siz
 
22:22:54 **** Incremental Build of configuration Debug for project SF2_MKR_KIT_Connection_Test ****
make all 
Building file: ../src/fab_Nokia5110.c
Invoking: GNU ARM Cross C Compiler
arm-none-eabi-gcc -mcpu=cortex-m3 -mthumb -O0 -fmessage-length=0 -fsigned-char -ffunction-sections -fdata-sections  -g3 -I"E:\Github_Repos\SF2_MKR_KIT_Connections\Softconsole\SF2_MKR_KIT_Connection_Test\firmware\hal\CortexM3\GNU" -I"E:\Github_Repos\SF2_MKR_KIT_Connections\Softconsole\SF2_MKR_KIT_Connection_Test\firmware\hal" -std=gnu11 --specs=cmsis.specs -MMD -MP -MF"src/fab_Nokia5110.d" -MT"src/fab_Nokia5110.o" -c -o "src/fab_Nokia5110.o" "../src/fab_Nokia5110.c"
Finished building: ../src/fab_Nokia5110.c
 
Building file: ../src/main.c
Invoking: GNU ARM Cross C Compiler
arm-none-eabi-gcc -mcpu=cortex-m3 -mthumb -O0 -fmessage-length=0 -fsigned-char -ffunction-sections -fdata-sections  -g3 -I"E:\Github_Repos\SF2_MKR_KIT_Connections\Softconsole\SF2_MKR_KIT_Connection_Test\firmware\hal\CortexM3\GNU" -I"E:\Github_Repos\SF2_MKR_KIT_Connections\Softconsole\SF2_MKR_KIT_Connection_Test\firmware\hal" -std=gnu11 --specs=cmsis.specs -MMD -MP -MF"src/main.d" -MT"src/main.o" -c -o "src/main.o" "../src/main.c"
Finished building: ../src/main.c
 
Building target: SF2_MKR_KIT_Connection_Test.elf
Invoking: GNU ARM Cross C Linker
arm-none-eabi-gcc -mcpu=cortex-m3 -mthumb -O0 -fmessage-length=0 -fsigned-char -ffunction-sections -fdata-sections  -g3 -T ../firmware/CMSIS/startup_gcc/debug-in-microsemi-smartfusion2-esram.ld -Xlinker --gc-sections -Wl,-Map,"SF2_MKR_KIT_Connection_Test.map" --specs=nano.specs -o "SF2_MKR_KIT_Connection_Test.elf"  ./src/fab_Nokia5110.o ./src/main.o ./src/pixel_arrays.o  ./firmware/hal/CortexM3/GNU/hal.o ./firmware/hal/CortexM3/GNU/hw_reg_access.o  ./firmware/hal/CortexM3/cortex_nvic.o  ./firmware/drivers_config/sys_config/sys_config.o  ./firmware/drivers/mss_uart/mss_uart.o  ./firmware/drivers/mss_sys_services/mss_comblk.o ./firmware/drivers/mss_sys_services/mss_sys_services.o  ./firmware/drivers/mss_spi/mss_spi.o  ./firmware/drivers/mss_nvm/mss_nvm.o  ./firmware/drivers/mss_i2c/mss_i2c.o  ./firmware/drivers/mss_hpdma/mss_hpdma.o  ./firmware/drivers/mss_gpio/mss_gpio.o  ./firmware/drivers/mss_ethernet_mac/m88e1340_phy.o ./firmware/drivers/mss_ethernet_mac/mss_ethernet_mac.o  ./firmware/drivers/CorePWM/core_pwm.o  ./firmware/CMSIS/startup_gcc/newlib_stubs.o ./firmware/CMSIS/startup_gcc/startup_m2sxxx.o  ./firmware/CMSIS/system_m2sxxx.o   
Finished building target: SF2_MKR_KIT_Connection_Test.elf
 
Invoking: GNU ARM Cross Create Flash Image
arm-none-eabi-objcopy -O ihex "SF2_MKR_KIT_Connection_Test.elf"  "SF2_MKR_KIT_Connection_Test.hex"
Finished building: SF2_MKR_KIT_Connection_Test.hex
 
Invoking: GNU ARM Cross Print Size
arm-none-eabi-size --format=berkeley "SF2_MKR_KIT_Connection_Test.elf"
   text	   data	    bss	    dec	    hex	filename
  14016	     32	  51488	  65536	  10000	SF2_MKR_KIT_Connection_Test.elf
Finished building: SF2_MKR_KIT_Connection_Test.siz
 
22:43:27 **** Incremental Build of configuration Debug for project SF2_MKR_KIT_Connection_Test ****
make all 
Building file: ../src/fab_Nokia5110.c
Invoking: GNU ARM Cross C Compiler
arm-none-eabi-gcc -mcpu=cortex-m3 -mthumb -O0 -fmessage-length=0 -fsigned-char -ffunction-sections -fdata-sections  -g3 -I"E:\Github_Repos\SF2_MKR_KIT_Connections\Softconsole\SF2_MKR_KIT_Connection_Test\firmware\hal\CortexM3\GNU" -I"E:\Github_Repos\SF2_MKR_KIT_Connections\Softconsole\SF2_MKR_KIT_Connection_Test\firmware\hal" -std=gnu11 --specs=cmsis.specs -MMD -MP -MF"src/fab_Nokia5110.d" -MT"src/fab_Nokia5110.o" -c -o "src/fab_Nokia5110.o" "../src/fab_Nokia5110.c"
Finished building: ../src/fab_Nokia5110.c
 
Building file: ../src/main.c
Invoking: GNU ARM Cross C Compiler
arm-none-eabi-gcc -mcpu=cortex-m3 -mthumb -O0 -fmessage-length=0 -fsigned-char -ffunction-sections -fdata-sections  -g3 -I"E:\Github_Repos\SF2_MKR_KIT_Connections\Softconsole\SF2_MKR_KIT_Connection_Test\firmware\hal\CortexM3\GNU" -I"E:\Github_Repos\SF2_MKR_KIT_Connections\Softconsole\SF2_MKR_KIT_Connection_Test\firmware\hal" -std=gnu11 --specs=cmsis.specs -MMD -MP -MF"src/main.d" -MT"src/main.o" -c -o "src/main.o" "../src/main.c"
Finished building: ../src/main.c
 
Building target: SF2_MKR_KIT_Connection_Test.elf
Invoking: GNU ARM Cross C Linker
arm-none-eabi-gcc -mcpu=cortex-m3 -mthumb -O0 -fmessage-length=0 -fsigned-char -ffunction-sections -fdata-sections  -g3 -T ../firmware/CMSIS/startup_gcc/debug-in-microsemi-smartfusion2-esram.ld -Xlinker --gc-sections -Wl,-Map,"SF2_MKR_KIT_Connection_Test.map" --specs=nano.specs -o "SF2_MKR_KIT_Connection_Test.elf"  ./src/fab_Nokia5110.o ./src/main.o ./src/pixel_arrays.o  ./firmware/hal/CortexM3/GNU/hal.o ./firmware/hal/CortexM3/GNU/hw_reg_access.o  ./firmware/hal/CortexM3/cortex_nvic.o  ./firmware/drivers_config/sys_config/sys_config.o  ./firmware/drivers/mss_uart/mss_uart.o  ./firmware/drivers/mss_sys_services/mss_comblk.o ./firmware/drivers/mss_sys_services/mss_sys_services.o  ./firmware/drivers/mss_spi/mss_spi.o  ./firmware/drivers/mss_nvm/mss_nvm.o  ./firmware/drivers/mss_i2c/mss_i2c.o  ./firmware/drivers/mss_hpdma/mss_hpdma.o  ./firmware/drivers/mss_gpio/mss_gpio.o  ./firmware/drivers/mss_ethernet_mac/m88e1340_phy.o ./firmware/drivers/mss_ethernet_mac/mss_ethernet_mac.o  ./firmware/drivers/CorePWM/core_pwm.o  ./firmware/CMSIS/startup_gcc/newlib_stubs.o ./firmware/CMSIS/startup_gcc/startup_m2sxxx.o  ./firmware/CMSIS/system_m2sxxx.o   
Finished building target: SF2_MKR_KIT_Connection_Test.elf
 
Invoking: GNU ARM Cross Create Flash Image
arm-none-eabi-objcopy -O ihex "SF2_MKR_KIT_Connection_Test.elf"  "SF2_MKR_KIT_Connection_Test.hex"
Finished building: SF2_MKR_KIT_Connection_Test.hex
 
Invoking: GNU ARM Cross Print Size
arm-none-eabi-size --format=berkeley "SF2_MKR_KIT_Connection_Test.elf"
   text	   data	    bss	    dec	    hex	filename
  14112	     32	  51392	  65536	  10000	SF2_MKR_KIT_Connection_Test.elf
Finished building: SF2_MKR_KIT_Connection_Test.siz
 
22:43:54 **** Incremental Build of configuration Debug for project SF2_MKR_KIT_Connection_Test ****
make all 
Building file: ../src/main.c
Invoking: GNU ARM Cross C Compiler
arm-none-eabi-gcc -mcpu=cortex-m3 -mthumb -O0 -fmessage-length=0 -fsigned-char -ffunction-sections -fdata-sections  -g3 -I"E:\Github_Repos\SF2_MKR_KIT_Connections\Softconsole\SF2_MKR_KIT_Connection_Test\firmware\hal\CortexM3\GNU" -I"E:\Github_Repos\SF2_MKR_KIT_Connections\Softconsole\SF2_MKR_KIT_Connection_Test\firmware\hal" -std=gnu11 --specs=cmsis.specs -MMD -MP -MF"src/main.d" -MT"src/main.o" -c -o "src/main.o" "../src/main.c"
Finished building: ../src/main.c
 
Building target: SF2_MKR_KIT_Connection_Test.elf
Invoking: GNU ARM Cross C Linker
arm-none-eabi-gcc -mcpu=cortex-m3 -mthumb -O0 -fmessage-length=0 -fsigned-char -ffunction-sections -fdata-sections  -g3 -T ../firmware/CMSIS/startup_gcc/debug-in-microsemi-smartfusion2-esram.ld -Xlinker --gc-sections -Wl,-Map,"SF2_MKR_KIT_Connection_Test.map" --specs=nano.specs -o "SF2_MKR_KIT_Connection_Test.elf"  ./src/fab_Nokia5110.o ./src/main.o ./src/pixel_arrays.o  ./firmware/hal/CortexM3/GNU/hal.o ./firmware/hal/CortexM3/GNU/hw_reg_access.o  ./firmware/hal/CortexM3/cortex_nvic.o  ./firmware/drivers_config/sys_config/sys_config.o  ./firmware/drivers/mss_uart/mss_uart.o  ./firmware/drivers/mss_sys_services/mss_comblk.o ./firmware/drivers/mss_sys_services/mss_sys_services.o  ./firmware/drivers/mss_spi/mss_spi.o  ./firmware/drivers/mss_nvm/mss_nvm.o  ./firmware/drivers/mss_i2c/mss_i2c.o  ./firmware/drivers/mss_hpdma/mss_hpdma.o  ./firmware/drivers/mss_gpio/mss_gpio.o  ./firmware/drivers/mss_ethernet_mac/m88e1340_phy.o ./firmware/drivers/mss_ethernet_mac/mss_ethernet_mac.o  ./firmware/drivers/CorePWM/core_pwm.o  ./firmware/CMSIS/startup_gcc/newlib_stubs.o ./firmware/CMSIS/startup_gcc/startup_m2sxxx.o  ./firmware/CMSIS/system_m2sxxx.o   
Finished building target: SF2_MKR_KIT_Connection_Test.elf
 
Invoking: GNU ARM Cross Create Flash Image
arm-none-eabi-objcopy -O ihex "SF2_MKR_KIT_Connection_Test.elf"  "SF2_MKR_KIT_Connection_Test.hex"
Finished building: SF2_MKR_KIT_Connection_Test.hex
 
Invoking: GNU ARM Cross Print Size
arm-none-eabi-size --format=berkeley "SF2_MKR_KIT_Connection_Test.elf"
   text	   data	    bss	    dec	    hex	filename
  14032	     32	  51472	  65536	  10000	SF2_MKR_KIT_Connection_Test.elf
Finished building: SF2_MKR_KIT_Connection_Test.siz
 
23:10:22 **** Incremental Build of configuration Debug for project SF2_MKR_KIT_Connection_Test ****
make all 
Building file: ../src/main.c
Invoking: GNU ARM Cross C Compiler
arm-none-eabi-gcc -mcpu=cortex-m3 -mthumb -O0 -fmessage-length=0 -fsigned-char -ffunction-sections -fdata-sections  -g3 -I"E:\Github_Repos\SF2_MKR_KIT_Connections\Softconsole\SF2_MKR_KIT_Connection_Test\firmware\hal\CortexM3\GNU" -I"E:\Github_Repos\SF2_MKR_KIT_Connections\Softconsole\SF2_MKR_KIT_Connection_Test\firmware\hal" -std=gnu11 --specs=cmsis.specs -MMD -MP -MF"src/main.d" -MT"src/main.o" -c -o "src/main.o" "../src/main.c"
../src/main.c: In function 'fab_nokia_test':
../src/main.c:150:34: warning: unsigned conversion from 'int' to 'unsigned char' changes value from '185667857' to '17' [-Woverflow]
  uint8_t small_letter_alpha[] = {0xb111111, 0xb111111, 0xb111111, 0xb111111, 0xb111111};
                                  ^~~~~~~~~
../src/main.c:150:45: warning: unsigned conversion from 'int' to 'unsigned char' changes value from '185667857' to '17' [-Woverflow]
  uint8_t small_letter_alpha[] = {0xb111111, 0xb111111, 0xb111111, 0xb111111, 0xb111111};
                                             ^~~~~~~~~
../src/main.c:150:56: warning: unsigned conversion from 'int' to 'unsigned char' changes value from '185667857' to '17' [-Woverflow]
  uint8_t small_letter_alpha[] = {0xb111111, 0xb111111, 0xb111111, 0xb111111, 0xb111111};
                                                        ^~~~~~~~~
../src/main.c:150:67: warning: unsigned conversion from 'int' to 'unsigned char' changes value from '185667857' to '17' [-Woverflow]
  uint8_t small_letter_alpha[] = {0xb111111, 0xb111111, 0xb111111, 0xb111111, 0xb111111};
                                                                   ^~~~~~~~~
../src/main.c:150:78: warning: unsigned conversion from 'int' to 'unsigned char' changes value from '185667857' to '17' [-Woverflow]
  uint8_t small_letter_alpha[] = {0xb111111, 0xb111111, 0xb111111, 0xb111111, 0xb111111};
                                                                              ^~~~~~~~~
Finished building: ../src/main.c
 
Building target: SF2_MKR_KIT_Connection_Test.elf
Invoking: GNU ARM Cross C Linker
arm-none-eabi-gcc -mcpu=cortex-m3 -mthumb -O0 -fmessage-length=0 -fsigned-char -ffunction-sections -fdata-sections  -g3 -T ../firmware/CMSIS/startup_gcc/debug-in-microsemi-smartfusion2-esram.ld -Xlinker --gc-sections -Wl,-Map,"SF2_MKR_KIT_Connection_Test.map" --specs=nano.specs -o "SF2_MKR_KIT_Connection_Test.elf"  ./src/fab_Nokia5110.o ./src/main.o ./src/pixel_arrays.o  ./firmware/hal/CortexM3/GNU/hal.o ./firmware/hal/CortexM3/GNU/hw_reg_access.o  ./firmware/hal/CortexM3/cortex_nvic.o  ./firmware/drivers_config/sys_config/sys_config.o  ./firmware/drivers/mss_uart/mss_uart.o  ./firmware/drivers/mss_sys_services/mss_comblk.o ./firmware/drivers/mss_sys_services/mss_sys_services.o  ./firmware/drivers/mss_spi/mss_spi.o  ./firmware/drivers/mss_nvm/mss_nvm.o  ./firmware/drivers/mss_i2c/mss_i2c.o  ./firmware/drivers/mss_hpdma/mss_hpdma.o  ./firmware/drivers/mss_gpio/mss_gpio.o  ./firmware/drivers/mss_ethernet_mac/m88e1340_phy.o ./firmware/drivers/mss_ethernet_mac/mss_ethernet_mac.o  ./firmware/drivers/CorePWM/core_pwm.o  ./firmware/CMSIS/startup_gcc/newlib_stubs.o ./firmware/CMSIS/startup_gcc/startup_m2sxxx.o  ./firmware/CMSIS/system_m2sxxx.o   
Finished building target: SF2_MKR_KIT_Connection_Test.elf
 
Invoking: GNU ARM Cross Create Flash Image
arm-none-eabi-objcopy -O ihex "SF2_MKR_KIT_Connection_Test.elf"  "SF2_MKR_KIT_Connection_Test.hex"
Finished building: SF2_MKR_KIT_Connection_Test.hex
 
Invoking: GNU ARM Cross Print Size
arm-none-eabi-size --format=berkeley "SF2_MKR_KIT_Connection_Test.elf"
   text	   data	    bss	    dec	    hex	filename
  14112	     32	  51392	  65536	  10000	SF2_MKR_KIT_Connection_Test.elf
Finished building: SF2_MKR_KIT_Connection_Test.siz
 
23:10:53 **** Incremental Build of configuration Debug for project SF2_MKR_KIT_Connection_Test ****
make all 
Building file: ../src/main.c
Invoking: GNU ARM Cross C Compiler
arm-none-eabi-gcc -mcpu=cortex-m3 -mthumb -O0 -fmessage-length=0 -fsigned-char -ffunction-sections -fdata-sections  -g3 -I"E:\Github_Repos\SF2_MKR_KIT_Connections\Softconsole\SF2_MKR_KIT_Connection_Test\firmware\hal\CortexM3\GNU" -I"E:\Github_Repos\SF2_MKR_KIT_Connections\Softconsole\SF2_MKR_KIT_Connection_Test\firmware\hal" -std=gnu11 --specs=cmsis.specs -MMD -MP -MF"src/main.d" -MT"src/main.o" -c -o "src/main.o" "../src/main.c"
Finished building: ../src/main.c
 
Building target: SF2_MKR_KIT_Connection_Test.elf
Invoking: GNU ARM Cross C Linker
arm-none-eabi-gcc -mcpu=cortex-m3 -mthumb -O0 -fmessage-length=0 -fsigned-char -ffunction-sections -fdata-sections  -g3 -T ../firmware/CMSIS/startup_gcc/debug-in-microsemi-smartfusion2-esram.ld -Xlinker --gc-sections -Wl,-Map,"SF2_MKR_KIT_Connection_Test.map" --specs=nano.specs -o "SF2_MKR_KIT_Connection_Test.elf"  ./src/fab_Nokia5110.o ./src/main.o ./src/pixel_arrays.o  ./firmware/hal/CortexM3/GNU/hal.o ./firmware/hal/CortexM3/GNU/hw_reg_access.o  ./firmware/hal/CortexM3/cortex_nvic.o  ./firmware/drivers_config/sys_config/sys_config.o  ./firmware/drivers/mss_uart/mss_uart.o  ./firmware/drivers/mss_sys_services/mss_comblk.o ./firmware/drivers/mss_sys_services/mss_sys_services.o  ./firmware/drivers/mss_spi/mss_spi.o  ./firmware/drivers/mss_nvm/mss_nvm.o  ./firmware/drivers/mss_i2c/mss_i2c.o  ./firmware/drivers/mss_hpdma/mss_hpdma.o  ./firmware/drivers/mss_gpio/mss_gpio.o  ./firmware/drivers/mss_ethernet_mac/m88e1340_phy.o ./firmware/drivers/mss_ethernet_mac/mss_ethernet_mac.o  ./firmware/drivers/CorePWM/core_pwm.o  ./firmware/CMSIS/startup_gcc/newlib_stubs.o ./firmware/CMSIS/startup_gcc/startup_m2sxxx.o  ./firmware/CMSIS/system_m2sxxx.o   
Finished building target: SF2_MKR_KIT_Connection_Test.elf
 
Invoking: GNU ARM Cross Create Flash Image
arm-none-eabi-objcopy -O ihex "SF2_MKR_KIT_Connection_Test.elf"  "SF2_MKR_KIT_Connection_Test.hex"
Finished building: SF2_MKR_KIT_Connection_Test.hex
 
Invoking: GNU ARM Cross Print Size
arm-none-eabi-size --format=berkeley "SF2_MKR_KIT_Connection_Test.elf"
   text	   data	    bss	    dec	    hex	filename
  14112	     32	  51392	  65536	  10000	SF2_MKR_KIT_Connection_Test.elf
Finished building: SF2_MKR_KIT_Connection_Test.siz
 
23:14:06 **** Incremental Build of configuration Debug for project SF2_MKR_KIT_Connection_Test ****
make all 
Building file: ../src/main.c
Invoking: GNU ARM Cross C Compiler
arm-none-eabi-gcc -mcpu=cortex-m3 -mthumb -O0 -fmessage-length=0 -fsigned-char -ffunction-sections -fdata-sections  -g3 -I"E:\Github_Repos\SF2_MKR_KIT_Connections\Softconsole\SF2_MKR_KIT_Connection_Test\firmware\hal\CortexM3\GNU" -I"E:\Github_Repos\SF2_MKR_KIT_Connections\Softconsole\SF2_MKR_KIT_Connection_Test\firmware\hal" -std=gnu11 --specs=cmsis.specs -MMD -MP -MF"src/main.d" -MT"src/main.o" -c -o "src/main.o" "../src/main.c"
Finished building: ../src/main.c
 
Building target: SF2_MKR_KIT_Connection_Test.elf
Invoking: GNU ARM Cross C Linker
arm-none-eabi-gcc -mcpu=cortex-m3 -mthumb -O0 -fmessage-length=0 -fsigned-char -ffunction-sections -fdata-sections  -g3 -T ../firmware/CMSIS/startup_gcc/debug-in-microsemi-smartfusion2-esram.ld -Xlinker --gc-sections -Wl,-Map,"SF2_MKR_KIT_Connection_Test.map" --specs=nano.specs -o "SF2_MKR_KIT_Connection_Test.elf"  ./src/fab_Nokia5110.o ./src/main.o ./src/pixel_arrays.o  ./firmware/hal/CortexM3/GNU/hal.o ./firmware/hal/CortexM3/GNU/hw_reg_access.o  ./firmware/hal/CortexM3/cortex_nvic.o  ./firmware/drivers_config/sys_config/sys_config.o  ./firmware/drivers/mss_uart/mss_uart.o  ./firmware/drivers/mss_sys_services/mss_comblk.o ./firmware/drivers/mss_sys_services/mss_sys_services.o  ./firmware/drivers/mss_spi/mss_spi.o  ./firmware/drivers/mss_nvm/mss_nvm.o  ./firmware/drivers/mss_i2c/mss_i2c.o  ./firmware/drivers/mss_hpdma/mss_hpdma.o  ./firmware/drivers/mss_gpio/mss_gpio.o  ./firmware/drivers/mss_ethernet_mac/m88e1340_phy.o ./firmware/drivers/mss_ethernet_mac/mss_ethernet_mac.o  ./firmware/drivers/CorePWM/core_pwm.o  ./firmware/CMSIS/startup_gcc/newlib_stubs.o ./firmware/CMSIS/startup_gcc/startup_m2sxxx.o  ./firmware/CMSIS/system_m2sxxx.o   
Finished building target: SF2_MKR_KIT_Connection_Test.elf
 
Invoking: GNU ARM Cross Create Flash Image
arm-none-eabi-objcopy -O ihex "SF2_MKR_KIT_Connection_Test.elf"  "SF2_MKR_KIT_Connection_Test.hex"
Finished building: SF2_MKR_KIT_Connection_Test.hex
 
Invoking: GNU ARM Cross Print Size
arm-none-eabi-size --format=berkeley "SF2_MKR_KIT_Connection_Test.elf"
   text	   data	    bss	    dec	    hex	filename
  14144	     32	  51360	  65536	  10000	SF2_MKR_KIT_Connection_Test.elf
Finished building: SF2_MKR_KIT_Connection_Test.siz
 
00:01:41 **** Incremental Build of configuration Debug for project SF2_MKR_KIT_Connection_Test ****
make all 
Building file: ../src/main.c
Invoking: GNU ARM Cross C Compiler
arm-none-eabi-gcc -mcpu=cortex-m3 -mthumb -O0 -fmessage-length=0 -fsigned-char -ffunction-sections -fdata-sections  -g3 -I"E:\Github_Repos\SF2_MKR_KIT_Connections\Softconsole\SF2_MKR_KIT_Connection_Test\firmware\hal\CortexM3\GNU" -I"E:\Github_Repos\SF2_MKR_KIT_Connections\Softconsole\SF2_MKR_KIT_Connection_Test\firmware\hal" -std=gnu11 --specs=cmsis.specs -MMD -MP -MF"src/main.d" -MT"src/main.o" -c -o "src/main.o" "../src/main.c"
../src/main.c: In function 'fab_nokia_test':
../src/main.c:271:2: error: expected ';' before 'int'
  int x_3x7 = 1, y_3x7 = 4;
  ^~~
../src/main.c:276:4: error: 'x_3x7' undeclared (first use in this function)
    x_3x7, y_3x7,
    ^~~~~
../src/main.c:276:4: note: each undeclared identifier is reported only once for each function it appears in
../src/main.c:276:11: error: 'y_3x7' undeclared (first use in this function)
    x_3x7, y_3x7,
           ^~~~~
make: *** [src/subdir.mk:26: src/main.o] Error 1
"make all" terminated with exit code 2. Build might be incomplete.
00:01:53 **** Incremental Build of configuration Debug for project SF2_MKR_KIT_Connection_Test ****
make all 
Building file: ../src/main.c
Invoking: GNU ARM Cross C Compiler
arm-none-eabi-gcc -mcpu=cortex-m3 -mthumb -O0 -fmessage-length=0 -fsigned-char -ffunction-sections -fdata-sections  -g3 -I"E:\Github_Repos\SF2_MKR_KIT_Connections\Softconsole\SF2_MKR_KIT_Connection_Test\firmware\hal\CortexM3\GNU" -I"E:\Github_Repos\SF2_MKR_KIT_Connections\Softconsole\SF2_MKR_KIT_Connection_Test\firmware\hal" -std=gnu11 --specs=cmsis.specs -MMD -MP -MF"src/main.d" -MT"src/main.o" -c -o "src/main.o" "../src/main.c"
Finished building: ../src/main.c
 
Building target: SF2_MKR_KIT_Connection_Test.elf
Invoking: GNU ARM Cross C Linker
arm-none-eabi-gcc -mcpu=cortex-m3 -mthumb -O0 -fmessage-length=0 -fsigned-char -ffunction-sections -fdata-sections  -g3 -T ../firmware/CMSIS/startup_gcc/debug-in-microsemi-smartfusion2-esram.ld -Xlinker --gc-sections -Wl,-Map,"SF2_MKR_KIT_Connection_Test.map" --specs=nano.specs -o "SF2_MKR_KIT_Connection_Test.elf"  ./src/fab_Nokia5110.o ./src/main.o ./src/pixel_arrays.o  ./firmware/hal/CortexM3/GNU/hal.o ./firmware/hal/CortexM3/GNU/hw_reg_access.o  ./firmware/hal/CortexM3/cortex_nvic.o  ./firmware/drivers_config/sys_config/sys_config.o  ./firmware/drivers/mss_uart/mss_uart.o  ./firmware/drivers/mss_sys_services/mss_comblk.o ./firmware/drivers/mss_sys_services/mss_sys_services.o  ./firmware/drivers/mss_spi/mss_spi.o  ./firmware/drivers/mss_nvm/mss_nvm.o  ./firmware/drivers/mss_i2c/mss_i2c.o  ./firmware/drivers/mss_hpdma/mss_hpdma.o  ./firmware/drivers/mss_gpio/mss_gpio.o  ./firmware/drivers/mss_ethernet_mac/m88e1340_phy.o ./firmware/drivers/mss_ethernet_mac/mss_ethernet_mac.o  ./firmware/drivers/CorePWM/core_pwm.o  ./firmware/CMSIS/startup_gcc/newlib_stubs.o ./firmware/CMSIS/startup_gcc/startup_m2sxxx.o  ./firmware/CMSIS/system_m2sxxx.o   
Finished building target: SF2_MKR_KIT_Connection_Test.elf
 
Invoking: GNU ARM Cross Create Flash Image
arm-none-eabi-objcopy -O ihex "SF2_MKR_KIT_Connection_Test.elf"  "SF2_MKR_KIT_Connection_Test.hex"
Finished building: SF2_MKR_KIT_Connection_Test.hex
 
Invoking: GNU ARM Cross Print Size
arm-none-eabi-size --format=berkeley "SF2_MKR_KIT_Connection_Test.elf"
   text	   data	    bss	    dec	    hex	filename
  14240	    320	  50976	  65536	  10000	SF2_MKR_KIT_Connection_Test.elf
Finished building: SF2_MKR_KIT_Connection_Test.siz
 
00:02:31 **** Incremental Build of configuration Debug for project SF2_MKR_KIT_Connection_Test ****
make all 
Building file: ../src/main.c
Invoking: GNU ARM Cross C Compiler
arm-none-eabi-gcc -mcpu=cortex-m3 -mthumb -O0 -fmessage-length=0 -fsigned-char -ffunction-sections -fdata-sections  -g3 -I"E:\Github_Repos\SF2_MKR_KIT_Connections\Softconsole\SF2_MKR_KIT_Connection_Test\firmware\hal\CortexM3\GNU" -I"E:\Github_Repos\SF2_MKR_KIT_Connections\Softconsole\SF2_MKR_KIT_Connection_Test\firmware\hal" -std=gnu11 --specs=cmsis.specs -MMD -MP -MF"src/main.d" -MT"src/main.o" -c -o "src/main.o" "../src/main.c"
Finished building: ../src/main.c
 
Building target: SF2_MKR_KIT_Connection_Test.elf
Invoking: GNU ARM Cross C Linker
arm-none-eabi-gcc -mcpu=cortex-m3 -mthumb -O0 -fmessage-length=0 -fsigned-char -ffunction-sections -fdata-sections  -g3 -T ../firmware/CMSIS/startup_gcc/debug-in-microsemi-smartfusion2-esram.ld -Xlinker --gc-sections -Wl,-Map,"SF2_MKR_KIT_Connection_Test.map" --specs=nano.specs -o "SF2_MKR_KIT_Connection_Test.elf"  ./src/fab_Nokia5110.o ./src/main.o ./src/pixel_arrays.o  ./firmware/hal/CortexM3/GNU/hal.o ./firmware/hal/CortexM3/GNU/hw_reg_access.o  ./firmware/hal/CortexM3/cortex_nvic.o  ./firmware/drivers_config/sys_config/sys_config.o  ./firmware/drivers/mss_uart/mss_uart.o  ./firmware/drivers/mss_sys_services/mss_comblk.o ./firmware/drivers/mss_sys_services/mss_sys_services.o  ./firmware/drivers/mss_spi/mss_spi.o  ./firmware/drivers/mss_nvm/mss_nvm.o  ./firmware/drivers/mss_i2c/mss_i2c.o  ./firmware/drivers/mss_hpdma/mss_hpdma.o  ./firmware/drivers/mss_gpio/mss_gpio.o  ./firmware/drivers/mss_ethernet_mac/m88e1340_phy.o ./firmware/drivers/mss_ethernet_mac/mss_ethernet_mac.o  ./firmware/drivers/CorePWM/core_pwm.o  ./firmware/CMSIS/startup_gcc/newlib_stubs.o ./firmware/CMSIS/startup_gcc/startup_m2sxxx.o  ./firmware/CMSIS/system_m2sxxx.o   
Finished building target: SF2_MKR_KIT_Connection_Test.elf
 
Invoking: GNU ARM Cross Create Flash Image
arm-none-eabi-objcopy -O ihex "SF2_MKR_KIT_Connection_Test.elf"  "SF2_MKR_KIT_Connection_Test.hex"
Finished building: SF2_MKR_KIT_Connection_Test.hex
 
Invoking: GNU ARM Cross Print Size
arm-none-eabi-size --format=berkeley "SF2_MKR_KIT_Connection_Test.elf"
   text	   data	    bss	    dec	    hex	filename
  14240	    320	  50976	  65536	  10000	SF2_MKR_KIT_Connection_Test.elf
Finished building: SF2_MKR_KIT_Connection_Test.siz
 
00:03:01 **** Incremental Build of configuration Debug for project SF2_MKR_KIT_Connection_Test ****
make all 
Building file: ../src/main.c
Invoking: GNU ARM Cross C Compiler
arm-none-eabi-gcc -mcpu=cortex-m3 -mthumb -O0 -fmessage-length=0 -fsigned-char -ffunction-sections -fdata-sections  -g3 -I"E:\Github_Repos\SF2_MKR_KIT_Connections\Softconsole\SF2_MKR_KIT_Connection_Test\firmware\hal\CortexM3\GNU" -I"E:\Github_Repos\SF2_MKR_KIT_Connections\Softconsole\SF2_MKR_KIT_Connection_Test\firmware\hal" -std=gnu11 --specs=cmsis.specs -MMD -MP -MF"src/main.d" -MT"src/main.o" -c -o "src/main.o" "../src/main.c"
Finished building: ../src/main.c
 
Building target: SF2_MKR_KIT_Connection_Test.elf
Invoking: GNU ARM Cross C Linker
arm-none-eabi-gcc -mcpu=cortex-m3 -mthumb -O0 -fmessage-length=0 -fsigned-char -ffunction-sections -fdata-sections  -g3 -T ../firmware/CMSIS/startup_gcc/debug-in-microsemi-smartfusion2-esram.ld -Xlinker --gc-sections -Wl,-Map,"SF2_MKR_KIT_Connection_Test.map" --specs=nano.specs -o "SF2_MKR_KIT_Connection_Test.elf"  ./src/fab_Nokia5110.o ./src/main.o ./src/pixel_arrays.o  ./firmware/hal/CortexM3/GNU/hal.o ./firmware/hal/CortexM3/GNU/hw_reg_access.o  ./firmware/hal/CortexM3/cortex_nvic.o  ./firmware/drivers_config/sys_config/sys_config.o  ./firmware/drivers/mss_uart/mss_uart.o  ./firmware/drivers/mss_sys_services/mss_comblk.o ./firmware/drivers/mss_sys_services/mss_sys_services.o  ./firmware/drivers/mss_spi/mss_spi.o  ./firmware/drivers/mss_nvm/mss_nvm.o  ./firmware/drivers/mss_i2c/mss_i2c.o  ./firmware/drivers/mss_hpdma/mss_hpdma.o  ./firmware/drivers/mss_gpio/mss_gpio.o  ./firmware/drivers/mss_ethernet_mac/m88e1340_phy.o ./firmware/drivers/mss_ethernet_mac/mss_ethernet_mac.o  ./firmware/drivers/CorePWM/core_pwm.o  ./firmware/CMSIS/startup_gcc/newlib_stubs.o ./firmware/CMSIS/startup_gcc/startup_m2sxxx.o  ./firmware/CMSIS/system_m2sxxx.o   
Finished building target: SF2_MKR_KIT_Connection_Test.elf
 
Invoking: GNU ARM Cross Create Flash Image
arm-none-eabi-objcopy -O ihex "SF2_MKR_KIT_Connection_Test.elf"  "SF2_MKR_KIT_Connection_Test.hex"
Finished building: SF2_MKR_KIT_Connection_Test.hex
 
Invoking: GNU ARM Cross Print Size
arm-none-eabi-size --format=berkeley "SF2_MKR_KIT_Connection_Test.elf"
   text	   data	    bss	    dec	    hex	filename
  14240	    320	  50976	  65536	  10000	SF2_MKR_KIT_Connection_Test.elf
Finished building: SF2_MKR_KIT_Connection_Test.siz
 
00:29:51 **** Incremental Build of configuration Debug for project SF2_MKR_KIT_Connection_Test ****
make all 
Building file: ../src/lcd_characters.c
Invoking: GNU ARM Cross C Compiler
arm-none-eabi-gcc -mcpu=cortex-m3 -mthumb -O0 -fmessage-length=0 -fsigned-char -ffunction-sections -fdata-sections  -g3 -I"E:\Github_Repos\SF2_MKR_KIT_Connections\Softconsole\SF2_MKR_KIT_Connection_Test\firmware\hal\CortexM3\GNU" -I"E:\Github_Repos\SF2_MKR_KIT_Connections\Softconsole\SF2_MKR_KIT_Connection_Test\firmware\hal" -std=gnu11 --specs=cmsis.specs -MMD -MP -MF"src/lcd_characters.d" -MT"src/lcd_characters.o" -c -o "src/lcd_characters.o" "../src/lcd_characters.c"
Finished building: ../src/lcd_characters.c
 
Building file: ../src/main.c
Invoking: GNU ARM Cross C Compiler
arm-none-eabi-gcc -mcpu=cortex-m3 -mthumb -O0 -fmessage-length=0 -fsigned-char -ffunction-sections -fdata-sections  -g3 -I"E:\Github_Repos\SF2_MKR_KIT_Connections\Softconsole\SF2_MKR_KIT_Connection_Test\firmware\hal\CortexM3\GNU" -I"E:\Github_Repos\SF2_MKR_KIT_Connections\Softconsole\SF2_MKR_KIT_Connection_Test\firmware\hal" -std=gnu11 --specs=cmsis.specs -MMD -MP -MF"src/main.d" -MT"src/main.o" -c -o "src/main.o" "../src/main.c"
Finished building: ../src/main.c
 
Building target: SF2_MKR_KIT_Connection_Test.elf
Invoking: GNU ARM Cross C Linker
arm-none-eabi-gcc -mcpu=cortex-m3 -mthumb -O0 -fmessage-length=0 -fsigned-char -ffunction-sections -fdata-sections  -g3 -T ../firmware/CMSIS/startup_gcc/debug-in-microsemi-smartfusion2-esram.ld -Xlinker --gc-sections -Wl,-Map,"SF2_MKR_KIT_Connection_Test.map" --specs=nano.specs -o "SF2_MKR_KIT_Connection_Test.elf"  ./src/fab_Nokia5110.o ./src/lcd_characters.o ./src/main.o ./src/pixel_arrays.o  ./firmware/hal/CortexM3/GNU/hal.o ./firmware/hal/CortexM3/GNU/hw_reg_access.o  ./firmware/hal/CortexM3/cortex_nvic.o  ./firmware/drivers_config/sys_config/sys_config.o  ./firmware/drivers/mss_uart/mss_uart.o  ./firmware/drivers/mss_sys_services/mss_comblk.o ./firmware/drivers/mss_sys_services/mss_sys_services.o  ./firmware/drivers/mss_spi/mss_spi.o  ./firmware/drivers/mss_nvm/mss_nvm.o  ./firmware/drivers/mss_i2c/mss_i2c.o  ./firmware/drivers/mss_hpdma/mss_hpdma.o  ./firmware/drivers/mss_gpio/mss_gpio.o  ./firmware/drivers/mss_ethernet_mac/m88e1340_phy.o ./firmware/drivers/mss_ethernet_mac/mss_ethernet_mac.o  ./firmware/drivers/CorePWM/core_pwm.o  ./firmware/CMSIS/startup_gcc/newlib_stubs.o ./firmware/CMSIS/startup_gcc/startup_m2sxxx.o  ./firmware/CMSIS/system_m2sxxx.o   
Finished building target: SF2_MKR_KIT_Connection_Test.elf
 
Invoking: GNU ARM Cross Create Flash Image
arm-none-eabi-objcopy -O ihex "SF2_MKR_KIT_Connection_Test.elf"  "SF2_MKR_KIT_Connection_Test.hex"
Finished building: SF2_MKR_KIT_Connection_Test.hex
 
Invoking: GNU ARM Cross Print Size
arm-none-eabi-size --format=berkeley "SF2_MKR_KIT_Connection_Test.elf"
   text	   data	    bss	    dec	    hex	filename
  14240	    320	  50976	  65536	  10000	SF2_MKR_KIT_Connection_Test.elf
Finished building: SF2_MKR_KIT_Connection_Test.siz
 
00:32:58 **** Incremental Build of configuration Debug for project SF2_MKR_KIT_Connection_Test ****
make all 
Building file: ../src/main.c
Invoking: GNU ARM Cross C Compiler
arm-none-eabi-gcc -mcpu=cortex-m3 -mthumb -O0 -fmessage-length=0 -fsigned-char -ffunction-sections -fdata-sections  -g3 -I"E:\Github_Repos\SF2_MKR_KIT_Connections\Softconsole\SF2_MKR_KIT_Connection_Test\firmware\hal\CortexM3\GNU" -I"E:\Github_Repos\SF2_MKR_KIT_Connections\Softconsole\SF2_MKR_KIT_Connection_Test\firmware\hal" -std=gnu11 --specs=cmsis.specs -MMD -MP -MF"src/main.d" -MT"src/main.o" -c -o "src/main.o" "../src/main.c"
../src/main.c: In function 'fab_nokia_test':
../src/main.c:277:4: error: expected expression before '{' token
    {0b10000000},
    ^
../src/main.c:272:3: error: too few arguments to function 'nokia_set_pixel_block_alpha'
   nokia_set_pixel_block_alpha
   ^~~~~~~~~~~~~~~~~~~~~~~~~~~
In file included from ../src/main.c:19:
../src/fab_Nokia5110.h:320:6: note: declared here
 void nokia_set_pixel_block_alpha
      ^~~~~~~~~~~~~~~~~~~~~~~~~~~
../src/main.c:293:4: error: expected expression before '{' token
    {0b10000000},
    ^
../src/main.c:288:3: error: too few arguments to function 'nokia_set_pixel_block_alpha'
   nokia_set_pixel_block_alpha
   ^~~~~~~~~~~~~~~~~~~~~~~~~~~
In file included from ../src/main.c:19:
../src/fab_Nokia5110.h:320:6: note: declared here
 void nokia_set_pixel_block_alpha
      ^~~~~~~~~~~~~~~~~~~~~~~~~~~
make: *** [src/subdir.mk:29: src/main.o] Error 1
"make all" terminated with exit code 2. Build might be incomplete.
00:39:02 **** Incremental Build of configuration Debug for project SF2_MKR_KIT_Connection_Test ****
make all 
Building file: ../src/main.c
Invoking: GNU ARM Cross C Compiler
arm-none-eabi-gcc -mcpu=cortex-m3 -mthumb -O0 -fmessage-length=0 -fsigned-char -ffunction-sections -fdata-sections  -g3 -I"E:\Github_Repos\SF2_MKR_KIT_Connections\Softconsole\SF2_MKR_KIT_Connection_Test\firmware\hal\CortexM3\GNU" -I"E:\Github_Repos\SF2_MKR_KIT_Connections\Softconsole\SF2_MKR_KIT_Connection_Test\firmware\hal" -std=gnu11 --specs=cmsis.specs -MMD -MP -MF"src/main.d" -MT"src/main.o" -c -o "src/main.o" "../src/main.c"
../src/main.c: In function 'fab_nokia_test':
../src/main.c:277:15: warning: initialization of 'uint8_t *' {aka 'unsigned char *'} from 'int' makes pointer from integer without a cast [-Wint-conversion]
    (uint8_t*){0b10000000},
               ^~~~~~~~~~
../src/main.c:277:15: note: (near initialization for '(anonymous)')
../src/main.c:278:4: error: expected expression before '{' token
    {0b01111111}
    ^
../src/main.c:293:4: error: expected expression before '{' token
    {0b10000000},
    ^
../src/main.c:288:3: error: too few arguments to function 'nokia_set_pixel_block_alpha'
   nokia_set_pixel_block_alpha
   ^~~~~~~~~~~~~~~~~~~~~~~~~~~
In file included from ../src/main.c:19:
../src/fab_Nokia5110.h:320:6: note: declared here
 void nokia_set_pixel_block_alpha
      ^~~~~~~~~~~~~~~~~~~~~~~~~~~
make: *** [src/subdir.mk:29: src/main.o] Error 1
"make all" terminated with exit code 2. Build might be incomplete.
00:40:18 **** Incremental Build of configuration Debug for project SF2_MKR_KIT_Connection_Test ****
make all 
Building file: ../src/main.c
Invoking: GNU ARM Cross C Compiler
arm-none-eabi-gcc -mcpu=cortex-m3 -mthumb -O0 -fmessage-length=0 -fsigned-char -ffunction-sections -fdata-sections  -g3 -I"E:\Github_Repos\SF2_MKR_KIT_Connections\Softconsole\SF2_MKR_KIT_Connection_Test\firmware\hal\CortexM3\GNU" -I"E:\Github_Repos\SF2_MKR_KIT_Connections\Softconsole\SF2_MKR_KIT_Connection_Test\firmware\hal" -std=gnu11 --specs=cmsis.specs -MMD -MP -MF"src/main.d" -MT"src/main.o" -c -o "src/main.o" "../src/main.c"
../src/main.c: In function 'fab_nokia_test':
../src/main.c:279:4: error: wrong type argument to bit-complement
    ~spacer
    ^
../src/main.c:295:4: error: wrong type argument to bit-complement
    ~spacer
    ^
make: *** [src/subdir.mk:29: src/main.o] Error 1
"make all" terminated with exit code 2. Build might be incomplete.
00:40:47 **** Incremental Build of configuration Debug for project SF2_MKR_KIT_Connection_Test ****
make all 
Building file: ../src/main.c
Invoking: GNU ARM Cross C Compiler
arm-none-eabi-gcc -mcpu=cortex-m3 -mthumb -O0 -fmessage-length=0 -fsigned-char -ffunction-sections -fdata-sections  -g3 -I"E:\Github_Repos\SF2_MKR_KIT_Connections\Softconsole\SF2_MKR_KIT_Connection_Test\firmware\hal\CortexM3\GNU" -I"E:\Github_Repos\SF2_MKR_KIT_Connections\Softconsole\SF2_MKR_KIT_Connection_Test\firmware\hal" -std=gnu11 --specs=cmsis.specs -MMD -MP -MF"src/main.d" -MT"src/main.o" -c -o "src/main.o" "../src/main.c"
Finished building: ../src/main.c
 
Building target: SF2_MKR_KIT_Connection_Test.elf
Invoking: GNU ARM Cross C Linker
arm-none-eabi-gcc -mcpu=cortex-m3 -mthumb -O0 -fmessage-length=0 -fsigned-char -ffunction-sections -fdata-sections  -g3 -T ../firmware/CMSIS/startup_gcc/debug-in-microsemi-smartfusion2-esram.ld -Xlinker --gc-sections -Wl,-Map,"SF2_MKR_KIT_Connection_Test.map" --specs=nano.specs -o "SF2_MKR_KIT_Connection_Test.elf"  ./src/fab_Nokia5110.o ./src/lcd_characters.o ./src/main.o ./src/pixel_arrays.o  ./firmware/hal/CortexM3/GNU/hal.o ./firmware/hal/CortexM3/GNU/hw_reg_access.o  ./firmware/hal/CortexM3/cortex_nvic.o  ./firmware/drivers_config/sys_config/sys_config.o  ./firmware/drivers/mss_uart/mss_uart.o  ./firmware/drivers/mss_sys_services/mss_comblk.o ./firmware/drivers/mss_sys_services/mss_sys_services.o  ./firmware/drivers/mss_spi/mss_spi.o  ./firmware/drivers/mss_nvm/mss_nvm.o  ./firmware/drivers/mss_i2c/mss_i2c.o  ./firmware/drivers/mss_hpdma/mss_hpdma.o  ./firmware/drivers/mss_gpio/mss_gpio.o  ./firmware/drivers/mss_ethernet_mac/m88e1340_phy.o ./firmware/drivers/mss_ethernet_mac/mss_ethernet_mac.o  ./firmware/drivers/CorePWM/core_pwm.o  ./firmware/CMSIS/startup_gcc/newlib_stubs.o ./firmware/CMSIS/startup_gcc/startup_m2sxxx.o  ./firmware/CMSIS/system_m2sxxx.o   
Finished building target: SF2_MKR_KIT_Connection_Test.elf
 
Invoking: GNU ARM Cross Create Flash Image
arm-none-eabi-objcopy -O ihex "SF2_MKR_KIT_Connection_Test.elf"  "SF2_MKR_KIT_Connection_Test.hex"
Finished building: SF2_MKR_KIT_Connection_Test.hex
 
Invoking: GNU ARM Cross Print Size
arm-none-eabi-size --format=berkeley "SF2_MKR_KIT_Connection_Test.elf"
   text	   data	    bss	    dec	    hex	filename
  14320	    320	  50896	  65536	  10000	SF2_MKR_KIT_Connection_Test.elf
Finished building: SF2_MKR_KIT_Connection_Test.siz
 
00:43:54 **** Incremental Build of configuration Debug for project SF2_MKR_KIT_Connection_Test ****
make all 
Building file: ../src/lcd_characters.c
Invoking: GNU ARM Cross C Compiler
arm-none-eabi-gcc -mcpu=cortex-m3 -mthumb -O0 -fmessage-length=0 -fsigned-char -ffunction-sections -fdata-sections  -g3 -I"E:\Github_Repos\SF2_MKR_KIT_Connections\Softconsole\SF2_MKR_KIT_Connection_Test\firmware\hal\CortexM3\GNU" -I"E:\Github_Repos\SF2_MKR_KIT_Connections\Softconsole\SF2_MKR_KIT_Connection_Test\firmware\hal" -std=gnu11 --specs=cmsis.specs -MMD -MP -MF"src/lcd_characters.d" -MT"src/lcd_characters.o" -c -o "src/lcd_characters.o" "../src/lcd_characters.c"
Finished building: ../src/lcd_characters.c
 
Building file: ../src/main.c
Invoking: GNU ARM Cross C Compiler
arm-none-eabi-gcc -mcpu=cortex-m3 -mthumb -O0 -fmessage-length=0 -fsigned-char -ffunction-sections -fdata-sections  -g3 -I"E:\Github_Repos\SF2_MKR_KIT_Connections\Softconsole\SF2_MKR_KIT_Connection_Test\firmware\hal\CortexM3\GNU" -I"E:\Github_Repos\SF2_MKR_KIT_Connections\Softconsole\SF2_MKR_KIT_Connection_Test\firmware\hal" -std=gnu11 --specs=cmsis.specs -MMD -MP -MF"src/main.d" -MT"src/main.o" -c -o "src/main.o" "../src/main.c"
Finished building: ../src/main.c
 
Building target: SF2_MKR_KIT_Connection_Test.elf
Invoking: GNU ARM Cross C Linker
arm-none-eabi-gcc -mcpu=cortex-m3 -mthumb -O0 -fmessage-length=0 -fsigned-char -ffunction-sections -fdata-sections  -g3 -T ../firmware/CMSIS/startup_gcc/debug-in-microsemi-smartfusion2-esram.ld -Xlinker --gc-sections -Wl,-Map,"SF2_MKR_KIT_Connection_Test.map" --specs=nano.specs -o "SF2_MKR_KIT_Connection_Test.elf"  ./src/fab_Nokia5110.o ./src/lcd_characters.o ./src/main.o ./src/pixel_arrays.o  ./firmware/hal/CortexM3/GNU/hal.o ./firmware/hal/CortexM3/GNU/hw_reg_access.o  ./firmware/hal/CortexM3/cortex_nvic.o  ./firmware/drivers_config/sys_config/sys_config.o  ./firmware/drivers/mss_uart/mss_uart.o  ./firmware/drivers/mss_sys_services/mss_comblk.o ./firmware/drivers/mss_sys_services/mss_sys_services.o  ./firmware/drivers/mss_spi/mss_spi.o  ./firmware/drivers/mss_nvm/mss_nvm.o  ./firmware/drivers/mss_i2c/mss_i2c.o  ./firmware/drivers/mss_hpdma/mss_hpdma.o  ./firmware/drivers/mss_gpio/mss_gpio.o  ./firmware/drivers/mss_ethernet_mac/m88e1340_phy.o ./firmware/drivers/mss_ethernet_mac/mss_ethernet_mac.o  ./firmware/drivers/CorePWM/core_pwm.o  ./firmware/CMSIS/startup_gcc/newlib_stubs.o ./firmware/CMSIS/startup_gcc/startup_m2sxxx.o  ./firmware/CMSIS/system_m2sxxx.o   
Finished building target: SF2_MKR_KIT_Connection_Test.elf
 
Invoking: GNU ARM Cross Create Flash Image
arm-none-eabi-objcopy -O ihex "SF2_MKR_KIT_Connection_Test.elf"  "SF2_MKR_KIT_Connection_Test.hex"
Finished building: SF2_MKR_KIT_Connection_Test.hex
 
Invoking: GNU ARM Cross Print Size
arm-none-eabi-size --format=berkeley "SF2_MKR_KIT_Connection_Test.elf"
   text	   data	    bss	    dec	    hex	filename
  14320	    320	  50896	  65536	  10000	SF2_MKR_KIT_Connection_Test.elf
Finished building: SF2_MKR_KIT_Connection_Test.siz
 
17:35:49 **** Incremental Build of configuration Debug for project SF2_MKR_KIT_Connection_Test ****
make all 
Building file: ../src/fab_Nokia5110.c
Invoking: GNU ARM Cross C Compiler
arm-none-eabi-gcc -mcpu=cortex-m3 -mthumb -O0 -fmessage-length=0 -fsigned-char -ffunction-sections -fdata-sections  -g3 -I"E:\Github_Repos\SF2_MKR_KIT_Connections\Softconsole\SF2_MKR_KIT_Connection_Test\firmware\hal\CortexM3\GNU" -I"E:\Github_Repos\SF2_MKR_KIT_Connections\Softconsole\SF2_MKR_KIT_Connection_Test\firmware\hal" -std=gnu11 --specs=cmsis.specs -MMD -MP -MF"src/fab_Nokia5110.d" -MT"src/fab_Nokia5110.o" -c -o "src/fab_Nokia5110.o" "../src/fab_Nokia5110.c"
In file included from ../src/fab_Nokia5110.c:10:
../src/fab_Nokia5110.h:270:1: error: expected declaration specifiers or '...' before ')' token
 );
 ^
make: *** [src/subdir.mk:29: src/fab_Nokia5110.o] Error 1
"make all" terminated with exit code 2. Build might be incomplete.
17:36:00 **** Incremental Build of configuration Debug for project SF2_MKR_KIT_Connection_Test ****
make all 
Building file: ../src/fab_Nokia5110.c
Invoking: GNU ARM Cross C Compiler
arm-none-eabi-gcc -mcpu=cortex-m3 -mthumb -O0 -fmessage-length=0 -fsigned-char -ffunction-sections -fdata-sections  -g3 -I"E:\Github_Repos\SF2_MKR_KIT_Connections\Softconsole\SF2_MKR_KIT_Connection_Test\firmware\hal\CortexM3\GNU" -I"E:\Github_Repos\SF2_MKR_KIT_Connections\Softconsole\SF2_MKR_KIT_Connection_Test\firmware\hal" -std=gnu11 --specs=cmsis.specs -MMD -MP -MF"src/fab_Nokia5110.d" -MT"src/fab_Nokia5110.o" -c -o "src/fab_Nokia5110.o" "../src/fab_Nokia5110.c"
Finished building: ../src/fab_Nokia5110.c
 
Building file: ../src/lcd_characters.c
Invoking: GNU ARM Cross C Compiler
arm-none-eabi-gcc -mcpu=cortex-m3 -mthumb -O0 -fmessage-length=0 -fsigned-char -ffunction-sections -fdata-sections  -g3 -I"E:\Github_Repos\SF2_MKR_KIT_Connections\Softconsole\SF2_MKR_KIT_Connection_Test\firmware\hal\CortexM3\GNU" -I"E:\Github_Repos\SF2_MKR_KIT_Connections\Softconsole\SF2_MKR_KIT_Connection_Test\firmware\hal" -std=gnu11 --specs=cmsis.specs -MMD -MP -MF"src/lcd_characters.d" -MT"src/lcd_characters.o" -c -o "src/lcd_characters.o" "../src/lcd_characters.c"
Finished building: ../src/lcd_characters.c
 
Building file: ../src/main.c
Invoking: GNU ARM Cross C Compiler
arm-none-eabi-gcc -mcpu=cortex-m3 -mthumb -O0 -fmessage-length=0 -fsigned-char -ffunction-sections -fdata-sections  -g3 -I"E:\Github_Repos\SF2_MKR_KIT_Connections\Softconsole\SF2_MKR_KIT_Connection_Test\firmware\hal\CortexM3\GNU" -I"E:\Github_Repos\SF2_MKR_KIT_Connections\Softconsole\SF2_MKR_KIT_Connection_Test\firmware\hal" -std=gnu11 --specs=cmsis.specs -MMD -MP -MF"src/main.d" -MT"src/main.o" -c -o "src/main.o" "../src/main.c"
../src/main.c: In function 'uart0_rx_int_handler':
../src/main.c:340:2: warning: implicit declaration of function 'process_rx_data' [-Wimplicit-function-declaration]
  process_rx_data(rx_buff, rx_size);
  ^~~~~~~~~~~~~~~
../src/main.c: At top level:
../src/main.c:343:6: warning: conflicting types for 'process_rx_data'
 void process_rx_data(uint8_t * rx_buff, size_t rx_size){
      ^~~~~~~~~~~~~~~
../src/main.c:340:2: note: previous implicit declaration of 'process_rx_data' was here
  process_rx_data(rx_buff, rx_size);
  ^~~~~~~~~~~~~~~
../src/main.c: In function 'process_rx_data':
../src/main.c:346:17: error: 'o' undeclared (first use in this function)
  for(int i = 0; o < rx_size; i++){
                 ^
../src/main.c:346:17: note: each undeclared identifier is reported only once for each function it appears in
make: *** [src/subdir.mk:29: src/main.o] Error 1
"make all" terminated with exit code 2. Build might be incomplete.
17:36:30 **** Incremental Build of configuration Debug for project SF2_MKR_KIT_Connection_Test ****
make all 
Building file: ../src/main.c
Invoking: GNU ARM Cross C Compiler
arm-none-eabi-gcc -mcpu=cortex-m3 -mthumb -O0 -fmessage-length=0 -fsigned-char -ffunction-sections -fdata-sections  -g3 -I"E:\Github_Repos\SF2_MKR_KIT_Connections\Softconsole\SF2_MKR_KIT_Connection_Test\firmware\hal\CortexM3\GNU" -I"E:\Github_Repos\SF2_MKR_KIT_Connections\Softconsole\SF2_MKR_KIT_Connection_Test\firmware\hal" -std=gnu11 --specs=cmsis.specs -MMD -MP -MF"src/main.d" -MT"src/main.o" -c -o "src/main.o" "../src/main.c"
../src/main.c: In function 'process_rx_data':
../src/main.c:39:22: error: parameter name omitted
 void process_rx_data(uint8_t *, size_t){
                      ^~~~~~~~~
../src/main.c:39:33: error: parameter name omitted
 void process_rx_data(uint8_t *, size_t){
                                 ^~~~~~
../src/main.c:357:1: error: expected declaration or statement at end of input
 }
 ^
make: *** [src/subdir.mk:29: src/main.o] Error 1
"make all" terminated with exit code 2. Build might be incomplete.
17:36:57 **** Incremental Build of configuration Debug for project SF2_MKR_KIT_Connection_Test ****
make all 
Building file: ../src/main.c
Invoking: GNU ARM Cross C Compiler
arm-none-eabi-gcc -mcpu=cortex-m3 -mthumb -O0 -fmessage-length=0 -fsigned-char -ffunction-sections -fdata-sections  -g3 -I"E:\Github_Repos\SF2_MKR_KIT_Connections\Softconsole\SF2_MKR_KIT_Connection_Test\firmware\hal\CortexM3\GNU" -I"E:\Github_Repos\SF2_MKR_KIT_Connections\Softconsole\SF2_MKR_KIT_Connection_Test\firmware\hal" -std=gnu11 --specs=cmsis.specs -MMD -MP -MF"src/main.d" -MT"src/main.o" -c -o "src/main.o" "../src/main.c"
../src/main.c: In function 'process_rx_data':
../src/main.c:357:1: error: expected declaration or statement at end of input
 }
 ^
make: *** [src/subdir.mk:29: src/main.o] Error 1
"make all" terminated with exit code 2. Build might be incomplete.
17:38:53 **** Incremental Build of configuration Debug for project SF2_MKR_KIT_Connection_Test ****
make all 
Building file: ../src/main.c
Invoking: GNU ARM Cross C Compiler
arm-none-eabi-gcc -mcpu=cortex-m3 -mthumb -O0 -fmessage-length=0 -fsigned-char -ffunction-sections -fdata-sections  -g3 -I"E:\Github_Repos\SF2_MKR_KIT_Connections\Softconsole\SF2_MKR_KIT_Connection_Test\firmware\hal\CortexM3\GNU" -I"E:\Github_Repos\SF2_MKR_KIT_Connections\Softconsole\SF2_MKR_KIT_Connection_Test\firmware\hal" -std=gnu11 --specs=cmsis.specs -MMD -MP -MF"src/main.d" -MT"src/main.o" -c -o "src/main.o" "../src/main.c"
Finished building: ../src/main.c
 
Building file: ../src/pixel_arrays.c
Invoking: GNU ARM Cross C Compiler
arm-none-eabi-gcc -mcpu=cortex-m3 -mthumb -O0 -fmessage-length=0 -fsigned-char -ffunction-sections -fdata-sections  -g3 -I"E:\Github_Repos\SF2_MKR_KIT_Connections\Softconsole\SF2_MKR_KIT_Connection_Test\firmware\hal\CortexM3\GNU" -I"E:\Github_Repos\SF2_MKR_KIT_Connections\Softconsole\SF2_MKR_KIT_Connection_Test\firmware\hal" -std=gnu11 --specs=cmsis.specs -MMD -MP -MF"src/pixel_arrays.d" -MT"src/pixel_arrays.o" -c -o "src/pixel_arrays.o" "../src/pixel_arrays.c"
Finished building: ../src/pixel_arrays.c
 
Building target: SF2_MKR_KIT_Connection_Test.elf
Invoking: GNU ARM Cross C Linker
arm-none-eabi-gcc -mcpu=cortex-m3 -mthumb -O0 -fmessage-length=0 -fsigned-char -ffunction-sections -fdata-sections  -g3 -T ../firmware/CMSIS/startup_gcc/debug-in-microsemi-smartfusion2-esram.ld -Xlinker --gc-sections -Wl,-Map,"SF2_MKR_KIT_Connection_Test.map" --specs=nano.specs -o "SF2_MKR_KIT_Connection_Test.elf"  ./src/fab_Nokia5110.o ./src/lcd_characters.o ./src/main.o ./src/pixel_arrays.o  ./firmware/hal/CortexM3/GNU/hal.o ./firmware/hal/CortexM3/GNU/hw_reg_access.o  ./firmware/hal/CortexM3/cortex_nvic.o  ./firmware/drivers_config/sys_config/sys_config.o  ./firmware/drivers/mss_uart/mss_uart.o  ./firmware/drivers/mss_sys_services/mss_comblk.o ./firmware/drivers/mss_sys_services/mss_sys_services.o  ./firmware/drivers/mss_spi/mss_spi.o  ./firmware/drivers/mss_nvm/mss_nvm.o  ./firmware/drivers/mss_i2c/mss_i2c.o  ./firmware/drivers/mss_hpdma/mss_hpdma.o  ./firmware/drivers/mss_gpio/mss_gpio.o  ./firmware/drivers/mss_ethernet_mac/m88e1340_phy.o ./firmware/drivers/mss_ethernet_mac/mss_ethernet_mac.o  ./firmware/drivers/CorePWM/core_pwm.o  ./firmware/CMSIS/startup_gcc/newlib_stubs.o ./firmware/CMSIS/startup_gcc/startup_m2sxxx.o  ./firmware/CMSIS/system_m2sxxx.o   
Finished building target: SF2_MKR_KIT_Connection_Test.elf
 
Invoking: GNU ARM Cross Create Flash Image
arm-none-eabi-objcopy -O ihex "SF2_MKR_KIT_Connection_Test.elf"  "SF2_MKR_KIT_Connection_Test.hex"
Finished building: SF2_MKR_KIT_Connection_Test.hex
 
Invoking: GNU ARM Cross Print Size
arm-none-eabi-size --format=berkeley "SF2_MKR_KIT_Connection_Test.elf"
   text	   data	    bss	    dec	    hex	filename
  15184	    336	  50016	  65536	  10000	SF2_MKR_KIT_Connection_Test.elf
Finished building: SF2_MKR_KIT_Connection_Test.siz
 
18:01:09 **** Incremental Build of configuration Debug for project SF2_MKR_KIT_Connection_Test ****
make all 
Building file: ../src/lcd_characters.c
Invoking: GNU ARM Cross C Compiler
arm-none-eabi-gcc -mcpu=cortex-m3 -mthumb -O0 -fmessage-length=0 -fsigned-char -ffunction-sections -fdata-sections  -g3 -I"E:\Github_Repos\SF2_MKR_KIT_Connections\Softconsole\SF2_MKR_KIT_Connection_Test\firmware\hal\CortexM3\GNU" -I"E:\Github_Repos\SF2_MKR_KIT_Connections\Softconsole\SF2_MKR_KIT_Connection_Test\firmware\hal" -std=gnu11 --specs=cmsis.specs -MMD -MP -MF"src/lcd_characters.d" -MT"src/lcd_characters.o" -c -o "src/lcd_characters.o" "../src/lcd_characters.c"
../src/lcd_characters.c: In function 'ascii_3x5_border':
../src/lcd_characters.c:32:12: warning: function returns address of local variable [-Wreturn-local-addr]
     return border_char;
            ^~~~~~~~~~~
Finished building: ../src/lcd_characters.c
 
Building file: ../src/main.c
Invoking: GNU ARM Cross C Compiler
arm-none-eabi-gcc -mcpu=cortex-m3 -mthumb -O0 -fmessage-length=0 -fsigned-char -ffunction-sections -fdata-sections  -g3 -I"E:\Github_Repos\SF2_MKR_KIT_Connections\Softconsole\SF2_MKR_KIT_Connection_Test\firmware\hal\CortexM3\GNU" -I"E:\Github_Repos\SF2_MKR_KIT_Connections\Softconsole\SF2_MKR_KIT_Connection_Test\firmware\hal" -std=gnu11 --specs=cmsis.specs -MMD -MP -MF"src/main.d" -MT"src/main.o" -c -o "src/main.o" "../src/main.c"
Finished building: ../src/main.c
 
Building target: SF2_MKR_KIT_Connection_Test.elf
Invoking: GNU ARM Cross C Linker
arm-none-eabi-gcc -mcpu=cortex-m3 -mthumb -O0 -fmessage-length=0 -fsigned-char -ffunction-sections -fdata-sections  -g3 -T ../firmware/CMSIS/startup_gcc/debug-in-microsemi-smartfusion2-esram.ld -Xlinker --gc-sections -Wl,-Map,"SF2_MKR_KIT_Connection_Test.map" --specs=nano.specs -o "SF2_MKR_KIT_Connection_Test.elf"  ./src/fab_Nokia5110.o ./src/lcd_characters.o ./src/main.o ./src/pixel_arrays.o  ./firmware/hal/CortexM3/GNU/hal.o ./firmware/hal/CortexM3/GNU/hw_reg_access.o  ./firmware/hal/CortexM3/cortex_nvic.o  ./firmware/drivers_config/sys_config/sys_config.o  ./firmware/drivers/mss_uart/mss_uart.o  ./firmware/drivers/mss_sys_services/mss_comblk.o ./firmware/drivers/mss_sys_services/mss_sys_services.o  ./firmware/drivers/mss_spi/mss_spi.o  ./firmware/drivers/mss_nvm/mss_nvm.o  ./firmware/drivers/mss_i2c/mss_i2c.o  ./firmware/drivers/mss_hpdma/mss_hpdma.o  ./firmware/drivers/mss_gpio/mss_gpio.o  ./firmware/drivers/mss_ethernet_mac/m88e1340_phy.o ./firmware/drivers/mss_ethernet_mac/mss_ethernet_mac.o  ./firmware/drivers/CorePWM/core_pwm.o  ./firmware/CMSIS/startup_gcc/newlib_stubs.o ./firmware/CMSIS/startup_gcc/startup_m2sxxx.o  ./firmware/CMSIS/system_m2sxxx.o   
c:/microsemi/softconsole_v6.2/arm-none-eabi-gcc/bin/../lib/gcc/arm-none-eabi/8.2.1/../../../../arm-none-eabi/bin/ld.exe: ./src/main.o:E:\Github_Repos\SF2_MKR_KIT_Connections\Softconsole\SF2_MKR_KIT_Connection_Test\Debug/../src/lcd_characters.h:4: multiple definition of `ascii_3x5_size'; ./src/lcd_characters.o:E:\Github_Repos\SF2_MKR_KIT_Connections\Softconsole\SF2_MKR_KIT_Connection_Test\Debug/../src/lcd_characters.h:4: first defined here
c:/microsemi/softconsole_v6.2/arm-none-eabi-gcc/bin/../lib/gcc/arm-none-eabi/8.2.1/../../../../arm-none-eabi/bin/ld.exe: ./src/main.o:E:\Github_Repos\SF2_MKR_KIT_Connections\Softconsole\SF2_MKR_KIT_Connection_Test\Debug/../src/lcd_characters.h:7: multiple definition of `spacer'; ./src/lcd_characters.o:E:\Github_Repos\SF2_MKR_KIT_Connections\Softconsole\SF2_MKR_KIT_Connection_Test\Debug/../src/lcd_characters.h:7: first defined here
c:/microsemi/softconsole_v6.2/arm-none-eabi-gcc/bin/../lib/gcc/arm-none-eabi/8.2.1/../../../../arm-none-eabi/bin/ld.exe: ./src/main.o:E:\Github_Repos\SF2_MKR_KIT_Connections\Softconsole\SF2_MKR_KIT_Connection_Test\Debug/../src/lcd_characters.h:8: multiple definition of `spacer_mask'; ./src/lcd_characters.o:E:\Github_Repos\SF2_MKR_KIT_Connections\Softconsole\SF2_MKR_KIT_Connection_Test\Debug/../src/lcd_characters.h:8: first defined here
c:/microsemi/softconsole_v6.2/arm-none-eabi-gcc/bin/../lib/gcc/arm-none-eabi/8.2.1/../../../../arm-none-eabi/bin/ld.exe: ./src/main.o:E:\Github_Repos\SF2_MKR_KIT_Connections\Softconsole\SF2_MKR_KIT_Connection_Test\Debug/../src/lcd_characters.h:10: multiple definition of `ascii_3x5_alpha'; ./src/lcd_characters.o:E:\Github_Repos\SF2_MKR_KIT_Connections\Softconsole\SF2_MKR_KIT_Connection_Test\Debug/../src/lcd_characters.h:10: first defined here
c:/microsemi/softconsole_v6.2/arm-none-eabi-gcc/bin/../lib/gcc/arm-none-eabi/8.2.1/../../../../arm-none-eabi/bin/ld.exe: ./src/main.o:E:\Github_Repos\SF2_MKR_KIT_Connections\Softconsole\SF2_MKR_KIT_Connection_Test\Debug/../src/lcd_characters.h:11: multiple definition of `ascii_3x5_alpha_border'; ./src/lcd_characters.o:E:\Github_Repos\SF2_MKR_KIT_Connections\Softconsole\SF2_MKR_KIT_Connection_Test\Debug/../src/lcd_characters.h:11: first defined here
c:/microsemi/softconsole_v6.2/arm-none-eabi-gcc/bin/../lib/gcc/arm-none-eabi/8.2.1/../../../../arm-none-eabi/bin/ld.exe: ./src/main.o:E:\Github_Repos\SF2_MKR_KIT_Connections\Softconsole\SF2_MKR_KIT_Connection_Test\Debug/../src/lcd_characters.h:12: multiple definition of `ascii_3x5_0'; ./src/lcd_characters.o:E:\Github_Repos\SF2_MKR_KIT_Connections\Softconsole\SF2_MKR_KIT_Connection_Test\Debug/../src/lcd_characters.h:12: first defined here
c:/microsemi/softconsole_v6.2/arm-none-eabi-gcc/bin/../lib/gcc/arm-none-eabi/8.2.1/../../../../arm-none-eabi/bin/ld.exe: ./src/main.o:E:\Github_Repos\SF2_MKR_KIT_Connections\Softconsole\SF2_MKR_KIT_Connection_Test\Debug/../src/lcd_characters.h:13: multiple definition of `ascii_3x5_1'; ./src/lcd_characters.o:E:\Github_Repos\SF2_MKR_KIT_Connections\Softconsole\SF2_MKR_KIT_Connection_Test\Debug/../src/lcd_characters.h:13: first defined here
c:/microsemi/softconsole_v6.2/arm-none-eabi-gcc/bin/../lib/gcc/arm-none-eabi/8.2.1/../../../../arm-none-eabi/bin/ld.exe: ./src/main.o:E:\Github_Repos\SF2_MKR_KIT_Connections\Softconsole\SF2_MKR_KIT_Connection_Test\Debug/../src/lcd_characters.h:14: multiple definition of `ascii_3x5_2'; ./src/lcd_characters.o:E:\Github_Repos\SF2_MKR_KIT_Connections\Softconsole\SF2_MKR_KIT_Connection_Test\Debug/../src/lcd_characters.h:14: first defined here
c:/microsemi/softconsole_v6.2/arm-none-eabi-gcc/bin/../lib/gcc/arm-none-eabi/8.2.1/../../../../arm-none-eabi/bin/ld.exe: ./src/main.o:E:\Github_Repos\SF2_MKR_KIT_Connections\Softconsole\SF2_MKR_KIT_Connection_Test\Debug/../src/lcd_characters.h:15: multiple definition of `ascii_3x5_3'; ./src/lcd_characters.o:E:\Github_Repos\SF2_MKR_KIT_Connections\Softconsole\SF2_MKR_KIT_Connection_Test\Debug/../src/lcd_characters.h:15: first defined here
c:/microsemi/softconsole_v6.2/arm-none-eabi-gcc/bin/../lib/gcc/arm-none-eabi/8.2.1/../../../../arm-none-eabi/bin/ld.exe: ./src/main.o:E:\Github_Repos\SF2_MKR_KIT_Connections\Softconsole\SF2_MKR_KIT_Connection_Test\Debug/../src/lcd_characters.h:16: multiple definition of `ascii_3x5_4'; ./src/lcd_characters.o:E:\Github_Repos\SF2_MKR_KIT_Connections\Softconsole\SF2_MKR_KIT_Connection_Test\Debug/../src/lcd_characters.h:16: first defined here
c:/microsemi/softconsole_v6.2/arm-none-eabi-gcc/bin/../lib/gcc/arm-none-eabi/8.2.1/../../../../arm-none-eabi/bin/ld.exe: ./src/main.o:E:\Github_Repos\SF2_MKR_KIT_Connections\Softconsole\SF2_MKR_KIT_Connection_Test\Debug/../src/lcd_characters.h:17: multiple definition of `ascii_3x5_5'; ./src/lcd_characters.o:E:\Github_Repos\SF2_MKR_KIT_Connections\Softconsole\SF2_MKR_KIT_Connection_Test\Debug/../src/lcd_characters.h:17: first defined here
c:/microsemi/softconsole_v6.2/arm-none-eabi-gcc/bin/../lib/gcc/arm-none-eabi/8.2.1/../../../../arm-none-eabi/bin/ld.exe: ./src/main.o:E:\Github_Repos\SF2_MKR_KIT_Connections\Softconsole\SF2_MKR_KIT_Connection_Test\Debug/../src/lcd_characters.h:18: multiple definition of `ascii_3x5_6'; ./src/lcd_characters.o:E:\Github_Repos\SF2_MKR_KIT_Connections\Softconsole\SF2_MKR_KIT_Connection_Test\Debug/../src/lcd_characters.h:18: first defined here
c:/microsemi/softconsole_v6.2/arm-none-eabi-gcc/bin/../lib/gcc/arm-none-eabi/8.2.1/../../../../arm-none-eabi/bin/ld.exe: ./src/main.o:E:\Github_Repos\SF2_MKR_KIT_Connections\Softconsole\SF2_MKR_KIT_Connection_Test\Debug/../src/lcd_characters.h:19: multiple definition of `ascii_3x5_7'; ./src/lcd_characters.o:E:\Github_Repos\SF2_MKR_KIT_Connections\Softconsole\SF2_MKR_KIT_Connection_Test\Debug/../src/lcd_characters.h:19: first defined here
c:/microsemi/softconsole_v6.2/arm-none-eabi-gcc/bin/../lib/gcc/arm-none-eabi/8.2.1/../../../../arm-none-eabi/bin/ld.exe: ./src/main.o:E:\Github_Repos\SF2_MKR_KIT_Connections\Softconsole\SF2_MKR_KIT_Connection_Test\Debug/../src/lcd_characters.h:20: multiple definition of `ascii_3x5_8'; ./src/lcd_characters.o:E:\Github_Repos\SF2_MKR_KIT_Connections\Softconsole\SF2_MKR_KIT_Connection_Test\Debug/../src/lcd_characters.h:20: first defined here
c:/microsemi/softconsole_v6.2/arm-none-eabi-gcc/bin/../lib/gcc/arm-none-eabi/8.2.1/../../../../arm-none-eabi/bin/ld.exe: ./src/main.o:E:\Github_Repos\SF2_MKR_KIT_Connections\Softconsole\SF2_MKR_KIT_Connection_Test\Debug/../src/lcd_characters.h:21: multiple definition of `ascii_3x5_9'; ./src/lcd_characters.o:E:\Github_Repos\SF2_MKR_KIT_Connections\Softconsole\SF2_MKR_KIT_Connection_Test\Debug/../src/lcd_characters.h:21: first defined here
c:/microsemi/softconsole_v6.2/arm-none-eabi-gcc/bin/../lib/gcc/arm-none-eabi/8.2.1/../../../../arm-none-eabi/bin/ld.exe: ./src/main.o:E:\Github_Repos\SF2_MKR_KIT_Connections\Softconsole\SF2_MKR_KIT_Connection_Test\Debug/../src/lcd_characters.h:22: multiple definition of `ascii_3x5_a'; ./src/lcd_characters.o:E:\Github_Repos\SF2_MKR_KIT_Connections\Softconsole\SF2_MKR_KIT_Connection_Test\Debug/../src/lcd_characters.h:22: first defined here
c:/microsemi/softconsole_v6.2/arm-none-eabi-gcc/bin/../lib/gcc/arm-none-eabi/8.2.1/../../../../arm-none-eabi/bin/ld.exe: ./src/main.o:E:\Github_Repos\SF2_MKR_KIT_Connections\Softconsole\SF2_MKR_KIT_Connection_Test\Debug/../src/lcd_characters.h:23: multiple definition of `ascii_3x5_b'; ./src/lcd_characters.o:E:\Github_Repos\SF2_MKR_KIT_Connections\Softconsole\SF2_MKR_KIT_Connection_Test\Debug/../src/lcd_characters.h:23: first defined here
c:/microsemi/softconsole_v6.2/arm-none-eabi-gcc/bin/../lib/gcc/arm-none-eabi/8.2.1/../../../../arm-none-eabi/bin/ld.exe: ./src/main.o:E:\Github_Repos\SF2_MKR_KIT_Connections\Softconsole\SF2_MKR_KIT_Connection_Test\Debug/../src/lcd_characters.h:24: multiple definition of `ascii_3x5_c'; ./src/lcd_characters.o:E:\Github_Repos\SF2_MKR_KIT_Connections\Softconsole\SF2_MKR_KIT_Connection_Test\Debug/../src/lcd_characters.h:24: first defined here
c:/microsemi/softconsole_v6.2/arm-none-eabi-gcc/bin/../lib/gcc/arm-none-eabi/8.2.1/../../../../arm-none-eabi/bin/ld.exe: ./src/main.o:E:\Github_Repos\SF2_MKR_KIT_Connections\Softconsole\SF2_MKR_KIT_Connection_Test\Debug/../src/lcd_characters.h:25: multiple definition of `ascii_3x5_d'; ./src/lcd_characters.o:E:\Github_Repos\SF2_MKR_KIT_Connections\Softconsole\SF2_MKR_KIT_Connection_Test\Debug/../src/lcd_characters.h:25: first defined here
c:/microsemi/softconsole_v6.2/arm-none-eabi-gcc/bin/../lib/gcc/arm-none-eabi/8.2.1/../../../../arm-none-eabi/bin/ld.exe: ./src/main.o:E:\Github_Repos\SF2_MKR_KIT_Connections\Softconsole\SF2_MKR_KIT_Connection_Test\Debug/../src/lcd_characters.h:26: multiple definition of `ascii_3x5_e'; ./src/lcd_characters.o:E:\Github_Repos\SF2_MKR_KIT_Connections\Softconsole\SF2_MKR_KIT_Connection_Test\Debug/../src/lcd_characters.h:26: first defined here
c:/microsemi/softconsole_v6.2/arm-none-eabi-gcc/bin/../lib/gcc/arm-none-eabi/8.2.1/../../../../arm-none-eabi/bin/ld.exe: ./src/main.o:E:\Github_Repos\SF2_MKR_KIT_Connections\Softconsole\SF2_MKR_KIT_Connection_Test\Debug/../src/lcd_characters.h:27: multiple definition of `ascii_3x5_f'; ./src/lcd_characters.o:E:\Github_Repos\SF2_MKR_KIT_Connections\Softconsole\SF2_MKR_KIT_Connection_Test\Debug/../src/lcd_characters.h:27: first defined here
c:/microsemi/softconsole_v6.2/arm-none-eabi-gcc/bin/../lib/gcc/arm-none-eabi/8.2.1/../../../../arm-none-eabi/bin/ld.exe: ./src/main.o:E:\Github_Repos\SF2_MKR_KIT_Connections\Softconsole\SF2_MKR_KIT_Connection_Test\Debug/../src/lcd_characters.h:28: multiple definition of `ascii_3x5_g'; ./src/lcd_characters.o:E:\Github_Repos\SF2_MKR_KIT_Connections\Softconsole\SF2_MKR_KIT_Connection_Test\Debug/../src/lcd_characters.h:28: first defined here
c:/microsemi/softconsole_v6.2/arm-none-eabi-gcc/bin/../lib/gcc/arm-none-eabi/8.2.1/../../../../arm-none-eabi/bin/ld.exe: ./src/main.o:E:\Github_Repos\SF2_MKR_KIT_Connections\Softconsole\SF2_MKR_KIT_Connection_Test\Debug/../src/lcd_characters.h:29: multiple definition of `ascii_3x5_h'; ./src/lcd_characters.o:E:\Github_Repos\SF2_MKR_KIT_Connections\Softconsole\SF2_MKR_KIT_Connection_Test\Debug/../src/lcd_characters.h:29: first defined here
c:/microsemi/softconsole_v6.2/arm-none-eabi-gcc/bin/../lib/gcc/arm-none-eabi/8.2.1/../../../../arm-none-eabi/bin/ld.exe: ./src/main.o:E:\Github_Repos\SF2_MKR_KIT_Connections\Softconsole\SF2_MKR_KIT_Connection_Test\Debug/../src/lcd_characters.h:30: multiple definition of `ascii_3x5_i'; ./src/lcd_characters.o:E:\Github_Repos\SF2_MKR_KIT_Connections\Softconsole\SF2_MKR_KIT_Connection_Test\Debug/../src/lcd_characters.h:30: first defined here
c:/microsemi/softconsole_v6.2/arm-none-eabi-gcc/bin/../lib/gcc/arm-none-eabi/8.2.1/../../../../arm-none-eabi/bin/ld.exe: ./src/main.o:E:\Github_Repos\SF2_MKR_KIT_Connections\Softconsole\SF2_MKR_KIT_Connection_Test\Debug/../src/lcd_characters.h:31: multiple definition of `ascii_3x5_j'; ./src/lcd_characters.o:E:\Github_Repos\SF2_MKR_KIT_Connections\Softconsole\SF2_MKR_KIT_Connection_Test\Debug/../src/lcd_characters.h:31: first defined here
c:/microsemi/softconsole_v6.2/arm-none-eabi-gcc/bin/../lib/gcc/arm-none-eabi/8.2.1/../../../../arm-none-eabi/bin/ld.exe: ./src/main.o:E:\Github_Repos\SF2_MKR_KIT_Connections\Softconsole\SF2_MKR_KIT_Connection_Test\Debug/../src/lcd_characters.h:32: multiple definition of `ascii_3x5_k'; ./src/lcd_characters.o:E:\Github_Repos\SF2_MKR_KIT_Connections\Softconsole\SF2_MKR_KIT_Connection_Test\Debug/../src/lcd_characters.h:32: first defined here
c:/microsemi/softconsole_v6.2/arm-none-eabi-gcc/bin/../lib/gcc/arm-none-eabi/8.2.1/../../../../arm-none-eabi/bin/ld.exe: ./src/main.o:E:\Github_Repos\SF2_MKR_KIT_Connections\Softconsole\SF2_MKR_KIT_Connection_Test\Debug/../src/lcd_characters.h:33: multiple definition of `ascii_3x5_l'; ./src/lcd_characters.o:E:\Github_Repos\SF2_MKR_KIT_Connections\Softconsole\SF2_MKR_KIT_Connection_Test\Debug/../src/lcd_characters.h:33: first defined here
c:/microsemi/softconsole_v6.2/arm-none-eabi-gcc/bin/../lib/gcc/arm-none-eabi/8.2.1/../../../../arm-none-eabi/bin/ld.exe: ./src/main.o:E:\Github_Repos\SF2_MKR_KIT_Connections\Softconsole\SF2_MKR_KIT_Connection_Test\Debug/../src/lcd_characters.h:34: multiple definition of `ascii_3x5_m'; ./src/lcd_characters.o:E:\Github_Repos\SF2_MKR_KIT_Connections\Softconsole\SF2_MKR_KIT_Connection_Test\Debug/../src/lcd_characters.h:34: first defined here
c:/microsemi/softconsole_v6.2/arm-none-eabi-gcc/bin/../lib/gcc/arm-none-eabi/8.2.1/../../../../arm-none-eabi/bin/ld.exe: ./src/main.o:E:\Github_Repos\SF2_MKR_KIT_Connections\Softconsole\SF2_MKR_KIT_Connection_Test\Debug/../src/lcd_characters.h:35: multiple definition of `ascii_3x5_n'; ./src/lcd_characters.o:E:\Github_Repos\SF2_MKR_KIT_Connections\Softconsole\SF2_MKR_KIT_Connection_Test\Debug/../src/lcd_characters.h:35: first defined here
c:/microsemi/softconsole_v6.2/arm-none-eabi-gcc/bin/../lib/gcc/arm-none-eabi/8.2.1/../../../../arm-none-eabi/bin/ld.exe: ./src/main.o:E:\Github_Repos\SF2_MKR_KIT_Connections\Softconsole\SF2_MKR_KIT_Connection_Test\Debug/../src/lcd_characters.h:36: multiple definition of `ascii_3x5_o'; ./src/lcd_characters.o:E:\Github_Repos\SF2_MKR_KIT_Connections\Softconsole\SF2_MKR_KIT_Connection_Test\Debug/../src/lcd_characters.h:36: first defined here
[...]
Finished building: ../firmware/CMSIS/startup_gcc/startup_m2sxxx.S
 
Building file: ../firmware/CMSIS/system_m2sxxx.c
Invoking: GNU ARM Cross C Compiler
arm-none-eabi-gcc -mcpu=cortex-m3 -mthumb -O0 -fmessage-length=0 -fsigned-char -ffunction-sections -fdata-sections  -g3 -I"E:\Github_Repos\SF2_MKR_KIT_Connections\Softconsole\SF2_MKR_KIT_Connection_Test\firmware\hal\CortexM3\GNU" -I"E:\Github_Repos\SF2_MKR_KIT_Connections\Softconsole\SF2_MKR_KIT_Connection_Test\firmware\hal" -std=gnu11 --specs=cmsis.specs -MMD -MP -MF"firmware/CMSIS/system_m2sxxx.d" -MT"firmware/CMSIS/system_m2sxxx.o" -c -o "firmware/CMSIS/system_m2sxxx.o" "../firmware/CMSIS/system_m2sxxx.c"
Finished building: ../firmware/CMSIS/system_m2sxxx.c
 
Building target: SF2_MKR_KIT_Connection_Test.elf
Invoking: GNU ARM Cross C Linker
arm-none-eabi-gcc -mcpu=cortex-m3 -mthumb -O0 -fmessage-length=0 -fsigned-char -ffunction-sections -fdata-sections  -g3 -T ../firmware/CMSIS/startup_gcc/debug-in-microsemi-smartfusion2-esram.ld -Xlinker --gc-sections -Wl,-Map,"SF2_MKR_KIT_Connection_Test.map" --specs=nano.specs -o "SF2_MKR_KIT_Connection_Test.elf"  ./src/VSC8541_01_phy.o ./src/fab_Nokia5110.o ./src/flash_mem_thru_mss_spi.o ./src/lcd_characters.o ./src/main.o ./src/pixel_arrays.o  ./firmware/hal/CortexM3/GNU/hal.o ./firmware/hal/CortexM3/GNU/hw_reg_access.o  ./firmware/hal/CortexM3/cortex_nvic.o  ./firmware/drivers_config/sys_config/sys_config.o  ./firmware/drivers/mss_uart/mss_uart.o  ./firmware/drivers/mss_sys_services/mss_comblk.o ./firmware/drivers/mss_sys_services/mss_sys_services.o  ./firmware/drivers/mss_spi/mss_spi.o  ./firmware/drivers/mss_nvm/mss_nvm.o  ./firmware/drivers/mss_i2c/mss_i2c.o  ./firmware/drivers/mss_hpdma/mss_hpdma.o  ./firmware/drivers/mss_gpio/mss_gpio.o  ./firmware/drivers/mss_ethernet_mac/mss_ethernet_mac.o  ./firmware/drivers/CorePWM/core_pwm.o  ./firmware/CMSIS/startup_gcc/newlib_stubs.o ./firmware/CMSIS/startup_gcc/startup_m2sxxx.o  ./firmware/CMSIS/system_m2sxxx.o   
Finished building target: SF2_MKR_KIT_Connection_Test.elf
 
Invoking: GNU ARM Cross Create Flash Image
arm-none-eabi-objcopy -O ihex "SF2_MKR_KIT_Connection_Test.elf"  "SF2_MKR_KIT_Connection_Test.hex"
Finished building: SF2_MKR_KIT_Connection_Test.hex
 
Invoking: GNU ARM Cross Print Size
arm-none-eabi-size --format=berkeley "SF2_MKR_KIT_Connection_Test.elf"
   text	   data	    bss	    dec	    hex	filename
  21312	    176	  44048	  65536	  10000	SF2_MKR_KIT_Connection_Test.elf
Finished building: SF2_MKR_KIT_Connection_Test.siz
 
01:20:29 **** Incremental Build of configuration Debug for project SF2_MKR_KIT_Connection_Test ****
make all 
Building file: ../src/main.c
Invoking: GNU ARM Cross C Compiler
arm-none-eabi-gcc -mcpu=cortex-m3 -mthumb -O0 -fmessage-length=0 -fsigned-char -ffunction-sections -fdata-sections  -g3 -I"E:\Github_Repos\SF2_MKR_KIT_Connections\Softconsole\SF2_MKR_KIT_Connection_Test\firmware\hal\CortexM3\GNU" -I"E:\Github_Repos\SF2_MKR_KIT_Connections\Softconsole\SF2_MKR_KIT_Connection_Test\firmware\hal" -std=gnu11 --specs=cmsis.specs -MMD -MP -MF"src/main.d" -MT"src/main.o" -c -o "src/main.o" "../src/main.c"
Finished building: ../src/main.c
 
Building target: SF2_MKR_KIT_Connection_Test.elf
Invoking: GNU ARM Cross C Linker
arm-none-eabi-gcc -mcpu=cortex-m3 -mthumb -O0 -fmessage-length=0 -fsigned-char -ffunction-sections -fdata-sections  -g3 -T ../firmware/CMSIS/startup_gcc/debug-in-microsemi-smartfusion2-esram.ld -Xlinker --gc-sections -Wl,-Map,"SF2_MKR_KIT_Connection_Test.map" --specs=nano.specs -o "SF2_MKR_KIT_Connection_Test.elf"  ./src/VSC8541_01_phy.o ./src/fab_Nokia5110.o ./src/flash_mem_thru_mss_spi.o ./src/lcd_characters.o ./src/main.o ./src/pixel_arrays.o  ./firmware/hal/CortexM3/GNU/hal.o ./firmware/hal/CortexM3/GNU/hw_reg_access.o  ./firmware/hal/CortexM3/cortex_nvic.o  ./firmware/drivers_config/sys_config/sys_config.o  ./firmware/drivers/mss_uart/mss_uart.o  ./firmware/drivers/mss_sys_services/mss_comblk.o ./firmware/drivers/mss_sys_services/mss_sys_services.o  ./firmware/drivers/mss_spi/mss_spi.o  ./firmware/drivers/mss_nvm/mss_nvm.o  ./firmware/drivers/mss_i2c/mss_i2c.o  ./firmware/drivers/mss_hpdma/mss_hpdma.o  ./firmware/drivers/mss_gpio/mss_gpio.o  ./firmware/drivers/mss_ethernet_mac/mss_ethernet_mac.o  ./firmware/drivers/CorePWM/core_pwm.o  ./firmware/CMSIS/startup_gcc/newlib_stubs.o ./firmware/CMSIS/startup_gcc/startup_m2sxxx.o  ./firmware/CMSIS/system_m2sxxx.o   
Finished building target: SF2_MKR_KIT_Connection_Test.elf
 
Invoking: GNU ARM Cross Create Flash Image
arm-none-eabi-objcopy -O ihex "SF2_MKR_KIT_Connection_Test.elf"  "SF2_MKR_KIT_Connection_Test.hex"
Finished building: SF2_MKR_KIT_Connection_Test.hex
 
Invoking: GNU ARM Cross Print Size
arm-none-eabi-size --format=berkeley "SF2_MKR_KIT_Connection_Test.elf"
   text	   data	    bss	    dec	    hex	filename
  21344	    176	  44016	  65536	  10000	SF2_MKR_KIT_Connection_Test.elf
Finished building: SF2_MKR_KIT_Connection_Test.siz
 
01:35:00 **** Incremental Build of configuration Debug for project SF2_MKR_KIT_Connection_Test ****
make all 
Building file: ../src/main.c
Invoking: GNU ARM Cross C Compiler
arm-none-eabi-gcc -mcpu=cortex-m3 -mthumb -O0 -fmessage-length=0 -fsigned-char -ffunction-sections -fdata-sections  -g3 -I"E:\Github_Repos\SF2_MKR_KIT_Connections\Softconsole\SF2_MKR_KIT_Connection_Test\firmware\hal\CortexM3\GNU" -I"E:\Github_Repos\SF2_MKR_KIT_Connections\Softconsole\SF2_MKR_KIT_Connection_Test\firmware\hal" -std=gnu11 --specs=cmsis.specs -MMD -MP -MF"src/main.d" -MT"src/main.o" -c -o "src/main.o" "../src/main.c"
../src/main.c: In function 'report_eth_stat_over_uart':
../src/main.c:365:16: warning: implicit declaration of function 'MSS_MAC_phy_get_link_status'; did you mean 'MSS_MAC_get_link_status'? [-Wimplicit-function-declaration]
  link_status = MSS_MAC_phy_get_link_status(&speed, &fullduplex);
                ^~~~~~~~~~~~~~~~~~~~~~~~~~~
                MSS_MAC_get_link_status
Finished building: ../src/main.c
 
Building target: SF2_MKR_KIT_Connection_Test.elf
Invoking: GNU ARM Cross C Linker
arm-none-eabi-gcc -mcpu=cortex-m3 -mthumb -O0 -fmessage-length=0 -fsigned-char -ffunction-sections -fdata-sections  -g3 -T ../firmware/CMSIS/startup_gcc/debug-in-microsemi-smartfusion2-esram.ld -Xlinker --gc-sections -Wl,-Map,"SF2_MKR_KIT_Connection_Test.map" --specs=nano.specs -o "SF2_MKR_KIT_Connection_Test.elf"  ./src/VSC8541_01_phy.o ./src/fab_Nokia5110.o ./src/flash_mem_thru_mss_spi.o ./src/lcd_characters.o ./src/main.o ./src/pixel_arrays.o  ./firmware/hal/CortexM3/GNU/hal.o ./firmware/hal/CortexM3/GNU/hw_reg_access.o  ./firmware/hal/CortexM3/cortex_nvic.o  ./firmware/drivers_config/sys_config/sys_config.o  ./firmware/drivers/mss_uart/mss_uart.o  ./firmware/drivers/mss_sys_services/mss_comblk.o ./firmware/drivers/mss_sys_services/mss_sys_services.o  ./firmware/drivers/mss_spi/mss_spi.o  ./firmware/drivers/mss_nvm/mss_nvm.o  ./firmware/drivers/mss_i2c/mss_i2c.o  ./firmware/drivers/mss_hpdma/mss_hpdma.o  ./firmware/drivers/mss_gpio/mss_gpio.o  ./firmware/drivers/mss_ethernet_mac/mss_ethernet_mac.o  ./firmware/drivers/CorePWM/core_pwm.o  ./firmware/CMSIS/startup_gcc/newlib_stubs.o ./firmware/CMSIS/startup_gcc/startup_m2sxxx.o  ./firmware/CMSIS/system_m2sxxx.o   
Finished building target: SF2_MKR_KIT_Connection_Test.elf
 
Invoking: GNU ARM Cross Create Flash Image
arm-none-eabi-objcopy -O ihex "SF2_MKR_KIT_Connection_Test.elf"  "SF2_MKR_KIT_Connection_Test.hex"
Finished building: SF2_MKR_KIT_Connection_Test.hex
 
Invoking: GNU ARM Cross Print Size
arm-none-eabi-size --format=berkeley "SF2_MKR_KIT_Connection_Test.elf"
   text	   data	    bss	    dec	    hex	filename
  21632	    176	  43728	  65536	  10000	SF2_MKR_KIT_Connection_Test.elf
Finished building: SF2_MKR_KIT_Connection_Test.siz
 
01:36:04 **** Incremental Build of configuration Debug for project SF2_MKR_KIT_Connection_Test ****
make all 
Building file: ../src/main.c
Invoking: GNU ARM Cross C Compiler
arm-none-eabi-gcc -mcpu=cortex-m3 -mthumb -O0 -fmessage-length=0 -fsigned-char -ffunction-sections -fdata-sections  -g3 -I"E:\Github_Repos\SF2_MKR_KIT_Connections\Softconsole\SF2_MKR_KIT_Connection_Test\firmware\hal\CortexM3\GNU" -I"E:\Github_Repos\SF2_MKR_KIT_Connections\Softconsole\SF2_MKR_KIT_Connection_Test\firmware\hal" -std=gnu11 --specs=cmsis.specs -MMD -MP -MF"src/main.d" -MT"src/main.o" -c -o "src/main.o" "../src/main.c"
Finished building: ../src/main.c
 
Building target: SF2_MKR_KIT_Connection_Test.elf
Invoking: GNU ARM Cross C Linker
arm-none-eabi-gcc -mcpu=cortex-m3 -mthumb -O0 -fmessage-length=0 -fsigned-char -ffunction-sections -fdata-sections  -g3 -T ../firmware/CMSIS/startup_gcc/debug-in-microsemi-smartfusion2-esram.ld -Xlinker --gc-sections -Wl,-Map,"SF2_MKR_KIT_Connection_Test.map" --specs=nano.specs -o "SF2_MKR_KIT_Connection_Test.elf"  ./src/VSC8541_01_phy.o ./src/fab_Nokia5110.o ./src/flash_mem_thru_mss_spi.o ./src/lcd_characters.o ./src/main.o ./src/pixel_arrays.o  ./firmware/hal/CortexM3/GNU/hal.o ./firmware/hal/CortexM3/GNU/hw_reg_access.o  ./firmware/hal/CortexM3/cortex_nvic.o  ./firmware/drivers_config/sys_config/sys_config.o  ./firmware/drivers/mss_uart/mss_uart.o  ./firmware/drivers/mss_sys_services/mss_comblk.o ./firmware/drivers/mss_sys_services/mss_sys_services.o  ./firmware/drivers/mss_spi/mss_spi.o  ./firmware/drivers/mss_nvm/mss_nvm.o  ./firmware/drivers/mss_i2c/mss_i2c.o  ./firmware/drivers/mss_hpdma/mss_hpdma.o  ./firmware/drivers/mss_gpio/mss_gpio.o  ./firmware/drivers/mss_ethernet_mac/mss_ethernet_mac.o  ./firmware/drivers/CorePWM/core_pwm.o  ./firmware/CMSIS/startup_gcc/newlib_stubs.o ./firmware/CMSIS/startup_gcc/startup_m2sxxx.o  ./firmware/CMSIS/system_m2sxxx.o   
Finished building target: SF2_MKR_KIT_Connection_Test.elf
 
Invoking: GNU ARM Cross Create Flash Image
arm-none-eabi-objcopy -O ihex "SF2_MKR_KIT_Connection_Test.elf"  "SF2_MKR_KIT_Connection_Test.hex"
Finished building: SF2_MKR_KIT_Connection_Test.hex
 
Invoking: GNU ARM Cross Print Size
arm-none-eabi-size --format=berkeley "SF2_MKR_KIT_Connection_Test.elf"
   text	   data	    bss	    dec	    hex	filename
  21632	    176	  43728	  65536	  10000	SF2_MKR_KIT_Connection_Test.elf
Finished building: SF2_MKR_KIT_Connection_Test.siz
 
01:38:40 **** Incremental Build of configuration Debug for project SF2_MKR_KIT_Connection_Test ****
make all 
Building file: ../src/main.c
Invoking: GNU ARM Cross C Compiler
arm-none-eabi-gcc -mcpu=cortex-m3 -mthumb -O0 -fmessage-length=0 -fsigned-char -ffunction-sections -fdata-sections  -g3 -I"E:\Github_Repos\SF2_MKR_KIT_Connections\Softconsole\SF2_MKR_KIT_Connection_Test\firmware\hal\CortexM3\GNU" -I"E:\Github_Repos\SF2_MKR_KIT_Connections\Softconsole\SF2_MKR_KIT_Connection_Test\firmware\hal" -std=gnu11 --specs=cmsis.specs -MMD -MP -MF"src/main.d" -MT"src/main.o" -c -o "src/main.o" "../src/main.c"
Finished building: ../src/main.c
 
Building target: SF2_MKR_KIT_Connection_Test.elf
Invoking: GNU ARM Cross C Linker
arm-none-eabi-gcc -mcpu=cortex-m3 -mthumb -O0 -fmessage-length=0 -fsigned-char -ffunction-sections -fdata-sections  -g3 -T ../firmware/CMSIS/startup_gcc/debug-in-microsemi-smartfusion2-esram.ld -Xlinker --gc-sections -Wl,-Map,"SF2_MKR_KIT_Connection_Test.map" --specs=nano.specs -o "SF2_MKR_KIT_Connection_Test.elf"  ./src/VSC8541_01_phy.o ./src/fab_Nokia5110.o ./src/flash_mem_thru_mss_spi.o ./src/lcd_characters.o ./src/main.o ./src/pixel_arrays.o  ./firmware/hal/CortexM3/GNU/hal.o ./firmware/hal/CortexM3/GNU/hw_reg_access.o  ./firmware/hal/CortexM3/cortex_nvic.o  ./firmware/drivers_config/sys_config/sys_config.o  ./firmware/drivers/mss_uart/mss_uart.o  ./firmware/drivers/mss_sys_services/mss_comblk.o ./firmware/drivers/mss_sys_services/mss_sys_services.o  ./firmware/drivers/mss_spi/mss_spi.o  ./firmware/drivers/mss_nvm/mss_nvm.o  ./firmware/drivers/mss_i2c/mss_i2c.o  ./firmware/drivers/mss_hpdma/mss_hpdma.o  ./firmware/drivers/mss_gpio/mss_gpio.o  ./firmware/drivers/mss_ethernet_mac/mss_ethernet_mac.o  ./firmware/drivers/CorePWM/core_pwm.o  ./firmware/CMSIS/startup_gcc/newlib_stubs.o ./firmware/CMSIS/startup_gcc/startup_m2sxxx.o  ./firmware/CMSIS/system_m2sxxx.o   
Finished building target: SF2_MKR_KIT_Connection_Test.elf
 
Invoking: GNU ARM Cross Create Flash Image
arm-none-eabi-objcopy -O ihex "SF2_MKR_KIT_Connection_Test.elf"  "SF2_MKR_KIT_Connection_Test.hex"
Finished building: SF2_MKR_KIT_Connection_Test.hex
 
Invoking: GNU ARM Cross Print Size
arm-none-eabi-size --format=berkeley "SF2_MKR_KIT_Connection_Test.elf"
   text	   data	    bss	    dec	    hex	filename
  21632	    176	  43728	  65536	  10000	SF2_MKR_KIT_Connection_Test.elf
Finished building: SF2_MKR_KIT_Connection_Test.siz
 
01:39:23 **** Incremental Build of configuration Debug for project SF2_MKR_KIT_Connection_Test ****
make all 
Building file: ../src/main.c
Invoking: GNU ARM Cross C Compiler
arm-none-eabi-gcc -mcpu=cortex-m3 -mthumb -O0 -fmessage-length=0 -fsigned-char -ffunction-sections -fdata-sections  -g3 -I"E:\Github_Repos\SF2_MKR_KIT_Connections\Softconsole\SF2_MKR_KIT_Connection_Test\firmware\hal\CortexM3\GNU" -I"E:\Github_Repos\SF2_MKR_KIT_Connections\Softconsole\SF2_MKR_KIT_Connection_Test\firmware\hal" -std=gnu11 --specs=cmsis.specs -MMD -MP -MF"src/main.d" -MT"src/main.o" -c -o "src/main.o" "../src/main.c"
Finished building: ../src/main.c
 
Building target: SF2_MKR_KIT_Connection_Test.elf
Invoking: GNU ARM Cross C Linker
arm-none-eabi-gcc -mcpu=cortex-m3 -mthumb -O0 -fmessage-length=0 -fsigned-char -ffunction-sections -fdata-sections  -g3 -T ../firmware/CMSIS/startup_gcc/debug-in-microsemi-smartfusion2-esram.ld -Xlinker --gc-sections -Wl,-Map,"SF2_MKR_KIT_Connection_Test.map" --specs=nano.specs -o "SF2_MKR_KIT_Connection_Test.elf"  ./src/VSC8541_01_phy.o ./src/fab_Nokia5110.o ./src/flash_mem_thru_mss_spi.o ./src/lcd_characters.o ./src/main.o ./src/pixel_arrays.o  ./firmware/hal/CortexM3/GNU/hal.o ./firmware/hal/CortexM3/GNU/hw_reg_access.o  ./firmware/hal/CortexM3/cortex_nvic.o  ./firmware/drivers_config/sys_config/sys_config.o  ./firmware/drivers/mss_uart/mss_uart.o  ./firmware/drivers/mss_sys_services/mss_comblk.o ./firmware/drivers/mss_sys_services/mss_sys_services.o  ./firmware/drivers/mss_spi/mss_spi.o  ./firmware/drivers/mss_nvm/mss_nvm.o  ./firmware/drivers/mss_i2c/mss_i2c.o  ./firmware/drivers/mss_hpdma/mss_hpdma.o  ./firmware/drivers/mss_gpio/mss_gpio.o  ./firmware/drivers/mss_ethernet_mac/mss_ethernet_mac.o  ./firmware/drivers/CorePWM/core_pwm.o  ./firmware/CMSIS/startup_gcc/newlib_stubs.o ./firmware/CMSIS/startup_gcc/startup_m2sxxx.o  ./firmware/CMSIS/system_m2sxxx.o   
Finished building target: SF2_MKR_KIT_Connection_Test.elf
 
Invoking: GNU ARM Cross Create Flash Image
arm-none-eabi-objcopy -O ihex "SF2_MKR_KIT_Connection_Test.elf"  "SF2_MKR_KIT_Connection_Test.hex"
Finished building: SF2_MKR_KIT_Connection_Test.hex
 
Invoking: GNU ARM Cross Print Size
arm-none-eabi-size --format=berkeley "SF2_MKR_KIT_Connection_Test.elf"
   text	   data	    bss	    dec	    hex	filename
  21632	    176	  43728	  65536	  10000	SF2_MKR_KIT_Connection_Test.elf
Finished building: SF2_MKR_KIT_Connection_Test.siz
 
01:40:19 **** Incremental Build of configuration Debug for project SF2_MKR_KIT_Connection_Test ****
make all 
Building file: ../src/main.c
Invoking: GNU ARM Cross C Compiler
arm-none-eabi-gcc -mcpu=cortex-m3 -mthumb -O0 -fmessage-length=0 -fsigned-char -ffunction-sections -fdata-sections  -g3 -I"E:\Github_Repos\SF2_MKR_KIT_Connections\Softconsole\SF2_MKR_KIT_Connection_Test\firmware\hal\CortexM3\GNU" -I"E:\Github_Repos\SF2_MKR_KIT_Connections\Softconsole\SF2_MKR_KIT_Connection_Test\firmware\hal" -std=gnu11 --specs=cmsis.specs -MMD -MP -MF"src/main.d" -MT"src/main.o" -c -o "src/main.o" "../src/main.c"
Finished building: ../src/main.c
 
Building target: SF2_MKR_KIT_Connection_Test.elf
Invoking: GNU ARM Cross C Linker
arm-none-eabi-gcc -mcpu=cortex-m3 -mthumb -O0 -fmessage-length=0 -fsigned-char -ffunction-sections -fdata-sections  -g3 -T ../firmware/CMSIS/startup_gcc/debug-in-microsemi-smartfusion2-esram.ld -Xlinker --gc-sections -Wl,-Map,"SF2_MKR_KIT_Connection_Test.map" --specs=nano.specs -o "SF2_MKR_KIT_Connection_Test.elf"  ./src/VSC8541_01_phy.o ./src/fab_Nokia5110.o ./src/flash_mem_thru_mss_spi.o ./src/lcd_characters.o ./src/main.o ./src/pixel_arrays.o  ./firmware/hal/CortexM3/GNU/hal.o ./firmware/hal/CortexM3/GNU/hw_reg_access.o  ./firmware/hal/CortexM3/cortex_nvic.o  ./firmware/drivers_config/sys_config/sys_config.o  ./firmware/drivers/mss_uart/mss_uart.o  ./firmware/drivers/mss_sys_services/mss_comblk.o ./firmware/drivers/mss_sys_services/mss_sys_services.o  ./firmware/drivers/mss_spi/mss_spi.o  ./firmware/drivers/mss_nvm/mss_nvm.o  ./firmware/drivers/mss_i2c/mss_i2c.o  ./firmware/drivers/mss_hpdma/mss_hpdma.o  ./firmware/drivers/mss_gpio/mss_gpio.o  ./firmware/drivers/mss_ethernet_mac/mss_ethernet_mac.o  ./firmware/drivers/CorePWM/core_pwm.o  ./firmware/CMSIS/startup_gcc/newlib_stubs.o ./firmware/CMSIS/startup_gcc/startup_m2sxxx.o  ./firmware/CMSIS/system_m2sxxx.o   
Finished building target: SF2_MKR_KIT_Connection_Test.elf
 
Invoking: GNU ARM Cross Create Flash Image
arm-none-eabi-objcopy -O ihex "SF2_MKR_KIT_Connection_Test.elf"  "SF2_MKR_KIT_Connection_Test.hex"
Finished building: SF2_MKR_KIT_Connection_Test.hex
 
Invoking: GNU ARM Cross Print Size
arm-none-eabi-size --format=berkeley "SF2_MKR_KIT_Connection_Test.elf"
   text	   data	    bss	    dec	    hex	filename
  21632	    176	  43728	  65536	  10000	SF2_MKR_KIT_Connection_Test.elf
Finished building: SF2_MKR_KIT_Connection_Test.siz
 
01:42:36 **** Incremental Build of configuration Debug for project SF2_MKR_KIT_Connection_Test ****
make all 
Building file: ../src/main.c
Invoking: GNU ARM Cross C Compiler
arm-none-eabi-gcc -mcpu=cortex-m3 -mthumb -O0 -fmessage-length=0 -fsigned-char -ffunction-sections -fdata-sections  -g3 -I"E:\Github_Repos\SF2_MKR_KIT_Connections\Softconsole\SF2_MKR_KIT_Connection_Test\firmware\hal\CortexM3\GNU" -I"E:\Github_Repos\SF2_MKR_KIT_Connections\Softconsole\SF2_MKR_KIT_Connection_Test\firmware\hal" -std=gnu11 --specs=cmsis.specs -MMD -MP -MF"src/main.d" -MT"src/main.o" -c -o "src/main.o" "../src/main.c"
Finished building: ../src/main.c
 
Building target: SF2_MKR_KIT_Connection_Test.elf
Invoking: GNU ARM Cross C Linker
arm-none-eabi-gcc -mcpu=cortex-m3 -mthumb -O0 -fmessage-length=0 -fsigned-char -ffunction-sections -fdata-sections  -g3 -T ../firmware/CMSIS/startup_gcc/debug-in-microsemi-smartfusion2-esram.ld -Xlinker --gc-sections -Wl,-Map,"SF2_MKR_KIT_Connection_Test.map" --specs=nano.specs -o "SF2_MKR_KIT_Connection_Test.elf"  ./src/VSC8541_01_phy.o ./src/fab_Nokia5110.o ./src/flash_mem_thru_mss_spi.o ./src/lcd_characters.o ./src/main.o ./src/pixel_arrays.o  ./firmware/hal/CortexM3/GNU/hal.o ./firmware/hal/CortexM3/GNU/hw_reg_access.o  ./firmware/hal/CortexM3/cortex_nvic.o  ./firmware/drivers_config/sys_config/sys_config.o  ./firmware/drivers/mss_uart/mss_uart.o  ./firmware/drivers/mss_sys_services/mss_comblk.o ./firmware/drivers/mss_sys_services/mss_sys_services.o  ./firmware/drivers/mss_spi/mss_spi.o  ./firmware/drivers/mss_nvm/mss_nvm.o  ./firmware/drivers/mss_i2c/mss_i2c.o  ./firmware/drivers/mss_hpdma/mss_hpdma.o  ./firmware/drivers/mss_gpio/mss_gpio.o  ./firmware/drivers/mss_ethernet_mac/mss_ethernet_mac.o  ./firmware/drivers/CorePWM/core_pwm.o  ./firmware/CMSIS/startup_gcc/newlib_stubs.o ./firmware/CMSIS/startup_gcc/startup_m2sxxx.o  ./firmware/CMSIS/system_m2sxxx.o   
Finished building target: SF2_MKR_KIT_Connection_Test.elf
 
Invoking: GNU ARM Cross Create Flash Image
arm-none-eabi-objcopy -O ihex "SF2_MKR_KIT_Connection_Test.elf"  "SF2_MKR_KIT_Connection_Test.hex"
Finished building: SF2_MKR_KIT_Connection_Test.hex
 
Invoking: GNU ARM Cross Print Size
arm-none-eabi-size --format=berkeley "SF2_MKR_KIT_Connection_Test.elf"
   text	   data	    bss	    dec	    hex	filename
  21632	    176	  43728	  65536	  10000	SF2_MKR_KIT_Connection_Test.elf
Finished building: SF2_MKR_KIT_Connection_Test.siz
 
