Archive member included to satisfy reference by file (symbol)

c:/microsemi/softconsole_v6.2/arm-none-eabi-gcc/bin/../lib/gcc/arm-none-eabi/8.2.1/../../../../arm-none-eabi/lib/thumb/v7-m/nofp\libg_nano.a(lib_a-calloc.o)
                              ./src/pixel_arrays.o (calloc)
c:/microsemi/softconsole_v6.2/arm-none-eabi-gcc/bin/../lib/gcc/arm-none-eabi/8.2.1/../../../../arm-none-eabi/lib/thumb/v7-m/nofp\libg_nano.a(lib_a-errno.o)
                              ./firmware/CMSIS/startup_gcc/newlib_stubs.o (__errno)
c:/microsemi/softconsole_v6.2/arm-none-eabi-gcc/bin/../lib/gcc/arm-none-eabi/8.2.1/../../../../arm-none-eabi/lib/thumb/v7-m/nofp\libg_nano.a(lib_a-exit.o)
                              c:/microsemi/softconsole_v6.2/arm-none-eabi-gcc/bin/../lib/gcc/arm-none-eabi/8.2.1/../../../../arm-none-eabi/lib/thumb/v7-m/nofp/crt0.o (exit)
c:/microsemi/softconsole_v6.2/arm-none-eabi-gcc/bin/../lib/gcc/arm-none-eabi/8.2.1/../../../../arm-none-eabi/lib/thumb/v7-m/nofp\libg_nano.a(lib_a-impure.o)
                              c:/microsemi/softconsole_v6.2/arm-none-eabi-gcc/bin/../lib/gcc/arm-none-eabi/8.2.1/../../../../arm-none-eabi/lib/thumb/v7-m/nofp\libg_nano.a(lib_a-exit.o) (_global_impure_ptr)
c:/microsemi/softconsole_v6.2/arm-none-eabi-gcc/bin/../lib/gcc/arm-none-eabi/8.2.1/../../../../arm-none-eabi/lib/thumb/v7-m/nofp\libg_nano.a(lib_a-init.o)
                              c:/microsemi/softconsole_v6.2/arm-none-eabi-gcc/bin/../lib/gcc/arm-none-eabi/8.2.1/../../../../arm-none-eabi/lib/thumb/v7-m/nofp/crt0.o (__libc_init_array)
c:/microsemi/softconsole_v6.2/arm-none-eabi-gcc/bin/../lib/gcc/arm-none-eabi/8.2.1/../../../../arm-none-eabi/lib/thumb/v7-m/nofp\libg_nano.a(lib_a-malloc.o)
                              ./src/pixel_arrays.o (free)
c:/microsemi/softconsole_v6.2/arm-none-eabi-gcc/bin/../lib/gcc/arm-none-eabi/8.2.1/../../../../arm-none-eabi/lib/thumb/v7-m/nofp\libg_nano.a(lib_a-memcpy-stub.o)
                              ./firmware/drivers/mss_sys_services/mss_sys_services.o (memcpy)
c:/microsemi/softconsole_v6.2/arm-none-eabi-gcc/bin/../lib/gcc/arm-none-eabi/8.2.1/../../../../arm-none-eabi/lib/thumb/v7-m/nofp\libg_nano.a(lib_a-memset.o)
                              c:/microsemi/softconsole_v6.2/arm-none-eabi-gcc/bin/../lib/gcc/arm-none-eabi/8.2.1/../../../../arm-none-eabi/lib/thumb/v7-m/nofp/crt0.o (memset)
c:/microsemi/softconsole_v6.2/arm-none-eabi-gcc/bin/../lib/gcc/arm-none-eabi/8.2.1/../../../../arm-none-eabi/lib/thumb/v7-m/nofp\libg_nano.a(lib_a-nano-callocr.o)
                              c:/microsemi/softconsole_v6.2/arm-none-eabi-gcc/bin/../lib/gcc/arm-none-eabi/8.2.1/../../../../arm-none-eabi/lib/thumb/v7-m/nofp\libg_nano.a(lib_a-calloc.o) (_calloc_r)
c:/microsemi/softconsole_v6.2/arm-none-eabi-gcc/bin/../lib/gcc/arm-none-eabi/8.2.1/../../../../arm-none-eabi/lib/thumb/v7-m/nofp\libg_nano.a(lib_a-nano-freer.o)
                              c:/microsemi/softconsole_v6.2/arm-none-eabi-gcc/bin/../lib/gcc/arm-none-eabi/8.2.1/../../../../arm-none-eabi/lib/thumb/v7-m/nofp\libg_nano.a(lib_a-malloc.o) (_free_r)
c:/microsemi/softconsole_v6.2/arm-none-eabi-gcc/bin/../lib/gcc/arm-none-eabi/8.2.1/../../../../arm-none-eabi/lib/thumb/v7-m/nofp\libg_nano.a(lib_a-nano-mallocr.o)
                              c:/microsemi/softconsole_v6.2/arm-none-eabi-gcc/bin/../lib/gcc/arm-none-eabi/8.2.1/../../../../arm-none-eabi/lib/thumb/v7-m/nofp\libg_nano.a(lib_a-malloc.o) (_malloc_r)
c:/microsemi/softconsole_v6.2/arm-none-eabi-gcc/bin/../lib/gcc/arm-none-eabi/8.2.1/../../../../arm-none-eabi/lib/thumb/v7-m/nofp\libg_nano.a(lib_a-sbrkr.o)
                              c:/microsemi/softconsole_v6.2/arm-none-eabi-gcc/bin/../lib/gcc/arm-none-eabi/8.2.1/../../../../arm-none-eabi/lib/thumb/v7-m/nofp\libg_nano.a(lib_a-nano-mallocr.o) (_sbrk_r)
c:/microsemi/softconsole_v6.2/arm-none-eabi-gcc/bin/../lib/gcc/arm-none-eabi/8.2.1/../../../../arm-none-eabi/lib/thumb/v7-m/nofp\libg_nano.a(lib_a-mlock.o)
                              c:/microsemi/softconsole_v6.2/arm-none-eabi-gcc/bin/../lib/gcc/arm-none-eabi/8.2.1/../../../../arm-none-eabi/lib/thumb/v7-m/nofp\libg_nano.a(lib_a-nano-freer.o) (__malloc_lock)
c:/microsemi/softconsole_v6.2/arm-none-eabi-gcc/bin/../lib/gcc/arm-none-eabi/8.2.1/../../../../arm-none-eabi/lib/thumb/v7-m/nofp\libg_nano.a(lib_a-reent.o)
                              c:/microsemi/softconsole_v6.2/arm-none-eabi-gcc/bin/../lib/gcc/arm-none-eabi/8.2.1/../../../../arm-none-eabi/lib/thumb/v7-m/nofp\libg_nano.a(lib_a-sbrkr.o) (errno)
c:/microsemi/softconsole_v6.2/arm-none-eabi-gcc/bin/../lib/gcc/arm-none-eabi/8.2.1/../../../../arm-none-eabi/lib/thumb/v7-m/nofp\libg_nano.a(lib_a-lock.o)
                              c:/microsemi/softconsole_v6.2/arm-none-eabi-gcc/bin/../lib/gcc/arm-none-eabi/8.2.1/../../../../arm-none-eabi/lib/thumb/v7-m/nofp\libg_nano.a(lib_a-mlock.o) (__retarget_lock_acquire_recursive)

Allocating common symbols
Common symbol       size              file

__lock___atexit_recursive_mutex
[...]
Memory Configuration

Name             Origin             Length             Attributes
ram              0x0000000020000000 0x0000000000010000 xrw
*default*        0x0000000000000000 0xffffffffffffffff

Linker script and memory map

LOAD c:/microsemi/softconsole_v6.2/arm-none-eabi-gcc/bin/../lib/gcc/arm-none-eabi/8.2.1/thumb/v7-m/nofp/crti.o
LOAD c:/microsemi/softconsole_v6.2/arm-none-eabi-gcc/bin/../lib/gcc/arm-none-eabi/8.2.1/thumb/v7-m/nofp/crtbegin.o
LOAD c:/microsemi/softconsole_v6.2/arm-none-eabi-gcc/bin/../lib/gcc/arm-none-eabi/8.2.1/../../../../arm-none-eabi/lib/thumb/v7-m/nofp/crt0.o
LOAD ./src/fab_Nokia5110.o
LOAD ./src/lcd_characters.o
LOAD ./src/main.o
LOAD ./src/pixel_arrays.o
LOAD ./firmware/hal/CortexM3/GNU/hal.o
LOAD ./firmware/hal/CortexM3/GNU/hw_reg_access.o
LOAD ./firmware/hal/CortexM3/cortex_nvic.o
LOAD ./firmware/drivers_config/sys_config/sys_config.o
LOAD ./firmware/drivers/mss_uart/mss_uart.o
LOAD ./firmware/drivers/mss_sys_services/mss_comblk.o
LOAD ./firmware/drivers/mss_sys_services/mss_sys_services.o
LOAD ./firmware/drivers/mss_spi/mss_spi.o
LOAD ./firmware/drivers/mss_nvm/mss_nvm.o
LOAD ./firmware/drivers/mss_i2c/mss_i2c.o
LOAD ./firmware/drivers/mss_hpdma/mss_hpdma.o
LOAD ./firmware/drivers/mss_gpio/mss_gpio.o
LOAD ./firmware/drivers/mss_ethernet_mac/m88e1340_phy.o
LOAD ./firmware/drivers/mss_ethernet_mac/mss_ethernet_mac.o
LOAD ./firmware/drivers/CorePWM/core_pwm.o
LOAD ./firmware/CMSIS/startup_gcc/newlib_stubs.o
LOAD ./firmware/CMSIS/startup_gcc/startup_m2sxxx.o
LOAD ./firmware/CMSIS/system_m2sxxx.o
START GROUP
LOAD c:/microsemi/softconsole_v6.2/arm-none-eabi-gcc/bin/../lib/gcc/arm-none-eabi/8.2.1/thumb/v7-m/nofp\libgcc.a
LOAD c:/microsemi/softconsole_v6.2/arm-none-eabi-gcc/bin/../lib/gcc/arm-none-eabi/8.2.1/../../../../arm-none-eabi/lib/thumb/v7-m/nofp\libg_nano.a
LOAD c:/microsemi/softconsole_v6.2/arm-none-eabi-gcc/bin/../lib/gcc/arm-none-eabi/8.2.1/../../../../arm-none-eabi/lib/thumb/v7-m/nofp\libc_nano.a
END GROUP
START GROUP
LOAD c:/microsemi/softconsole_v6.2/arm-none-eabi-gcc/bin/../lib/gcc/arm-none-eabi/8.2.1/thumb/v7-m/nofp\libgcc.a
LOAD c:/microsemi/softconsole_v6.2/arm-none-eabi-gcc/bin/../lib/gcc/arm-none-eabi/8.2.1/../../../../arm-none-eabi/lib/thumb/v7-m/nofp\libc_nano.a
END GROUP
LOAD c:/microsemi/softconsole_v6.2/arm-none-eabi-gcc/bin/../lib/gcc/arm-none-eabi/8.2.1/thumb/v7-m/nofp/crtend.o
LOAD c:/microsemi/softconsole_v6.2/arm-none-eabi-gcc/bin/../lib/gcc/arm-none-eabi/8.2.1/thumb/v7-m/nofp/crtn.o
START GROUP
LOAD c:/microsemi/softconsole_v6.2/arm-none-eabi-gcc/bin/../lib/gcc/arm-none-eabi/8.2.1/../../../../arm-none-eabi/lib/thumb/v7-m/nofp\libc.a
LOAD c:/microsemi/softconsole_v6.2/arm-none-eabi-gcc/bin/../lib/gcc/arm-none-eabi/8.2.1/thumb/v7-m/nofp\libgcc.a
LOAD c:/microsemi/softconsole_v6.2/arm-none-eabi-gcc/bin/../lib/gcc/arm-none-eabi/8.2.1/../../../../arm-none-eabi/lib/thumb/v7-m/nofp\libm.a
END GROUP
                0x0000000000000000                __DYNAMIC = 0x0
                0x0000000020000000                RAM_START_ADDRESS = 0x20000000
                0x0000000000010000                RAM_SIZE = 0x10000
                0x0000000000001000                MAIN_STACK_SIZE = 0x1000
                0x0000000000001000                MIN_SIZE_HEAP = 0x1000
                0x0000000020010000                PROVIDE (__main_stack_start = (RAM_START_ADDRESS + RAM_SIZE))
                0x0000000020010000                PROVIDE (_estack = __main_stack_start)
                0x0000000000000000                PROVIDE (__mirrored_nvm = 0x0)
                0x0000000000000000                PROVIDE (__smartfusion2_memory_remap = 0x0)

.vector_table   0x0000000020000000      0x190
                0x0000000020000000                __vector_table_load = LOADADDR (.vector_table)
                0x0000000020000000                __vector_table_start = .
                0x0000000020000000                __vector_table_vma_base_address = .
 *(.isr_vector)
 .isr_vector    0x0000000020000000      0x190 ./firmware/CMSIS/startup_gcc/startup_m2sxxx.o
                0x0000000020000000                g_pfnVectors
                0x0000000020000190                . = ALIGN (0x10)
                0x0000000020000190                _evector_table = .

.boot_code      0x0000000020000190      0x320
 *(.boot_code)
 .boot_code     0x0000000020000190      0x31c ./firmware/CMSIS/startup_gcc/startup_m2sxxx.o
                0x0000000020000190                Reset_Handler
                0x000000002000037e                NMI_Handler
                0x0000000020000380                HardFault_Handler
                0x0000000020000382                MemManage_Handler
                0x0000000020000384                BusFault_Handler
                0x0000000020000386                UsageFault_Handler
                0x0000000020000388                SVC_Handler
                0x000000002000038a                DebugMon_Handler
                0x000000002000038c                PendSV_Handler
                0x000000002000038e                SysTick_Handler
                0x0000000020000390                WdogWakeup_IRQHandler
                0x0000000020000392                RTC_Wakeup_IRQHandler
                0x000000002000039a                I2C0_SMBAlert_IRQHandler
                0x000000002000039c                I2C0_SMBus_IRQHandler
                0x00000000200003a0                I2C1_SMBAlert_IRQHandler
                0x00000000200003a2                I2C1_SMBus_IRQHandler
                0x00000000200003aa                DMA_IRQHandler
                0x00000000200003ac                Timer1_IRQHandler
                0x00000000200003ae                Timer2_IRQHandler
                0x00000000200003b0                CAN_IRQHandler
                0x00000000200003b2                ENVM0_IRQHandler
                0x00000000200003b4                ENVM1_IRQHandler
                0x00000000200003b8                USB_IRQHandler
                0x00000000200003ba                USB_DMA_IRQHandler
                0x00000000200003bc                PLL_Lock_IRQHandler
                0x00000000200003be                PLL_LockLost_IRQHandler
                0x00000000200003c0                CommSwitchError_IRQHandler
                0x00000000200003c2                CacheError_IRQHandler
                0x00000000200003c4                DDR_IRQHandler
                0x00000000200003ca                ECC_Error_IRQHandler
                0x00000000200003cc                MDDR_IOCalib_IRQHandler
                0x00000000200003ce                FAB_PLL_Lock_IRQHandler
                0x00000000200003d0                FAB_PLL_LockLost_IRQHandler
                0x00000000200003d2                FIC64_IRQHandler
                0x00000000200003d4                FabricIrq0_IRQHandler
                0x00000000200003d6                FabricIrq1_IRQHandler
                0x00000000200003d8                FabricIrq2_IRQHandler
                0x00000000200003da                FabricIrq3_IRQHandler
                0x00000000200003dc                FabricIrq4_IRQHandler
                0x00000000200003de                FabricIrq5_IRQHandler
                0x00000000200003e0                FabricIrq6_IRQHandler
                0x00000000200003e2                FabricIrq7_IRQHandler
                0x00000000200003e4                FabricIrq8_IRQHandler
                0x00000000200003e6                FabricIrq9_IRQHandler
                0x00000000200003e8                FabricIrq10_IRQHandler
                0x00000000200003ea                FabricIrq11_IRQHandler
                0x00000000200003ec                FabricIrq12_IRQHandler
                0x00000000200003ee                FabricIrq13_IRQHandler
                0x00000000200003f0                FabricIrq14_IRQHandler
                0x00000000200003f2                FabricIrq15_IRQHandler
                0x00000000200003f4                GPIO0_IRQHandler
                0x00000000200003f6                GPIO1_IRQHandler
                0x00000000200003f8                GPIO2_IRQHandler
                0x00000000200003fa                GPIO3_IRQHandler
                0x00000000200003fc                GPIO4_IRQHandler
                0x00000000200003fe                GPIO5_IRQHandler
                0x0000000020000400                GPIO6_IRQHandler
                0x0000000020000402                GPIO7_IRQHandler
                0x0000000020000404                GPIO8_IRQHandler
                0x0000000020000406                GPIO9_IRQHandler
                0x0000000020000408                GPIO10_IRQHandler
                0x000000002000040a                GPIO11_IRQHandler
                0x000000002000040c                GPIO12_IRQHandler
                0x000000002000040e                GPIO13_IRQHandler
                0x0000000020000410                GPIO14_IRQHandler
                0x0000000020000412                GPIO15_IRQHandler
                0x0000000020000414                GPIO16_IRQHandler
                0x0000000020000416                GPIO17_IRQHandler
                0x0000000020000418                GPIO18_IRQHandler
                0x000000002000041a                GPIO19_IRQHandler
                0x000000002000041c                GPIO20_IRQHandler
                0x000000002000041e                GPIO21_IRQHandler
                0x0000000020000420                GPIO22_IRQHandler
                0x0000000020000422                GPIO23_IRQHandler
                0x0000000020000424                GPIO24_IRQHandler
                0x0000000020000426                GPIO25_IRQHandler
                0x0000000020000428                GPIO26_IRQHandler
                0x000000002000042a                GPIO27_IRQHandler
                0x000000002000042c                GPIO28_IRQHandler
                0x000000002000042e                GPIO29_IRQHandler
                0x0000000020000430                GPIO30_IRQHandler
                0x0000000020000432                GPIO31_IRQHandler
                0x0000000020000434                mscc_post_hw_cfg_init
                0x00000000200004b0                . = ALIGN (0x10)
 *fill*         0x00000000200004ac        0x4 

.text           0x00000000200004b0     0x3340
 CREATE_OBJECT_SYMBOLS
                0x00000000200004b0                __text_load = LOADADDR (.text)
                0x00000000200004b0                __text_start = .
 *(.text .text.* .gnu.linkonce.t.*)
 .text.deregister_tm_clones
                0x00000000200004b0       0x1c c:/microsemi/softconsole_v6.2/arm-none-eabi-gcc/bin/../lib/gcc/arm-none-eabi/8.2.1/thumb/v7-m/nofp/crtbegin.o
 .text.register_tm_clones
                0x00000000200004cc       0x24 c:/microsemi/softconsole_v6.2/arm-none-eabi-gcc/bin/../lib/gcc/arm-none-eabi/8.2.1/thumb/v7-m/nofp/crtbegin.o
 .text.__do_global_dtors_aux
                0x00000000200004f0       0x28 c:/microsemi/softconsole_v6.2/arm-none-eabi-gcc/bin/../lib/gcc/arm-none-eabi/8.2.1/thumb/v7-m/nofp/crtbegin.o
 .text.frame_dummy
                0x0000000020000518       0x24 c:/microsemi/softconsole_v6.2/arm-none-eabi-gcc/bin/../lib/gcc/arm-none-eabi/8.2.1/thumb/v7-m/nofp/crtbegin.o
 .text.nokia_set_x
                0x000000002000053c       0x24 ./src/fab_Nokia5110.o
                0x000000002000053c                nokia_set_x
 .text.nokia_set_y
                0x0000000020000560       0x24 ./src/fab_Nokia5110.o
                0x0000000020000560                nokia_set_y
 .text.nokia_set_data
                0x0000000020000584       0x24 ./src/fab_Nokia5110.o
                0x0000000020000584                nokia_set_data
 .text.nokia_get_data_reg
                0x00000000200005a8       0x46 ./src/fab_Nokia5110.o
                0x00000000200005a8                nokia_get_data_reg
 .text.nokia_set_driver_ctrl
                0x00000000200005ee       0x22 ./src/fab_Nokia5110.o
                0x00000000200005ee                nokia_set_driver_ctrl
 .text.nokia_set_disp_1
                0x0000000020000610       0x54 ./src/fab_Nokia5110.o
                0x0000000020000610                nokia_set_disp_1
 .text.nokia_set_pixel_reg_block
                0x0000000020000664       0x94 ./src/fab_Nokia5110.o
                0x0000000020000664                nokia_set_pixel_reg_block
 .text.nokia_get_pixel
                0x00000000200006f8       0x6a ./src/fab_Nokia5110.o
                0x00000000200006f8                nokia_get_pixel
 .text.nokia_set_pixel
                0x0000000020000762       0xa4 ./src/fab_Nokia5110.o
                0x0000000020000762                nokia_set_pixel
 .text.nokia_set_pixel_block
                0x0000000020000806       0xa0 ./src/fab_Nokia5110.o
                0x0000000020000806                nokia_set_pixel_block
 .text.nokia_set_pixel_block_alpha
                0x00000000200008a6       0xb8 ./src/fab_Nokia5110.o
                0x00000000200008a6                nokia_set_pixel_block_alpha
 *fill*         0x000000002000095e        0x2 
 .text.MSS_GPIO_set_outputs
                0x0000000020000960       0x20 ./src/main.o
 .text.main     0x0000000020000980       0x34 ./src/main.o
                0x0000000020000980                main
 .text.periph_init
                0x00000000200009b4       0x40 ./src/main.o
                0x00000000200009b4                periph_init
 .text.mss_uart_init
                0x00000000200009f4       0x20 ./src/main.o
                0x00000000200009f4                mss_uart_init
 .text.fab_pwm_init
                0x0000000020000a14       0x30 ./src/main.o
                0x0000000020000a14                fab_pwm_init
 .text.mss_gpio_init
                0x0000000020000a44        0xe ./src/main.o
                0x0000000020000a44                mss_gpio_init
 *fill*         0x0000000020000a52        0x2 
 .text.fab_nokia_init
                0x0000000020000a54       0x24 ./src/main.o
                0x0000000020000a54                fab_nokia_init
 .text.fab_nokia_test
                0x0000000020000a78      0x274 ./src/main.o
                0x0000000020000a78                fab_nokia_test
 .text          0x0000000020000cec       0x90 ./firmware/hal/CortexM3/GNU/hw_reg_access.o
                0x0000000020000cec                HW_set_32bit_reg
                0x0000000020000cf0                HW_get_32bit_reg
                0x0000000020000cf4                HW_set_32bit_reg_field
                0x0000000020000d10                HW_get_32bit_reg_field
                0x0000000020000d1c                HW_set_16bit_reg
                0x0000000020000d20                HW_get_16bit_reg
                0x0000000020000d24                HW_set_16bit_reg_field
                0x0000000020000d40                HW_get_16bit_reg_field
                0x0000000020000d4c                HW_set_8bit_reg
                0x0000000020000d50                HW_get_8bit_reg
                0x0000000020000d54                HW_set_8bit_reg_field
                0x0000000020000d70                HW_get_8bit_reg_field
 .text.NVIC_ClearPendingIRQ
                0x0000000020000d7c       0x34 ./firmware/drivers/mss_uart/mss_uart.o
 .text.set_bit_reg8
                0x0000000020000db0       0x3a ./firmware/drivers/mss_uart/mss_uart.o
 .text.clear_bit_reg8
                0x0000000020000dea       0x3a ./firmware/drivers/mss_uart/mss_uart.o
 .text.read_bit_reg8
                0x0000000020000e24       0x38 ./firmware/drivers/mss_uart/mss_uart.o
 .text.MSS_UART_init
                0x0000000020000e5c       0x70 ./firmware/drivers/mss_uart/mss_uart.o
                0x0000000020000e5c                MSS_UART_init
 .text.MSS_UART_polled_tx_string
                0x0000000020000ecc       0xb4 ./firmware/drivers/mss_uart/mss_uart.o
                0x0000000020000ecc                MSS_UART_polled_tx_string
 .text.UART0_IRQHandler
                0x0000000020000f80       0x24 ./firmware/drivers/mss_uart/mss_uart.o
                0x0000000020000f80                UART0_IRQHandler
 .text.UART1_IRQHandler
                0x0000000020000fa4       0x24 ./firmware/drivers/mss_uart/mss_uart.o
                0x0000000020000fa4                UART1_IRQHandler
 .text.config_baud_divisors
                0x0000000020000fc8      0x14c ./firmware/drivers/mss_uart/mss_uart.o
 .text.global_init
                0x0000000020001114      0x1d8 ./firmware/drivers/mss_uart/mss_uart.o
 .text.MSS_UART_isr
                0x00000000200012ec      0x208 ./firmware/drivers/mss_uart/mss_uart.o
 .text.default_tx_handler
                0x00000000200014f4       0xe8 ./firmware/drivers/mss_uart/mss_uart.o
 .text.ComBlk_IRQHandler
                0x00000000200015dc       0x48 ./firmware/drivers/mss_sys_services/mss_comblk.o
                0x00000000200015dc                ComBlk_IRQHandler
 .text.handle_tx_okay_irq
                0x0000000020001624      0x1ac ./firmware/drivers/mss_sys_services/mss_comblk.o
 .text.handle_rx_okay_irq
                0x00000000200017d0      0x210 ./firmware/drivers/mss_sys_services/mss_comblk.o
 .text.complete_request
                0x00000000200019e0       0x40 ./firmware/drivers/mss_sys_services/mss_comblk.o
 .text.abort_current_cmd
                0x0000000020001a20       0x4c ./firmware/drivers/mss_sys_services/mss_comblk.o
 .text.fill_tx_fifo
                0x0000000020001a6c       0x60 ./firmware/drivers/mss_sys_services/mss_comblk.o
 .text.process_sys_ctrl_command
                0x0000000020001acc       0x28 ./firmware/drivers/mss_sys_services/mss_comblk.o
 .text.NVIC_ClearPendingIRQ
                0x0000000020001af4       0x34 ./firmware/drivers/mss_spi/mss_spi.o
 .text.recover_from_rx_overflow
                0x0000000020001b28      0x128 ./firmware/drivers/mss_spi/mss_spi.o
 .text.fill_slave_tx_fifo
                0x0000000020001c50       0xd6 ./firmware/drivers/mss_spi/mss_spi.o
 .text.read_slave_rx_fifo
                0x0000000020001d26       0xa6 ./firmware/drivers/mss_spi/mss_spi.o
 .text.mss_spi_isr
                0x0000000020001dcc      0x27c ./firmware/drivers/mss_spi/mss_spi.o
 .text.SPI0_IRQHandler
                0x0000000020002048       0x24 ./firmware/drivers/mss_spi/mss_spi.o
                0x0000000020002048                SPI0_IRQHandler
 .text.SPI1_IRQHandler
                0x000000002000206c       0x24 ./firmware/drivers/mss_spi/mss_spi.o
                0x000000002000206c                SPI1_IRQHandler
 .text.NVIC_DisableIRQ
                0x0000000020002090       0x34 ./firmware/drivers/mss_i2c/mss_i2c.o
 .text.enable_slave_if_required
                0x00000000200020c4       0x24 ./firmware/drivers/mss_i2c/mss_i2c.o
 .text.mss_i2c_isr
                0x00000000200020e8      0x854 ./firmware/drivers/mss_i2c/mss_i2c.o
 .text.I2C0_IRQHandler
                0x000000002000293c       0x24 ./firmware/drivers/mss_i2c/mss_i2c.o
                0x000000002000293c                I2C0_IRQHandler
 .text.I2C1_IRQHandler
                0x0000000020002960       0x24 ./firmware/drivers/mss_i2c/mss_i2c.o
                0x0000000020002960                I2C1_IRQHandler
 .text.start_transfer
                0x0000000020002984      0x154 ./firmware/drivers/mss_hpdma/mss_hpdma.o
 .text.HPDMA_Complete_IRQHandler
                0x0000000020002ad8       0xf8 ./firmware/drivers/mss_hpdma/mss_hpdma.o
                0x0000000020002ad8                HPDMA_Complete_IRQHandler
 .text.HPDMA_Error_IRQHandler
                0x0000000020002bd0      0x100 ./firmware/drivers/mss_hpdma/mss_hpdma.o
                0x0000000020002bd0                HPDMA_Error_IRQHandler
 .text.NVIC_EnableIRQ
                0x0000000020002cd0       0x30 ./firmware/drivers/mss_gpio/mss_gpio.o
 .text.NVIC_DisableIRQ
                0x0000000020002d00       0x34 ./firmware/drivers/mss_gpio/mss_gpio.o
 .text.NVIC_ClearPendingIRQ
                0x0000000020002d34       0x34 ./firmware/drivers/mss_gpio/mss_gpio.o
 .text.MSS_GPIO_init
                0x0000000020002d68       0x78 ./firmware/drivers/mss_gpio/mss_gpio.o
                0x0000000020002d68                MSS_GPIO_init
 .text.MSS_GPIO_enable_irq
                0x0000000020002de0       0x58 ./firmware/drivers/mss_gpio/mss_gpio.o
                0x0000000020002de0                MSS_GPIO_enable_irq
 .text.set_bit_reg32
                0x0000000020002e38       0x3a ./firmware/drivers/mss_ethernet_mac/mss_ethernet_mac.o
 *fill*         0x0000000020002e72        0x2 
 .text.EthernetMAC_IRQHandler
                0x0000000020002e74       0x40 ./firmware/drivers/mss_ethernet_mac/mss_ethernet_mac.o
                0x0000000020002e74                EthernetMAC_IRQHandler
 .text.rxpkt_handler
                0x0000000020002eb4       0xbc ./firmware/drivers/mss_ethernet_mac/mss_ethernet_mac.o
 .text.txpkt_handler
                0x0000000020002f70       0xec ./firmware/drivers/mss_ethernet_mac/mss_ethernet_mac.o
 .text.PWM_init
                0x000000002000305c      0x13a ./firmware/drivers/CorePWM/core_pwm.o
                0x000000002000305c                PWM_init
 *fill*         0x0000000020003196        0x2 
 .text.PWM_enable
                0x0000000020003198       0x94 ./firmware/drivers/CorePWM/core_pwm.o
                0x0000000020003198                PWM_enable
 .text.PWM_disable
                0x000000002000322c       0x9c ./firmware/drivers/CorePWM/core_pwm.o
                0x000000002000322c                PWM_disable
 .text.PWM_set_duty_cycle
                0x00000000200032c8       0xac ./firmware/drivers/CorePWM/core_pwm.o
                0x00000000200032c8                PWM_set_duty_cycle
 .text.SystemInit
                0x0000000020003374       0x20 ./firmware/CMSIS/system_m2sxxx.o
                0x0000000020003374                SystemInit
 .text.SystemCoreClockUpdate
                0x0000000020003394       0xfc ./firmware/CMSIS/system_m2sxxx.o
                0x0000000020003394                SystemCoreClockUpdate
 .text.get_rcosc_25_50mhz_frequency
                0x0000000020003490       0x3c ./firmware/CMSIS/system_m2sxxx.o
 .text.set_clock_frequency_globals
                0x00000000200034cc       0x5c ./firmware/CMSIS/system_m2sxxx.o
 .text.get_silicon_revision
                0x0000000020003528       0x48 ./firmware/CMSIS/system_m2sxxx.o
 .text.silicon_workarounds
                0x0000000020003570       0x22 ./firmware/CMSIS/system_m2sxxx.o
 *fill*         0x0000000020003592        0x2 
 .text.m2s050_rev_a_workarounds
                0x0000000020003594       0x30 ./firmware/CMSIS/system_m2sxxx.o
 .text.__libc_init_array
                0x00000000200035c4       0x48 c:/microsemi/softconsole_v6.2/arm-none-eabi-gcc/bin/../lib/gcc/arm-none-eabi/8.2.1/../../../../arm-none-eabi/lib/thumb/v7-m/nofp\libg_nano.a(lib_a-init.o)
                0x00000000200035c4                __libc_init_array
 *(.plt)
 *(.gnu.warning)
 *(.glue_7t)
 .glue_7t       0x000000002000360c        0x0 linker stubs
 *(.glue_7)
 .glue_7        0x000000002000360c        0x0 linker stubs
 *(.vfp11_veneer)
 .vfp11_veneer  0x000000002000360c        0x0 linker stubs
                0x000000002000360c                . = ALIGN (0x4)
 *crtbegin.o(.ctors)
 *(EXCLUDE_FILE(*crtend.o) .ctors)
 *(SORT_BY_NAME(.ctors.*))
 *crtend.o(.ctors)
 *crtbegin.o(.dtors)
 *(EXCLUDE_FILE(*crtend.o) .dtors)
 *(SORT_BY_NAME(.dtors.*))
 *crtend.o(.dtors)
 *(.rodata .rodata.* .gnu.linkonce.r.*)
 .rodata        0x000000002000360c       0x77 ./src/main.o
 *fill*         0x0000000020003683        0x1 
 .rodata.g_config_reg_lut
                0x0000000020003684       0x80 ./firmware/drivers/mss_gpio/mss_gpio.o
 .rodata.g_gpio_irqn_lut
                0x0000000020003704       0x20 ./firmware/drivers/mss_gpio/mss_gpio.o
 .rodata.g_pwm_id_mask_lut
                0x0000000020003724       0x11 ./firmware/drivers/CorePWM/core_pwm.o
 *fill*         0x0000000020003735        0x3 
 .rodata.g_pwm_posedge_offset_lut
                0x0000000020003738       0x44 ./firmware/drivers/CorePWM/core_pwm.o
 .rodata.g_pwm_negedge_offset_lut
                0x000000002000377c       0x44 ./firmware/drivers/CorePWM/core_pwm.o
 .rodata        0x00000000200037c0        0x8 ./firmware/CMSIS/system_m2sxxx.o
 *(.ARM.extab* .gnu.linkonce.armextab.*)
 *(.gcc_except_table)
 *(.eh_frame_hdr)
 *(.eh_frame)
 .eh_frame      0x00000000200037c8        0x0 c:/microsemi/softconsole_v6.2/arm-none-eabi-gcc/bin/../lib/gcc/arm-none-eabi/8.2.1/thumb/v7-m/nofp/crtbegin.o
 *(.vector_table)
 *(.init)
 .init          0x00000000200037c8        0x4 c:/microsemi/softconsole_v6.2/arm-none-eabi-gcc/bin/../lib/gcc/arm-none-eabi/8.2.1/thumb/v7-m/nofp/crti.o
                0x00000000200037c8                _init
 .init          0x00000000200037cc        0x8 c:/microsemi/softconsole_v6.2/arm-none-eabi-gcc/bin/../lib/gcc/arm-none-eabi/8.2.1/thumb/v7-m/nofp/crtn.o
 *(.fini)
 .fini          0x00000000200037d4        0x4 c:/microsemi/softconsole_v6.2/arm-none-eabi-gcc/bin/../lib/gcc/arm-none-eabi/8.2.1/thumb/v7-m/nofp/crti.o
                0x00000000200037d4                _fini
 .fini          0x00000000200037d8        0x8 c:/microsemi/softconsole_v6.2/arm-none-eabi-gcc/bin/../lib/gcc/arm-none-eabi/8.2.1/thumb/v7-m/nofp/crtn.o
                0x00000000200037e0                PROVIDE (__preinit_array_start = .)
 *(.preinit_array)
                0x00000000200037e0                PROVIDE (__preinit_array_end = .)
                0x00000000200037e0                PROVIDE (__init_array_start = .)
 *(SORT_BY_NAME(.init_array.*))
 *(.init_array)
 .init_array    0x00000000200037e0        0x4 c:/microsemi/softconsole_v6.2/arm-none-eabi-gcc/bin/../lib/gcc/arm-none-eabi/8.2.1/thumb/v7-m/nofp/crtbegin.o
                0x00000000200037e4                PROVIDE (__init_array_end = .)
                [!provide]                        PROVIDE (__fini_array_start = .)
 *(.fini_array)
 .fini_array    0x00000000200037e4        0x4 c:/microsemi/softconsole_v6.2/arm-none-eabi-gcc/bin/../lib/gcc/arm-none-eabi/8.2.1/thumb/v7-m/nofp/crtbegin.o
 *(SORT_BY_NAME(.fini_array.*))
                [!provide]                        PROVIDE (__fini_array_end = .)
                0x00000000200037f0                . = ALIGN (0x10)
 *fill*         0x00000000200037e8        0x8 
                0x00000000200037f0                __exidx_start = .

.v4_bx          0x00000000200037f0        0x0
 .v4_bx         0x00000000200037f0        0x0 linker stubs

.iplt           0x00000000200037f0        0x0
 .iplt          0x00000000200037f0        0x0 c:/microsemi/softconsole_v6.2/arm-none-eabi-gcc/bin/../lib/gcc/arm-none-eabi/8.2.1/thumb/v7-m/nofp/crtbegin.o

.rel.dyn        0x00000000200037f0        0x0
 .rel.iplt      0x00000000200037f0        0x0 c:/microsemi/softconsole_v6.2/arm-none-eabi-gcc/bin/../lib/gcc/arm-none-eabi/8.2.1/thumb/v7-m/nofp/crtbegin.o

.ARM.exidx
 *(.ARM.exidx* .gnu.linkonce.armexidx.*)
                0x00000000200037f0                __exidx_end = .
                0x00000000200037f0                _etext = .
                [!provide]                        PROVIDE (__text_end = .)

.data           0x00000000200037f0      0x140
                0x00000000200037f0                __data_load = LOADADDR (.data)
                0x00000000200037f0                _sidata = LOADADDR (.data)
                0x00000000200037f0                __data_start = .
                0x00000000200037f0                _sdata = .
 *(.jcr)
 *(.got.plt)
 *(.got)
 *(.shdata)
 *(.data .data.* .gnu.linkonce.d.*)
 .data.ascii_3x5_alpha
                0x00000000200037f0        0x3 ./src/main.o
                0x00000000200037f0                ascii_3x5_alpha
 *fill*         0x00000000200037f3        0x1 
 .data.ascii_3x5_0
                0x00000000200037f4        0x3 ./src/main.o
                0x00000000200037f4                ascii_3x5_0
 *fill*         0x00000000200037f7        0x1 
 .data.ascii_3x5_1
                0x00000000200037f8        0x3 ./src/main.o
                0x00000000200037f8                ascii_3x5_1
 *fill*         0x00000000200037fb        0x1 
 .data.ascii_3x5_2
                0x00000000200037fc        0x3 ./src/main.o
                0x00000000200037fc                ascii_3x5_2
 *fill*         0x00000000200037ff        0x1 
 .data.ascii_3x5_3
                0x0000000020003800        0x3 ./src/main.o
                0x0000000020003800                ascii_3x5_3
 *fill*         0x0000000020003803        0x1 
 .data.ascii_3x5_4
                0x0000000020003804        0x3 ./src/main.o
                0x0000000020003804                ascii_3x5_4
 *fill*         0x0000000020003807        0x1 
 .data.ascii_3x5_5
                0x0000000020003808        0x3 ./src/main.o
                0x0000000020003808                ascii_3x5_5
 *fill*         0x000000002000380b        0x1 
 .data.ascii_3x5_6
                0x000000002000380c        0x3 ./src/main.o
                0x000000002000380c                ascii_3x5_6
 *fill*         0x000000002000380f        0x1 
 .data.ascii_3x5_7
                0x0000000020003810        0x3 ./src/main.o
                0x0000000020003810                ascii_3x5_7
 *fill*         0x0000000020003813        0x1 
 .data.ascii_3x5_8
                0x0000000020003814        0x3 ./src/main.o
                0x0000000020003814                ascii_3x5_8
 *fill*         0x0000000020003817        0x1 
 .data.ascii_3x5_9
                0x0000000020003818        0x3 ./src/main.o
                0x0000000020003818                ascii_3x5_9
 *fill*         0x000000002000381b        0x1 
 .data.ascii_3x5_a
                0x000000002000381c        0x3 ./src/main.o
                0x000000002000381c                ascii_3x5_a
 *fill*         0x000000002000381f        0x1 
 .data.ascii_3x5_b
                0x0000000020003820        0x3 ./src/main.o
                0x0000000020003820                ascii_3x5_b
 *fill*         0x0000000020003823        0x1 
 .data.ascii_3x5_c
                0x0000000020003824        0x3 ./src/main.o
                0x0000000020003824                ascii_3x5_c
 *fill*         0x0000000020003827        0x1 
 .data.ascii_3x5_d
                0x0000000020003828        0x3 ./src/main.o
                0x0000000020003828                ascii_3x5_d
 *fill*         0x000000002000382b        0x1 
 .data.ascii_3x5_e
                0x000000002000382c        0x3 ./src/main.o
                0x000000002000382c                ascii_3x5_e
 *fill*         0x000000002000382f        0x1 
 .data.ascii_3x5_f
                0x0000000020003830        0x3 ./src/main.o
                0x0000000020003830                ascii_3x5_f
 *fill*         0x0000000020003833        0x1 
 .data.ascii_3x5_g
                0x0000000020003834        0x3 ./src/main.o
                0x0000000020003834                ascii_3x5_g
 *fill*         0x0000000020003837        0x1 
 .data.ascii_3x5_h
                0x0000000020003838        0x3 ./src/main.o
                0x0000000020003838                ascii_3x5_h
 *fill*         0x000000002000383b        0x1 
 .data.ascii_3x5_i
                0x000000002000383c        0x3 ./src/main.o
                0x000000002000383c                ascii_3x5_i
 *fill*         0x000000002000383f        0x1 
 .data.ascii_3x5_j
                0x0000000020003840        0x3 ./src/main.o
                0x0000000020003840                ascii_3x5_j
 *fill*         0x0000000020003843        0x1 
 .data.ascii_3x5_k
                0x0000000020003844        0x3 ./src/main.o
                0x0000000020003844                ascii_3x5_k
 *fill*         0x0000000020003847        0x1 
 .data.ascii_3x5_l
                0x0000000020003848        0x3 ./src/main.o
                0x0000000020003848                ascii_3x5_l
 *fill*         0x000000002000384b        0x1 
 .data.ascii_3x5_m
                0x000000002000384c        0x3 ./src/main.o
                0x000000002000384c                ascii_3x5_m
 *fill*         0x000000002000384f        0x1 
 .data.ascii_3x5_n
                0x0000000020003850        0x3 ./src/main.o
                0x0000000020003850                ascii_3x5_n
 *fill*         0x0000000020003853        0x1 
 .data.ascii_3x5_o
                0x0000000020003854        0x3 ./src/main.o
                0x0000000020003854                ascii_3x5_o
 *fill*         0x0000000020003857        0x1 
 .data.ascii_3x5_p
                0x0000000020003858        0x3 ./src/main.o
                0x0000000020003858                ascii_3x5_p
 *fill*         0x000000002000385b        0x1 
 .data.ascii_3x5_q
                0x000000002000385c        0x3 ./src/main.o
                0x000000002000385c                ascii_3x5_q
 *fill*         0x000000002000385f        0x1 
 .data.ascii_3x5_r
                0x0000000020003860        0x3 ./src/main.o
                0x0000000020003860                ascii_3x5_r
 *fill*         0x0000000020003863        0x1 
 .data.ascii_3x5_s
                0x0000000020003864        0x3 ./src/main.o
                0x0000000020003864                ascii_3x5_s
 *fill*         0x0000000020003867        0x1 
 .data.ascii_3x5_t
                0x0000000020003868        0x3 ./src/main.o
                0x0000000020003868                ascii_3x5_t
 *fill*         0x000000002000386b        0x1 
 .data.ascii_3x5_u
                0x000000002000386c        0x3 ./src/main.o
                0x000000002000386c                ascii_3x5_u
 *fill*         0x000000002000386f        0x1 
 .data.ascii_3x5_v
                0x0000000020003870        0x3 ./src/main.o
                0x0000000020003870                ascii_3x5_v
 *fill*         0x0000000020003873        0x1 
 .data.ascii_3x5_w
                0x0000000020003874        0x3 ./src/main.o
                0x0000000020003874                ascii_3x5_w
 *fill*         0x0000000020003877        0x1 
 .data.ascii_3x5_x
                0x0000000020003878        0x3 ./src/main.o
                0x0000000020003878                ascii_3x5_x
 *fill*         0x000000002000387b        0x1 
 .data.ascii_3x5_y
                0x000000002000387c        0x3 ./src/main.o
                0x000000002000387c                ascii_3x5_y
 *fill*         0x000000002000387f        0x1 
 .data.ascii_3x5_z
                0x0000000020003880        0x3 ./src/main.o
                0x0000000020003880                ascii_3x5_z
 *fill*         0x0000000020003883        0x1 
 .data.ascii_3x5
                0x0000000020003884       0x90 ./src/main.o
                0x0000000020003884                ascii_3x5
 .data.SystemCoreClock
                0x0000000020003914        0x4 ./firmware/CMSIS/system_m2sxxx.o
                0x0000000020003914                SystemCoreClock
 .data.g_FrequencyPCLK0
                0x0000000020003918        0x4 ./firmware/CMSIS/system_m2sxxx.o
                0x0000000020003918                g_FrequencyPCLK0
 .data.g_FrequencyPCLK1
                0x000000002000391c        0x4 ./firmware/CMSIS/system_m2sxxx.o
                0x000000002000391c                g_FrequencyPCLK1
 .data.g_FrequencyPCLK2
                0x0000000020003920        0x4 ./firmware/CMSIS/system_m2sxxx.o
                0x0000000020003920                g_FrequencyPCLK2
 .data.g_FrequencyFIC0
                0x0000000020003924        0x4 ./firmware/CMSIS/system_m2sxxx.o
                0x0000000020003924                g_FrequencyFIC0
 .data.g_FrequencyFIC1
                0x0000000020003928        0x4 ./firmware/CMSIS/system_m2sxxx.o
                0x0000000020003928                g_FrequencyFIC1
 .data.g_FrequencyFIC64
                0x000000002000392c        0x4 ./firmware/CMSIS/system_m2sxxx.o
                0x000000002000392c                g_FrequencyFIC64
                0x0000000020003930                . = ALIGN (0x10)
                0x0000000020003930                _edata = .

.tm_clone_table
                0x0000000020003930        0x0
 .tm_clone_table
                0x0000000020003930        0x0 c:/microsemi/softconsole_v6.2/arm-none-eabi-gcc/bin/../lib/gcc/arm-none-eabi/8.2.1/thumb/v7-m/nofp/crtbegin.o
 .tm_clone_table
                0x0000000020003930        0x0 c:/microsemi/softconsole_v6.2/arm-none-eabi-gcc/bin/../lib/gcc/arm-none-eabi/8.2.1/thumb/v7-m/nofp/crtend.o

.igot.plt       0x0000000020003930        0x0
 .igot.plt      0x0000000020003930        0x0 c:/microsemi/softconsole_v6.2/arm-none-eabi-gcc/bin/../lib/gcc/arm-none-eabi/8.2.1/thumb/v7-m/nofp/crtbegin.o

.bss            0x0000000020003930      0x350
                0x0000000020003930                __bss_start__ = .
                0x0000000020003930                _sbss = .
 *(.shbss)
 *(.bss .bss.* .gnu.linkonce.b.*)
 .bss.completed.6707
                0x0000000020003930        0x1 c:/microsemi/softconsole_v6.2/arm-none-eabi-gcc/bin/../lib/gcc/arm-none-eabi/8.2.1/thumb/v7-m/nofp/crtbegin.o
 *fill*         0x0000000020003931        0x3 
 .bss.object.6712
                0x0000000020003934       0x18 c:/microsemi/softconsole_v6.2/arm-none-eabi-gcc/bin/../lib/gcc/arm-none-eabi/8.2.1/thumb/v7-m/nofp/crtbegin.o
 .bss.g_comblk_cmd_opcode
                0x000000002000394c        0x1 ./firmware/drivers/mss_sys_services/mss_comblk.o
 *fill*         0x000000002000394d        0x3 
 .bss.g_comblk_p_cmd
                0x0000000020003950        0x4 ./firmware/drivers/mss_sys_services/mss_comblk.o
 .bss.g_comblk_cmd_size
                0x0000000020003954        0x2 ./firmware/drivers/mss_sys_services/mss_comblk.o
 *fill*         0x0000000020003956        0x2 
 .bss.g_comblk_p_data
                0x0000000020003958        0x4 ./firmware/drivers/mss_sys_services/mss_comblk.o
 .bss.g_comblk_data_size
                0x000000002000395c        0x4 ./firmware/drivers/mss_sys_services/mss_comblk.o
 .bss.g_comblk_p_response
                0x0000000020003960        0x4 ./firmware/drivers/mss_sys_services/mss_comblk.o
 .bss.g_comblk_response_size
                0x0000000020003964        0x2 ./firmware/drivers/mss_sys_services/mss_comblk.o
 .bss.g_comblk_response_idx
                0x0000000020003966        0x2 ./firmware/drivers/mss_sys_services/mss_comblk.o
 .bss.g_comblk_completion_handler
                0x0000000020003968        0x4 ./firmware/drivers/mss_sys_services/mss_comblk.o
 .bss.g_comblk_page_handler
                0x000000002000396c        0x4 ./firmware/drivers/mss_sys_services/mss_comblk.o
 .bss.g_request_in_progress
                0x0000000020003970        0x1 ./firmware/drivers/mss_sys_services/mss_comblk.o
 .bss.g_comblk_state
                0x0000000020003971        0x1 ./firmware/drivers/mss_sys_services/mss_comblk.o
 *fill*         0x0000000020003972        0x2 
 .bss.g_async_event_handler
                0x0000000020003974        0x4 ./firmware/drivers/mss_sys_services/mss_comblk.o
 .bss.g_transfer
                0x0000000020003978       0x18 ./firmware/drivers/mss_hpdma/mss_hpdma.o
 .bss.g_hpdma_end_desc
                0x0000000020003990        0x4 ./firmware/drivers/mss_hpdma/mss_hpdma.o
 .bss.g_hpdma_current_desc
                0x0000000020003994        0x4 ./firmware/drivers/mss_hpdma/mss_hpdma.o
 .bss.g_mac     0x0000000020003998       0x68 ./firmware/drivers/mss_ethernet_mac/mss_ethernet_mac.o
 *(COMMON)
 COMMON         0x0000000020003a00        0xa ./src/main.o
                0x0000000020003a00                fab_corepwm_c0_0
                0x0000000020003a04                fab_Nokia5110_Driver_0
                0x0000000020003a08                LCD_bklt
                0x0000000020003a09                LED_row
 *fill*         0x0000000020003a0a        0x2 
 COMMON         0x0000000020003a0c       0x80 ./firmware/drivers/mss_uart/mss_uart.o
                0x0000000020003a0c                g_mss_uart1
                0x0000000020003a4c                g_mss_uart0
 COMMON         0x0000000020003a8c      0x108 ./firmware/drivers/mss_spi/mss_spi.o
                0x0000000020003a8c                g_mss_spi1
                0x0000000020003b10                g_mss_spi0
 COMMON         0x0000000020003b94       0xe8 ./firmware/drivers/mss_i2c/mss_i2c.o
                0x0000000020003b94                g_mss_i2c0
                0x0000000020003c08                g_mss_i2c1
                0x0000000020003c80                . = ALIGN (0x10)
 *fill*         0x0000000020003c7c        0x4 
                0x0000000020003c80                __bss_end__ = .
                0x0000000020003c80                _end = .
                0x0000000020003c80                __end = _end
                0x0000000020003c80                _ebss = .
                [!provide]                        PROVIDE (end = .)

.heap           0x0000000020003c80     0xb380
                0x0000000020003c80                __heap_start__ = .
                0x0000000020004c80                . = (. + MIN_SIZE_HEAP)
 *fill*         0x0000000020003c80     0x1000 
                0x000000002000f000                . = (. + (((ABSOLUTE (RAM_START_ADDRESS) + RAM_SIZE) - MAIN_STACK_SIZE) - .))
 *fill*         0x0000000020004c80     0xa380 
                0x000000002000f000                _eheap = .

.stack          0x000000002000f000     0x1000
                0x000000002000f000                __stack_start__ = .
                0x0000000020010000                . = (. + MAIN_STACK_SIZE)
 *fill*         0x000000002000f000     0x1000 
                0x0000000020010000                _estack = .

.stab
 *(.stab)

.stabstr
 *(.stabstr)

.debug
 *(.debug)

.line
 *(.line)

.debug_srcinfo
 *(.debug_srcinfo)

.debug_sfnames
 *(.debug_sfnames)

.debug_aranges  0x0000000000000000      0x8e8
 *(.debug_aranges)
 .debug_aranges
                0x0000000000000000      0x108 ./src/fab_Nokia5110.o
 .debug_aranges
                0x0000000000000108       0x58 ./src/main.o
 .debug_aranges
                0x0000000000000160       0x20 ./firmware/hal/CortexM3/GNU/hw_reg_access.o
 .debug_aranges
                0x0000000000000180      0x1d0 ./firmware/drivers/mss_uart/mss_uart.o
 .debug_aranges
                0x0000000000000350       0x90 ./firmware/drivers/mss_sys_services/mss_comblk.o
 .debug_aranges
                0x00000000000003e0       0xe0 ./firmware/drivers/mss_spi/mss_spi.o
 .debug_aranges
                0x00000000000004c0      0x128 ./firmware/drivers/mss_i2c/mss_i2c.o
 .debug_aranges
                0x00000000000005e8       0x80 ./firmware/drivers/mss_hpdma/mss_hpdma.o
 .debug_aranges
                0x0000000000000668       0x68 ./firmware/drivers/mss_gpio/mss_gpio.o
 .debug_aranges
                0x00000000000006d0       0xf0 ./firmware/drivers/mss_ethernet_mac/mss_ethernet_mac.o
 .debug_aranges
                0x00000000000007c0       0xb8 ./firmware/drivers/CorePWM/core_pwm.o
 .debug_aranges
                0x0000000000000878       0x20 ./firmware/CMSIS/startup_gcc/startup_m2sxxx.o
 .debug_aranges
                0x0000000000000898       0x50 ./firmware/CMSIS/system_m2sxxx.o

.debug_pubnames
 *(.debug_pubnames)

.debug_info     0x0000000000000000     0xe2b3
 *(.debug_info .gnu.linkonce.wi.*)
 .debug_info    0x0000000000000000      0xa2d ./src/fab_Nokia5110.o
 .debug_info    0x0000000000000a2d     0x15a5 ./src/main.o
 .debug_info    0x0000000000001fd2       0x26 ./firmware/hal/CortexM3/GNU/hw_reg_access.o
 .debug_info    0x0000000000001ff8     0x1ea8 ./firmware/drivers/mss_uart/mss_uart.o
 .debug_info    0x0000000000003ea0      0xb4b ./firmware/drivers/mss_sys_services/mss_comblk.o
 .debug_info    0x00000000000049eb     0x1f5b ./firmware/drivers/mss_spi/mss_spi.o
 .debug_info    0x0000000000006946     0x2295 ./firmware/drivers/mss_i2c/mss_i2c.o
 .debug_info    0x0000000000008bdb     0x1231 ./firmware/drivers/mss_hpdma/mss_hpdma.o
 .debug_info    0x0000000000009e0c     0x10dc ./firmware/drivers/mss_gpio/mss_gpio.o
 .debug_info    0x000000000000aee8     0x1cde ./firmware/drivers/mss_ethernet_mac/mss_ethernet_mac.o
 .debug_info    0x000000000000cbc6      0xb66 ./firmware/drivers/CorePWM/core_pwm.o
 .debug_info    0x000000000000d72c       0x26 ./firmware/CMSIS/startup_gcc/startup_m2sxxx.o
 .debug_info    0x000000000000d752      0xb61 ./firmware/CMSIS/system_m2sxxx.o

.debug_abbrev   0x0000000000000000     0x1c3e
 *(.debug_abbrev)
 .debug_abbrev  0x0000000000000000      0x171 ./src/fab_Nokia5110.o
 .debug_abbrev  0x0000000000000171      0x2cf ./src/main.o
 .debug_abbrev  0x0000000000000440       0x14 ./firmware/hal/CortexM3/GNU/hw_reg_access.o
 .debug_abbrev  0x0000000000000454      0x356 ./firmware/drivers/mss_uart/mss_uart.o
 .debug_abbrev  0x00000000000007aa      0x224 ./firmware/drivers/mss_sys_services/mss_comblk.o
 .debug_abbrev  0x00000000000009ce      0x35d ./firmware/drivers/mss_spi/mss_spi.o
 .debug_abbrev  0x0000000000000d2b      0x3e3 ./firmware/drivers/mss_i2c/mss_i2c.o
 .debug_abbrev  0x000000000000110e      0x2a3 ./firmware/drivers/mss_hpdma/mss_hpdma.o
 .debug_abbrev  0x00000000000013b1      0x1e3 ./firmware/drivers/mss_gpio/mss_gpio.o
 .debug_abbrev  0x0000000000001594      0x338 ./firmware/drivers/mss_ethernet_mac/mss_ethernet_mac.o
 .debug_abbrev  0x00000000000018cc      0x1ac ./firmware/drivers/CorePWM/core_pwm.o
 .debug_abbrev  0x0000000000001a78       0x14 ./firmware/CMSIS/startup_gcc/startup_m2sxxx.o
 .debug_abbrev  0x0000000000001a8c      0x1b2 ./firmware/CMSIS/system_m2sxxx.o

.debug_line     0x0000000000000000     0x75f3
 *(.debug_line)
 .debug_line    0x0000000000000000      0x8c1 ./src/fab_Nokia5110.o
 .debug_line    0x00000000000008c1      0x69c ./src/main.o
 .debug_line    0x0000000000000f5d       0x94 ./firmware/hal/CortexM3/GNU/hw_reg_access.o
 .debug_line    0x0000000000000ff1     0x159d ./firmware/drivers/mss_uart/mss_uart.o
 .debug_line    0x000000000000258e      0x89e ./firmware/drivers/mss_sys_services/mss_comblk.o
 .debug_line    0x0000000000002e2c     0x1064 ./firmware/drivers/mss_spi/mss_spi.o
 .debug_line    0x0000000000003e90      0xdff ./firmware/drivers/mss_i2c/mss_i2c.o
 .debug_line    0x0000000000004c8f      0x657 ./firmware/drivers/mss_hpdma/mss_hpdma.o
 .debug_line    0x00000000000052e6      0x53c ./firmware/drivers/mss_gpio/mss_gpio.o
 .debug_line    0x0000000000005822      0xd62 ./firmware/drivers/mss_ethernet_mac/mss_ethernet_mac.o
 .debug_line    0x0000000000006584      0xab6 ./firmware/drivers/CorePWM/core_pwm.o
 .debug_line    0x000000000000703a      0x197 ./firmware/CMSIS/startup_gcc/startup_m2sxxx.o
 .debug_line    0x00000000000071d1      0x422 ./firmware/CMSIS/system_m2sxxx.o

.debug_frame    0x0000000000000000     0x2478
 *(.debug_frame)
 .debug_frame   0x0000000000000000      0x448 ./src/fab_Nokia5110.o
 .debug_frame   0x0000000000000448      0x110 ./src/main.o
 .debug_frame   0x0000000000000558      0x820 ./firmware/drivers/mss_uart/mss_uart.o
 .debug_frame   0x0000000000000d78      0x240 ./firmware/drivers/mss_sys_services/mss_comblk.o
 .debug_frame   0x0000000000000fb8      0x3c0 ./firmware/drivers/mss_spi/mss_spi.o
 .debug_frame   0x0000000000001378      0x540 ./firmware/drivers/mss_i2c/mss_i2c.o
 .debug_frame   0x00000000000018b8      0x208 ./firmware/drivers/mss_hpdma/mss_hpdma.o
 .debug_frame   0x0000000000001ac0      0x198 ./firmware/drivers/mss_gpio/mss_gpio.o
 .debug_frame   0x0000000000001c58      0x408 ./firmware/drivers/mss_ethernet_mac/mss_ethernet_mac.o
 .debug_frame   0x0000000000002060      0x2e0 ./firmware/drivers/CorePWM/core_pwm.o
 .debug_frame   0x0000000000002340      0x10c ./firmware/CMSIS/system_m2sxxx.o
 .debug_frame   0x000000000000244c       0x2c c:/microsemi/softconsole_v6.2/arm-none-eabi-gcc/bin/../lib/gcc/arm-none-eabi/8.2.1/../../../../arm-none-eabi/lib/thumb/v7-m/nofp\libg_nano.a(lib_a-init.o)

.debug_str      0x0000000000000000    0x17559
 *(.debug_str)
 .debug_str     0x0000000000000000     0x4a79 ./src/fab_Nokia5110.o
                                       0x4c2f (size before relaxing)
 .debug_str     0x0000000000004a79     0x7e5f ./src/main.o
                                       0xbdc4 (size before relaxing)
 .debug_str     0x000000000000c8d8       0xbd ./firmware/hal/CortexM3/GNU/hw_reg_access.o
 .debug_str     0x000000000000c995     0x159d ./firmware/drivers/mss_uart/mss_uart.o
                                       0xbe1d (size before relaxing)
 .debug_str     0x000000000000df32      0x4e9 ./firmware/drivers/mss_sys_services/mss_comblk.o
                                       0xa1f5 (size before relaxing)
 .debug_str     0x000000000000e41b     0x32cf ./firmware/drivers/mss_spi/mss_spi.o
                                       0xdb74 (size before relaxing)
 .debug_str     0x00000000000116ea      0x7d8 ./firmware/drivers/mss_i2c/mss_i2c.o
                                       0xdcd9 (size before relaxing)
 .debug_str     0x0000000000011ec2      0x770 ./firmware/drivers/mss_hpdma/mss_hpdma.o
                                       0xab0f (size before relaxing)
 .debug_str     0x0000000000012632      0x1d3 ./firmware/drivers/mss_gpio/mss_gpio.o
                                       0xad63 (size before relaxing)
 .debug_str     0x0000000000012805     0x3f7a ./firmware/drivers/mss_ethernet_mac/mss_ethernet_mac.o
                                       0xe463 (size before relaxing)
 .debug_str     0x000000000001677f      0x60c ./firmware/drivers/CorePWM/core_pwm.o
                                       0x56d7 (size before relaxing)
 .debug_str     0x0000000000016d8b       0x2f ./firmware/CMSIS/startup_gcc/startup_m2sxxx.o
                                         0xbf (size before relaxing)
 .debug_str     0x0000000000016dba      0x79f ./firmware/CMSIS/system_m2sxxx.o
                                       0xa1e4 (size before relaxing)

.debug_loc
 *(.debug_loc)

.debug_macinfo
 *(.debug_macinfo)

.debug_weaknames
 *(.debug_weaknames)

.debug_funcnames
 *(.debug_funcnames)

.debug_typenames
 *(.debug_typenames)

.debug_varnames
 *(.debug_varnames)

.note.gnu.arm.ident
 *(.note.gnu.arm.ident)

.ARM.attributes
                0x0000000000000000       0x29
 *(.ARM.attributes)
 .ARM.attributes
                0x0000000000000000       0x1d c:/microsemi/softconsole_v6.2/arm-none-eabi-gcc/bin/../lib/gcc/arm-none-eabi/8.2.1/thumb/v7-m/nofp/crti.o
 .ARM.attributes
                0x000000000000001d       0x2d c:/microsemi/softconsole_v6.2/arm-none-eabi-gcc/bin/../lib/gcc/arm-none-eabi/8.2.1/thumb/v7-m/nofp/crtbegin.o
 .ARM.attributes
                0x000000000000004a       0x1b c:/microsemi/softconsole_v6.2/arm-none-eabi-gcc/bin/../lib/gcc/arm-none-eabi/8.2.1/../../../../arm-none-eabi/lib/thumb/v7-m/nofp/crt0.o
 .ARM.attributes
                0x0000000000000065       0x2d ./src/fab_Nokia5110.o
 .ARM.attributes
                0x0000000000000092       0x2d ./src/lcd_characters.o
 .ARM.attributes
                0x00000000000000bf       0x2d ./src/main.o
 .ARM.attributes
                0x00000000000000ec       0x2d ./src/pixel_arrays.o
 .ARM.attributes
                0x0000000000000119       0x1b ./firmware/hal/CortexM3/GNU/hal.o
 .ARM.attributes
                0x0000000000000134       0x1b ./firmware/hal/CortexM3/GNU/hw_reg_access.o
 .ARM.attributes
                0x000000000000014f       0x2d ./firmware/hal/CortexM3/cortex_nvic.o
 .ARM.attributes
                0x000000000000017c       0x33 ./firmware/drivers_config/sys_config/sys_config.o
 .ARM.attributes
                0x00000000000001af       0x2d ./firmware/drivers/mss_uart/mss_uart.o
 .ARM.attributes
                0x00000000000001dc       0x2d ./firmware/drivers/mss_sys_services/mss_comblk.o
 .ARM.attributes
                0x0000000000000209       0x2d ./firmware/drivers/mss_sys_services/mss_sys_services.o
 .ARM.attributes
                0x0000000000000236       0x2d ./firmware/drivers/mss_spi/mss_spi.o
 .ARM.attributes
                0x0000000000000263       0x2d ./firmware/drivers/mss_nvm/mss_nvm.o
 .ARM.attributes
                0x0000000000000290       0x2d ./firmware/drivers/mss_i2c/mss_i2c.o
 .ARM.attributes
                0x00000000000002bd       0x2d ./firmware/drivers/mss_hpdma/mss_hpdma.o
 .ARM.attributes
                0x00000000000002ea       0x2d ./firmware/drivers/mss_gpio/mss_gpio.o
 .ARM.attributes
                0x0000000000000317       0x2d ./firmware/drivers/mss_ethernet_mac/m88e1340_phy.o
 .ARM.attributes
                0x0000000000000344       0x2d ./firmware/drivers/mss_ethernet_mac/mss_ethernet_mac.o
 .ARM.attributes
                0x0000000000000371       0x2d ./firmware/drivers/CorePWM/core_pwm.o
 .ARM.attributes
                0x000000000000039e       0x2d ./firmware/CMSIS/startup_gcc/newlib_stubs.o
 .ARM.attributes
                0x00000000000003cb       0x21 ./firmware/CMSIS/startup_gcc/startup_m2sxxx.o
 .ARM.attributes
                0x00000000000003ec       0x2d ./firmware/CMSIS/system_m2sxxx.o
 .ARM.attributes
                0x0000000000000419       0x2d c:/microsemi/softconsole_v6.2/arm-none-eabi-gcc/bin/../lib/gcc/arm-none-eabi/8.2.1/../../../../arm-none-eabi/lib/thumb/v7-m/nofp\libg_nano.a(lib_a-calloc.o)
 .ARM.attributes
                0x0000000000000446       0x2d c:/microsemi/softconsole_v6.2/arm-none-eabi-gcc/bin/../lib/gcc/arm-none-eabi/8.2.1/../../../../arm-none-eabi/lib/thumb/v7-m/nofp\libg_nano.a(lib_a-errno.o)
 .ARM.attributes
                0x0000000000000473       0x2d c:/microsemi/softconsole_v6.2/arm-none-eabi-gcc/bin/../lib/gcc/arm-none-eabi/8.2.1/../../../../arm-none-eabi/lib/thumb/v7-m/nofp\libg_nano.a(lib_a-exit.o)
 .ARM.attributes
                0x00000000000004a0       0x2d c:/microsemi/softconsole_v6.2/arm-none-eabi-gcc/bin/../lib/gcc/arm-none-eabi/8.2.1/../../../../arm-none-eabi/lib/thumb/v7-m/nofp\libg_nano.a(lib_a-impure.o)
 .ARM.attributes
                0x00000000000004cd       0x2d c:/microsemi/softconsole_v6.2/arm-none-eabi-gcc/bin/../lib/gcc/arm-none-eabi/8.2.1/../../../../arm-none-eabi/lib/thumb/v7-m/nofp\libg_nano.a(lib_a-init.o)
 .ARM.attributes
                0x00000000000004fa       0x2d c:/microsemi/softconsole_v6.2/arm-none-eabi-gcc/bin/../lib/gcc/arm-none-eabi/8.2.1/../../../../arm-none-eabi/lib/thumb/v7-m/nofp\libg_nano.a(lib_a-malloc.o)
 .ARM.attributes
                0x0000000000000527       0x2d c:/microsemi/softconsole_v6.2/arm-none-eabi-gcc/bin/../lib/gcc/arm-none-eabi/8.2.1/../../../../arm-none-eabi/lib/thumb/v7-m/nofp\libg_nano.a(lib_a-memcpy-stub.o)
 .ARM.attributes
                0x0000000000000554       0x2d c:/microsemi/softconsole_v6.2/arm-none-eabi-gcc/bin/../lib/gcc/arm-none-eabi/8.2.1/../../../../arm-none-eabi/lib/thumb/v7-m/nofp\libg_nano.a(lib_a-memset.o)
 .ARM.attributes
                0x0000000000000581       0x2d c:/microsemi/softconsole_v6.2/arm-none-eabi-gcc/bin/../lib/gcc/arm-none-eabi/8.2.1/../../../../arm-none-eabi/lib/thumb/v7-m/nofp\libg_nano.a(lib_a-nano-callocr.o)
 .ARM.attributes
                0x00000000000005ae       0x2d c:/microsemi/softconsole_v6.2/arm-none-eabi-gcc/bin/../lib/gcc/arm-none-eabi/8.2.1/../../../../arm-none-eabi/lib/thumb/v7-m/nofp\libg_nano.a(lib_a-nano-freer.o)
 .ARM.attributes
                0x00000000000005db       0x2d c:/microsemi/softconsole_v6.2/arm-none-eabi-gcc/bin/../lib/gcc/arm-none-eabi/8.2.1/../../../../arm-none-eabi/lib/thumb/v7-m/nofp\libg_nano.a(lib_a-nano-mallocr.o)
 .ARM.attributes
                0x0000000000000608       0x2d c:/microsemi/softconsole_v6.2/arm-none-eabi-gcc/bin/../lib/gcc/arm-none-eabi/8.2.1/../../../../arm-none-eabi/lib/thumb/v7-m/nofp\libg_nano.a(lib_a-sbrkr.o)
 .ARM.attributes
                0x0000000000000635       0x2d c:/microsemi/softconsole_v6.2/arm-none-eabi-gcc/bin/../lib/gcc/arm-none-eabi/8.2.1/../../../../arm-none-eabi/lib/thumb/v7-m/nofp\libg_nano.a(lib_a-mlock.o)
 .ARM.attributes
                0x0000000000000662       0x2d c:/microsemi/softconsole_v6.2/arm-none-eabi-gcc/bin/../lib/gcc/arm-none-eabi/8.2.1/../../../../arm-none-eabi/lib/thumb/v7-m/nofp\libg_nano.a(lib_a-reent.o)
 .ARM.attributes
                0x000000000000068f       0x2d c:/microsemi/softconsole_v6.2/arm-none-eabi-gcc/bin/../lib/gcc/arm-none-eabi/8.2.1/../../../../arm-none-eabi/lib/thumb/v7-m/nofp\libg_nano.a(lib_a-lock.o)
 .ARM.attributes
                0x00000000000006bc       0x2d c:/microsemi/softconsole_v6.2/arm-none-eabi-gcc/bin/../lib/gcc/arm-none-eabi/8.2.1/thumb/v7-m/nofp/crtend.o
 .ARM.attributes
                0x00000000000006e9       0x1d c:/microsemi/softconsole_v6.2/arm-none-eabi-gcc/bin/../lib/gcc/arm-none-eabi/8.2.1/thumb/v7-m/nofp/crtn.o

/DISCARD/
 *(.note.GNU-stack)
 *(.isr_vector)
OUTPUT(SF2_MKR_KIT_Connection_Test.elf elf32-littlearm)

.debug_ranges   0x0000000000000000      0x878
 .debug_ranges  0x0000000000000000       0xf8 ./src/fab_Nokia5110.o
 .debug_ranges  0x00000000000000f8       0x48 ./src/main.o
 .debug_ranges  0x0000000000000140      0x1d8 ./firmware/drivers/mss_uart/mss_uart.o
 .debug_ranges  0x0000000000000318       0xd0 ./firmware/drivers/mss_sys_services/mss_comblk.o
 .debug_ranges  0x00000000000003e8       0xd0 ./firmware/drivers/mss_spi/mss_spi.o
 .debug_ranges  0x00000000000004b8      0x118 ./firmware/drivers/mss_i2c/mss_i2c.o
 .debug_ranges  0x00000000000005d0       0x70 ./firmware/drivers/mss_hpdma/mss_hpdma.o
 .debug_ranges  0x0000000000000640       0x58 ./firmware/drivers/mss_gpio/mss_gpio.o
 .debug_ranges  0x0000000000000698       0xe0 ./firmware/drivers/mss_ethernet_mac/mss_ethernet_mac.o
 .debug_ranges  0x0000000000000778       0xa8 ./firmware/drivers/CorePWM/core_pwm.o
 .debug_ranges  0x0000000000000820       0x58 ./firmware/CMSIS/system_m2sxxx.o

.debug_macro    0x0000000000000000     0x3e33
 .debug_macro   0x0000000000000000       0xf7 ./src/fab_Nokia5110.o
 .debug_macro   0x00000000000000f7      0xa78 ./src/fab_Nokia5110.o
 .debug_macro   0x0000000000000b6f       0x22 ./src/fab_Nokia5110.o
 .debug_macro   0x0000000000000b91       0x8e ./src/fab_Nokia5110.o
 .debug_macro   0x0000000000000c1f       0x51 ./src/fab_Nokia5110.o
 .debug_macro   0x0000000000000c70       0xef ./src/fab_Nokia5110.o
 .debug_macro   0x0000000000000d5f       0x6a ./src/fab_Nokia5110.o
 .debug_macro   0x0000000000000dc9      0x1df ./src/fab_Nokia5110.o
 .debug_macro   0x0000000000000fa8       0x10 ./src/fab_Nokia5110.o
 .debug_macro   0x0000000000000fb8       0x40 ./src/fab_Nokia5110.o
 .debug_macro   0x0000000000000ff8       0x64 ./src/fab_Nokia5110.o
 .debug_macro   0x000000000000105c       0x64 ./src/fab_Nokia5110.o
 .debug_macro   0x00000000000010c0       0x18 ./src/fab_Nokia5110.o
 .debug_macro   0x00000000000010d8       0x35 ./src/fab_Nokia5110.o
 .debug_macro   0x000000000000110d       0x34 ./src/fab_Nokia5110.o
 .debug_macro   0x0000000000001141       0x1c ./src/fab_Nokia5110.o
 .debug_macro   0x000000000000115d      0x145 ./src/main.o
 .debug_macro   0x00000000000012a2       0x26 ./src/main.o
 .debug_macro   0x00000000000012c8       0x34 ./src/main.o
 .debug_macro   0x00000000000012fc       0x34 ./src/main.o
 .debug_macro   0x0000000000001330      0xca6 ./src/main.o
 .debug_macro   0x0000000000001fd6      0x265 ./src/main.o
 .debug_macro   0x000000000000223b      0x174 ./src/main.o
 .debug_macro   0x00000000000023af      0x177 ./src/main.o
 .debug_macro   0x0000000000002526      0x11c ./src/main.o
 .debug_macro   0x0000000000002642       0x27 ./src/main.o
 .debug_macro   0x0000000000002669       0x12 ./src/main.o
 .debug_macro   0x000000000000267b       0x16 ./src/main.o
 .debug_macro   0x0000000000002691       0x16 ./src/main.o
 .debug_macro   0x00000000000026a7      0x191 ./src/main.o
 .debug_macro   0x0000000000002838      0x185 ./firmware/drivers/mss_uart/mss_uart.o
 .debug_macro   0x00000000000029bd       0xe2 ./firmware/drivers/mss_uart/mss_uart.o
 .debug_macro   0x0000000000002a9f       0x22 ./firmware/drivers/mss_uart/mss_uart.o
 .debug_macro   0x0000000000002ac1      0x168 ./firmware/drivers/mss_sys_services/mss_comblk.o
 .debug_macro   0x0000000000002c29      0x26a ./firmware/drivers/mss_spi/mss_spi.o
 .debug_macro   0x0000000000002e93      0x299 ./firmware/drivers/mss_i2c/mss_i2c.o
 .debug_macro   0x000000000000312c      0x151 ./firmware/drivers/mss_hpdma/mss_hpdma.o
 .debug_macro   0x000000000000327d       0x10 ./firmware/drivers/mss_hpdma/mss_hpdma.o
 .debug_macro   0x000000000000328d      0x10f ./firmware/drivers/mss_gpio/mss_gpio.o
 .debug_macro   0x000000000000339c      0x1ab ./firmware/drivers/mss_ethernet_mac/mss_ethernet_mac.o
 .debug_macro   0x0000000000003547      0x288 ./firmware/drivers/mss_ethernet_mac/mss_ethernet_mac.o
 .debug_macro   0x00000000000037cf      0x3be ./firmware/drivers/mss_ethernet_mac/mss_ethernet_mac.o
 .debug_macro   0x0000000000003b8d       0x28 ./firmware/drivers/mss_ethernet_mac/mss_ethernet_mac.o
 .debug_macro   0x0000000000003bb5      0x10b ./firmware/drivers/CorePWM/core_pwm.o
 .debug_macro   0x0000000000003cc0      0x173 ./firmware/CMSIS/system_m2sxxx.o

.comment        0x0000000000000000       0x68
 .comment       0x0000000000000000       0x68 ./src/fab_Nokia5110.o
                                         0x69 (size before relaxing)
 .comment       0x0000000000000068       0x69 ./src/main.o
 .comment       0x0000000000000068       0x69 ./firmware/drivers/mss_uart/mss_uart.o
 .comment       0x0000000000000068       0x69 ./firmware/drivers/mss_sys_services/mss_comblk.o
 .comment       0x0000000000000068       0x69 ./firmware/drivers/mss_spi/mss_spi.o
 .comment       0x0000000000000068       0x69 ./firmware/drivers/mss_i2c/mss_i2c.o
 .comment       0x0000000000000068       0x69 ./firmware/drivers/mss_hpdma/mss_hpdma.o
 .comment       0x0000000000000068       0x69 ./firmware/drivers/mss_gpio/mss_gpio.o
 .comment       0x0000000000000068       0x69 ./firmware/drivers/mss_ethernet_mac/mss_ethernet_mac.o
 .comment       0x0000000000000068       0x69 ./firmware/drivers/CorePWM/core_pwm.o
 .comment       0x0000000000000068       0x69 ./firmware/CMSIS/system_m2sxxx.o
