Archive member included to satisfy reference by file (symbol)

c:/microsemi/softconsole_v6.2/arm-none-eabi-gcc/bin/../lib/gcc/arm-none-eabi/8.2.1/../../../../arm-none-eabi/lib/thumb/v7-m/nofp\libg_nano.a(lib_a-calloc.o)
                              ./src/pixel_arrays.o (calloc)
c:/microsemi/softconsole_v6.2/arm-none-eabi-gcc/bin/../lib/gcc/arm-none-eabi/8.2.1/../../../../arm-none-eabi/lib/thumb/v7-m/nofp\libg_nano.a(lib_a-errno.o)
                              ./firmware/CMSIS/startup_gcc/newlib_stubs.o (__errno)
c:/microsemi/softconsole_v6.2/arm-none-eabi-gcc/bin/../lib/gcc/arm-none-eabi/8.2.1/../../../../arm-none-eabi/lib/thumb/v7-m/nofp\libg_nano.a(lib_a-exit.o)
                              c:/microsemi/softconsole_v6.2/arm-none-eabi-gcc/bin/../lib/gcc/arm-none-eabi/8.2.1/../../../../arm-none-eabi/lib/thumb/v7-m/nofp/crt0.o (exit)
c:/microsemi/softconsole_v6.2/arm-none-eabi-gcc/bin/../lib/gcc/arm-none-eabi/8.2.1/../../../../arm-none-eabi/lib/thumb/v7-m/nofp\libg_nano.a(lib_a-impure.o)
                              c:/microsemi/softconsole_v6.2/arm-none-eabi-gcc/bin/../lib/gcc/arm-none-eabi/8.2.1/../../../../arm-none-eabi/lib/thumb/v7-m/nofp\libg_nano.a(lib_a-exit.o) (_global_impure_ptr)
c:/microsemi/softconsole_v6.2/arm-none-eabi-gcc/bin/../lib/gcc/arm-none-eabi/8.2.1/../../../../arm-none-eabi/lib/thumb/v7-m/nofp\libg_nano.a(lib_a-init.o)
                              c:/microsemi/softconsole_v6.2/arm-none-eabi-gcc/bin/../lib/gcc/arm-none-eabi/8.2.1/../../../../arm-none-eabi/lib/thumb/v7-m/nofp/crt0.o (__libc_init_array)
c:/microsemi/softconsole_v6.2/arm-none-eabi-gcc/bin/../lib/gcc/arm-none-eabi/8.2.1/../../../../arm-none-eabi/lib/thumb/v7-m/nofp\libg_nano.a(lib_a-itoa.o)
                              ./src/main.o (itoa)
c:/microsemi/softconsole_v6.2/arm-none-eabi-gcc/bin/../lib/gcc/arm-none-eabi/8.2.1/../../../../arm-none-eabi/lib/thumb/v7-m/nofp\libg_nano.a(lib_a-malloc.o)
                              ./src/fab_Nokia5110.o (malloc)
c:/microsemi/softconsole_v6.2/arm-none-eabi-gcc/bin/../lib/gcc/arm-none-eabi/8.2.1/../../../../arm-none-eabi/lib/thumb/v7-m/nofp\libg_nano.a(lib_a-memcpy-stub.o)
                              ./firmware/drivers/mss_sys_services/mss_sys_services.o (memcpy)
c:/microsemi/softconsole_v6.2/arm-none-eabi-gcc/bin/../lib/gcc/arm-none-eabi/8.2.1/../../../../arm-none-eabi/lib/thumb/v7-m/nofp\libg_nano.a(lib_a-memset.o)
                              c:/microsemi/softconsole_v6.2/arm-none-eabi-gcc/bin/../lib/gcc/arm-none-eabi/8.2.1/../../../../arm-none-eabi/lib/thumb/v7-m/nofp/crt0.o (memset)
c:/microsemi/softconsole_v6.2/arm-none-eabi-gcc/bin/../lib/gcc/arm-none-eabi/8.2.1/../../../../arm-none-eabi/lib/thumb/v7-m/nofp\libg_nano.a(lib_a-nano-callocr.o)
                              c:/microsemi/softconsole_v6.2/arm-none-eabi-gcc/bin/../lib/gcc/arm-none-eabi/8.2.1/../../../../arm-none-eabi/lib/thumb/v7-m/nofp\libg_nano.a(lib_a-calloc.o) (_calloc_r)
c:/microsemi/softconsole_v6.2/arm-none-eabi-gcc/bin/../lib/gcc/arm-none-eabi/8.2.1/../../../../arm-none-eabi/lib/thumb/v7-m/nofp\libg_nano.a(lib_a-nano-freer.o)
                              c:/microsemi/softconsole_v6.2/arm-none-eabi-gcc/bin/../lib/gcc/arm-none-eabi/8.2.1/../../../../arm-none-eabi/lib/thumb/v7-m/nofp\libg_nano.a(lib_a-malloc.o) (_free_r)
c:/microsemi/softconsole_v6.2/arm-none-eabi-gcc/bin/../lib/gcc/arm-none-eabi/8.2.1/../../../../arm-none-eabi/lib/thumb/v7-m/nofp\libg_nano.a(lib_a-nano-mallocr.o)
                              c:/microsemi/softconsole_v6.2/arm-none-eabi-gcc/bin/../lib/gcc/arm-none-eabi/8.2.1/../../../../arm-none-eabi/lib/thumb/v7-m/nofp\libg_nano.a(lib_a-malloc.o) (_malloc_r)
c:/microsemi/softconsole_v6.2/arm-none-eabi-gcc/bin/../lib/gcc/arm-none-eabi/8.2.1/../../../../arm-none-eabi/lib/thumb/v7-m/nofp\libg_nano.a(lib_a-sbrkr.o)
                              c:/microsemi/softconsole_v6.2/arm-none-eabi-gcc/bin/../lib/gcc/arm-none-eabi/8.2.1/../../../../arm-none-eabi/lib/thumb/v7-m/nofp\libg_nano.a(lib_a-nano-mallocr.o) (_sbrk_r)
c:/microsemi/softconsole_v6.2/arm-none-eabi-gcc/bin/../lib/gcc/arm-none-eabi/8.2.1/../../../../arm-none-eabi/lib/thumb/v7-m/nofp\libg_nano.a(lib_a-utoa.o)
                              c:/microsemi/softconsole_v6.2/arm-none-eabi-gcc/bin/../lib/gcc/arm-none-eabi/8.2.1/../../../../arm-none-eabi/lib/thumb/v7-m/nofp\libg_nano.a(lib_a-itoa.o) (__utoa)
c:/microsemi/softconsole_v6.2/arm-none-eabi-gcc/bin/../lib/gcc/arm-none-eabi/8.2.1/../../../../arm-none-eabi/lib/thumb/v7-m/nofp\libg_nano.a(lib_a-mlock.o)
                              c:/microsemi/softconsole_v6.2/arm-none-eabi-gcc/bin/../lib/gcc/arm-none-eabi/8.2.1/../../../../arm-none-eabi/lib/thumb/v7-m/nofp\libg_nano.a(lib_a-nano-freer.o) (__malloc_lock)
c:/microsemi/softconsole_v6.2/arm-none-eabi-gcc/bin/../lib/gcc/arm-none-eabi/8.2.1/../../../../arm-none-eabi/lib/thumb/v7-m/nofp\libg_nano.a(lib_a-reent.o)
[...]
Memory Configuration

Name             Origin             Length             Attributes
ram              0x0000000020000000 0x0000000000010000 xrw
*default*        0x0000000000000000 0xffffffffffffffff

Linker script and memory map

LOAD c:/microsemi/softconsole_v6.2/arm-none-eabi-gcc/bin/../lib/gcc/arm-none-eabi/8.2.1/thumb/v7-m/nofp/crti.o
LOAD c:/microsemi/softconsole_v6.2/arm-none-eabi-gcc/bin/../lib/gcc/arm-none-eabi/8.2.1/thumb/v7-m/nofp/crtbegin.o
LOAD c:/microsemi/softconsole_v6.2/arm-none-eabi-gcc/bin/../lib/gcc/arm-none-eabi/8.2.1/../../../../arm-none-eabi/lib/thumb/v7-m/nofp/crt0.o
LOAD ./src/fab_Nokia5110.o
LOAD ./src/lcd_characters.o
LOAD ./src/main.o
LOAD ./src/pixel_arrays.o
LOAD ./firmware/hal/CortexM3/GNU/hal.o
LOAD ./firmware/hal/CortexM3/GNU/hw_reg_access.o
LOAD ./firmware/hal/CortexM3/cortex_nvic.o
LOAD ./firmware/drivers_config/sys_config/sys_config.o
LOAD ./firmware/drivers/mss_uart/mss_uart.o
LOAD ./firmware/drivers/mss_sys_services/mss_comblk.o
LOAD ./firmware/drivers/mss_sys_services/mss_sys_services.o
LOAD ./firmware/drivers/mss_spi/mss_spi.o
LOAD ./firmware/drivers/mss_nvm/mss_nvm.o
LOAD ./firmware/drivers/mss_i2c/mss_i2c.o
LOAD ./firmware/drivers/mss_hpdma/mss_hpdma.o
LOAD ./firmware/drivers/mss_gpio/mss_gpio.o
LOAD ./firmware/drivers/mss_ethernet_mac/m88e1340_phy.o
LOAD ./firmware/drivers/mss_ethernet_mac/mss_ethernet_mac.o
LOAD ./firmware/drivers/CorePWM/core_pwm.o
LOAD ./firmware/CMSIS/startup_gcc/newlib_stubs.o
LOAD ./firmware/CMSIS/startup_gcc/startup_m2sxxx.o
LOAD ./firmware/CMSIS/system_m2sxxx.o
START GROUP
LOAD c:/microsemi/softconsole_v6.2/arm-none-eabi-gcc/bin/../lib/gcc/arm-none-eabi/8.2.1/thumb/v7-m/nofp\libgcc.a
LOAD c:/microsemi/softconsole_v6.2/arm-none-eabi-gcc/bin/../lib/gcc/arm-none-eabi/8.2.1/../../../../arm-none-eabi/lib/thumb/v7-m/nofp\libg_nano.a
LOAD c:/microsemi/softconsole_v6.2/arm-none-eabi-gcc/bin/../lib/gcc/arm-none-eabi/8.2.1/../../../../arm-none-eabi/lib/thumb/v7-m/nofp\libc_nano.a
END GROUP
START GROUP
LOAD c:/microsemi/softconsole_v6.2/arm-none-eabi-gcc/bin/../lib/gcc/arm-none-eabi/8.2.1/thumb/v7-m/nofp\libgcc.a
LOAD c:/microsemi/softconsole_v6.2/arm-none-eabi-gcc/bin/../lib/gcc/arm-none-eabi/8.2.1/../../../../arm-none-eabi/lib/thumb/v7-m/nofp\libc_nano.a
END GROUP
LOAD c:/microsemi/softconsole_v6.2/arm-none-eabi-gcc/bin/../lib/gcc/arm-none-eabi/8.2.1/thumb/v7-m/nofp/crtend.o
LOAD c:/microsemi/softconsole_v6.2/arm-none-eabi-gcc/bin/../lib/gcc/arm-none-eabi/8.2.1/thumb/v7-m/nofp/crtn.o
START GROUP
LOAD c:/microsemi/softconsole_v6.2/arm-none-eabi-gcc/bin/../lib/gcc/arm-none-eabi/8.2.1/../../../../arm-none-eabi/lib/thumb/v7-m/nofp\libc.a
LOAD c:/microsemi/softconsole_v6.2/arm-none-eabi-gcc/bin/../lib/gcc/arm-none-eabi/8.2.1/thumb/v7-m/nofp\libgcc.a
LOAD c:/microsemi/softconsole_v6.2/arm-none-eabi-gcc/bin/../lib/gcc/arm-none-eabi/8.2.1/../../../../arm-none-eabi/lib/thumb/v7-m/nofp\libm.a
END GROUP
                0x0000000000000000                __DYNAMIC = 0x0
                0x0000000020000000                RAM_START_ADDRESS = 0x20000000
                0x0000000000010000                RAM_SIZE = 0x10000
                0x0000000000001000                MAIN_STACK_SIZE = 0x1000
                0x0000000000001000                MIN_SIZE_HEAP = 0x1000
                0x0000000020010000                PROVIDE (__main_stack_start = (RAM_START_ADDRESS + RAM_SIZE))
                0x0000000020010000                PROVIDE (_estack = __main_stack_start)
                0x0000000000000000                PROVIDE (__mirrored_nvm = 0x0)
                0x0000000000000000                PROVIDE (__smartfusion2_memory_remap = 0x0)

.vector_table   0x0000000020000000      0x190
                0x0000000020000000                __vector_table_load = LOADADDR (.vector_table)
                0x0000000020000000                __vector_table_start = .
                0x0000000020000000                __vector_table_vma_base_address = .
 *(.isr_vector)
 .isr_vector    0x0000000020000000      0x190 ./firmware/CMSIS/startup_gcc/startup_m2sxxx.o
                0x0000000020000000                g_pfnVectors
                0x0000000020000190                . = ALIGN (0x10)
                0x0000000020000190                _evector_table = .

.boot_code      0x0000000020000190      0x320
 *(.boot_code)
 .boot_code     0x0000000020000190      0x31c ./firmware/CMSIS/startup_gcc/startup_m2sxxx.o
                0x0000000020000190                Reset_Handler
                0x000000002000037e                NMI_Handler
                0x0000000020000380                HardFault_Handler
                0x0000000020000382                MemManage_Handler
                0x0000000020000384                BusFault_Handler
                0x0000000020000386                UsageFault_Handler
                0x0000000020000388                SVC_Handler
                0x000000002000038a                DebugMon_Handler
                0x000000002000038c                PendSV_Handler
                0x000000002000038e                SysTick_Handler
                0x0000000020000390                WdogWakeup_IRQHandler
                0x0000000020000392                RTC_Wakeup_IRQHandler
                0x000000002000039a                I2C0_SMBAlert_IRQHandler
                0x000000002000039c                I2C0_SMBus_IRQHandler
                0x00000000200003a0                I2C1_SMBAlert_IRQHandler
                0x00000000200003a2                I2C1_SMBus_IRQHandler
                0x00000000200003aa                DMA_IRQHandler
                0x00000000200003ac                Timer1_IRQHandler
                0x00000000200003ae                Timer2_IRQHandler
                0x00000000200003b0                CAN_IRQHandler
                0x00000000200003b2                ENVM0_IRQHandler
                0x00000000200003b4                ENVM1_IRQHandler
                0x00000000200003b8                USB_IRQHandler
                0x00000000200003ba                USB_DMA_IRQHandler
                0x00000000200003bc                PLL_Lock_IRQHandler
                0x00000000200003be                PLL_LockLost_IRQHandler
                0x00000000200003c0                CommSwitchError_IRQHandler
                0x00000000200003c2                CacheError_IRQHandler
                0x00000000200003c4                DDR_IRQHandler
                0x00000000200003ca                ECC_Error_IRQHandler
                0x00000000200003cc                MDDR_IOCalib_IRQHandler
                0x00000000200003ce                FAB_PLL_Lock_IRQHandler
                0x00000000200003d0                FAB_PLL_LockLost_IRQHandler
                0x00000000200003d2                FIC64_IRQHandler
                0x00000000200003d4                FabricIrq0_IRQHandler
                0x00000000200003d6                FabricIrq1_IRQHandler
                0x00000000200003d8                FabricIrq2_IRQHandler
                0x00000000200003da                FabricIrq3_IRQHandler
                0x00000000200003dc                FabricIrq4_IRQHandler
                0x00000000200003de                FabricIrq5_IRQHandler
                0x00000000200003e0                FabricIrq6_IRQHandler
                0x00000000200003e2                FabricIrq7_IRQHandler
                0x00000000200003e4                FabricIrq8_IRQHandler
                0x00000000200003e6                FabricIrq9_IRQHandler
                0x00000000200003e8                FabricIrq10_IRQHandler
                0x00000000200003ea                FabricIrq11_IRQHandler
                0x00000000200003ec                FabricIrq12_IRQHandler
                0x00000000200003ee                FabricIrq13_IRQHandler
                0x00000000200003f0                FabricIrq14_IRQHandler
                0x00000000200003f2                FabricIrq15_IRQHandler
                0x00000000200003f4                GPIO0_IRQHandler
                0x00000000200003f6                GPIO1_IRQHandler
                0x00000000200003f8                GPIO2_IRQHandler
                0x00000000200003fa                GPIO3_IRQHandler
                0x00000000200003fc                GPIO4_IRQHandler
                0x00000000200003fe                GPIO5_IRQHandler
                0x0000000020000400                GPIO6_IRQHandler
                0x0000000020000402                GPIO7_IRQHandler
                0x000000002000040a                GPIO11_IRQHandler
                0x000000002000040c                GPIO12_IRQHandler
                0x000000002000040e                GPIO13_IRQHandler
                0x0000000020000410                GPIO14_IRQHandler
                0x0000000020000412                GPIO15_IRQHandler
                0x0000000020000414                GPIO16_IRQHandler
                0x0000000020000416                GPIO17_IRQHandler
                0x0000000020000418                GPIO18_IRQHandler
                0x000000002000041a                GPIO19_IRQHandler
                0x000000002000041c                GPIO20_IRQHandler
                0x000000002000041e                GPIO21_IRQHandler
                0x0000000020000420                GPIO22_IRQHandler
                0x0000000020000422                GPIO23_IRQHandler
                0x0000000020000424                GPIO24_IRQHandler
                0x0000000020000426                GPIO25_IRQHandler
                0x0000000020000428                GPIO26_IRQHandler
                0x000000002000042a                GPIO27_IRQHandler
                0x000000002000042c                GPIO28_IRQHandler
                0x000000002000042e                GPIO29_IRQHandler
                0x0000000020000430                GPIO30_IRQHandler
                0x0000000020000432                GPIO31_IRQHandler
                0x0000000020000434                mscc_post_hw_cfg_init
                0x00000000200004b0                . = ALIGN (0x10)
 *fill*         0x00000000200004ac        0x4 

.text           0x00000000200004b0     0x40d0
 CREATE_OBJECT_SYMBOLS
                0x00000000200004b0                __text_load = LOADADDR (.text)
                0x00000000200004b0                __text_start = .
 *(.text .text.* .gnu.linkonce.t.*)
 .text.deregister_tm_clones
                0x00000000200004b0       0x1c c:/microsemi/softconsole_v6.2/arm-none-eabi-gcc/bin/../lib/gcc/arm-none-eabi/8.2.1/thumb/v7-m/nofp/crtbegin.o
 .text.register_tm_clones
                0x00000000200004cc       0x24 c:/microsemi/softconsole_v6.2/arm-none-eabi-gcc/bin/../lib/gcc/arm-none-eabi/8.2.1/thumb/v7-m/nofp/crtbegin.o
 .text.__do_global_dtors_aux
                0x00000000200004f0       0x28 c:/microsemi/softconsole_v6.2/arm-none-eabi-gcc/bin/../lib/gcc/arm-none-eabi/8.2.1/thumb/v7-m/nofp/crtbegin.o
 .text.frame_dummy
                0x0000000020000518       0x24 c:/microsemi/softconsole_v6.2/arm-none-eabi-gcc/bin/../lib/gcc/arm-none-eabi/8.2.1/thumb/v7-m/nofp/crtbegin.o
 .text.nokia_set_x
                0x000000002000053c       0x24 ./src/fab_Nokia5110.o
                0x000000002000053c                nokia_set_x
 .text.nokia_set_y
                0x0000000020000560       0x24 ./src/fab_Nokia5110.o
                0x0000000020000560                nokia_set_y
 .text.nokia_set_data
                0x0000000020000584       0x24 ./src/fab_Nokia5110.o
                0x0000000020000584                nokia_set_data
 .text.nokia_get_data_reg
                0x00000000200005a8       0x46 ./src/fab_Nokia5110.o
                0x00000000200005a8                nokia_get_data_reg
 .text.nokia_set_driver_ctrl
                0x00000000200005ee       0x22 ./src/fab_Nokia5110.o
                0x00000000200005ee                nokia_set_driver_ctrl
 .text.nokia_clear_disp
                0x0000000020000610       0x6a ./src/fab_Nokia5110.o
                0x0000000020000610                nokia_clear_disp
 .text.nokia_set_pixel_reg_block
                0x000000002000067a       0x94 ./src/fab_Nokia5110.o
                0x000000002000067a                nokia_set_pixel_reg_block
 .text.nokia_get_pixel
                0x000000002000070e       0x6a ./src/fab_Nokia5110.o
                0x000000002000070e                nokia_get_pixel
 .text.nokia_set_pixel
                0x0000000020000778       0xa4 ./src/fab_Nokia5110.o
                0x0000000020000778                nokia_set_pixel
 .text.nokia_set_pixel_block
                0x000000002000081c       0xa0 ./src/fab_Nokia5110.o
                0x000000002000081c                nokia_set_pixel_block
 .text.nokia_set_pixel_block_alpha
                0x00000000200008bc       0xb8 ./src/fab_Nokia5110.o
                0x00000000200008bc                nokia_set_pixel_block_alpha
 .text.ascii_3x5_get_alpha_border
                0x0000000020000974       0x14 ./src/lcd_characters.o
                0x0000000020000974                ascii_3x5_get_alpha_border
 .text.ascii_3x5_with_border
                0x0000000020000988       0x48 ./src/lcd_characters.o
                0x0000000020000988                ascii_3x5_with_border
 .text.MSS_GPIO_set_outputs
                0x00000000200009d0       0x20 ./src/main.o
 .text.MSS_GPIO_get_inputs
                0x00000000200009f0       0x18 ./src/main.o
 .text.main     0x0000000020000a08        0xe ./src/main.o
                0x0000000020000a08                main
 *fill*         0x0000000020000a16        0x2 
 .text.periph_init
                0x0000000020000a18       0x94 ./src/main.o
                0x0000000020000a18                periph_init
 .text.mss_uart_init
                0x0000000020000aac       0x3c ./src/main.o
                0x0000000020000aac                mss_uart_init
 .text.fab_pwm_init
                0x0000000020000ae8       0x30 ./src/main.o
                0x0000000020000ae8                fab_pwm_init
 .text.mss_gpio_init
                0x0000000020000b18        0xe ./src/main.o
                0x0000000020000b18                mss_gpio_init
 *fill*         0x0000000020000b26        0x2 
 .text.fab_nokia_init
                0x0000000020000b28       0x28 ./src/main.o
                0x0000000020000b28                fab_nokia_init
 .text.fab_nokia_test
                0x0000000020000b50      0x220 ./src/main.o
                0x0000000020000b50                fab_nokia_test
 .text.uart0_rx_int_handler
                0x0000000020000d70       0x30 ./src/main.o
                0x0000000020000d70                uart0_rx_int_handler
 .text.uart_rx_to_spi_mem
                0x0000000020000da0       0xf8 ./src/main.o
                0x0000000020000da0                uart_rx_to_spi_mem
 .text.GPIO8_IRQHandler
                0x0000000020000e98       0x58 ./src/main.o
                0x0000000020000e98                GPIO8_IRQHandler
 .text.GPIO9_IRQHandler
                0x0000000020000ef0      0x140 ./src/main.o
                0x0000000020000ef0                GPIO9_IRQHandler
 .text.GPIO10_IRQHandler
                0x0000000020001030        0xe ./src/main.o
                0x0000000020001030                GPIO10_IRQHandler
 .text          0x000000002000103e       0x90 ./firmware/hal/CortexM3/GNU/hw_reg_access.o
                0x000000002000103e                HW_set_32bit_reg
                0x0000000020001042                HW_get_32bit_reg
                0x0000000020001046                HW_set_32bit_reg_field
                0x0000000020001062                HW_get_32bit_reg_field
                0x000000002000106e                HW_set_16bit_reg
                0x0000000020001072                HW_get_16bit_reg
                0x0000000020001076                HW_set_16bit_reg_field
                0x0000000020001092                HW_get_16bit_reg_field
                0x000000002000109e                HW_set_8bit_reg
                0x00000000200010a2                HW_get_8bit_reg
                0x00000000200010a6                HW_set_8bit_reg_field
                0x00000000200010c2                HW_get_8bit_reg_field
 *fill*         0x00000000200010ce        0x2 
 .text.NVIC_EnableIRQ
                0x00000000200010d0       0x30 ./firmware/drivers/mss_uart/mss_uart.o
 .text.NVIC_ClearPendingIRQ
                0x0000000020001100       0x34 ./firmware/drivers/mss_uart/mss_uart.o
 .text.set_bit_reg8
                0x0000000020001134       0x3a ./firmware/drivers/mss_uart/mss_uart.o
 .text.clear_bit_reg8
                0x000000002000116e       0x3a ./firmware/drivers/mss_uart/mss_uart.o
 .text.read_bit_reg8
                0x00000000200011a8       0x38 ./firmware/drivers/mss_uart/mss_uart.o
 .text.MSS_UART_init
                0x00000000200011e0       0x70 ./firmware/drivers/mss_uart/mss_uart.o
                0x00000000200011e0                MSS_UART_init
 .text.MSS_UART_polled_tx_string
                0x0000000020001250       0xb4 ./firmware/drivers/mss_uart/mss_uart.o
                0x0000000020001250                MSS_UART_polled_tx_string
 .text.MSS_UART_get_rx
                0x0000000020001304       0xbc ./firmware/drivers/mss_uart/mss_uart.o
                0x0000000020001304                MSS_UART_get_rx
 .text.MSS_UART_enable_irq
                0x00000000200013c0       0xa4 ./firmware/drivers/mss_uart/mss_uart.o
                0x00000000200013c0                MSS_UART_enable_irq
 .text.MSS_UART_set_rx_handler
                0x0000000020001464       0xa8 ./firmware/drivers/mss_uart/mss_uart.o
                0x0000000020001464                MSS_UART_set_rx_handler
 .text.UART0_IRQHandler
                0x000000002000150c       0x24 ./firmware/drivers/mss_uart/mss_uart.o
                0x000000002000150c                UART0_IRQHandler
 .text.UART1_IRQHandler
                0x0000000020001530       0x24 ./firmware/drivers/mss_uart/mss_uart.o
                0x0000000020001530                UART1_IRQHandler
 .text.config_baud_divisors
                0x0000000020001554      0x14c ./firmware/drivers/mss_uart/mss_uart.o
 .text.global_init
                0x00000000200016a0      0x1d8 ./firmware/drivers/mss_uart/mss_uart.o
 .text.MSS_UART_isr
                0x0000000020001878      0x208 ./firmware/drivers/mss_uart/mss_uart.o
 .text.default_tx_handler
                0x0000000020001a80       0xe8 ./firmware/drivers/mss_uart/mss_uart.o
 .text.ComBlk_IRQHandler
                0x0000000020001b68       0x48 ./firmware/drivers/mss_sys_services/mss_comblk.o
                0x0000000020001b68                ComBlk_IRQHandler
 .text.handle_tx_okay_irq
                0x0000000020001bb0      0x1ac ./firmware/drivers/mss_sys_services/mss_comblk.o
 .text.handle_rx_okay_irq
                0x0000000020001d5c      0x210 ./firmware/drivers/mss_sys_services/mss_comblk.o
 .text.complete_request
                0x0000000020001f6c       0x40 ./firmware/drivers/mss_sys_services/mss_comblk.o
 .text.abort_current_cmd
                0x0000000020001fac       0x4c ./firmware/drivers/mss_sys_services/mss_comblk.o
 .text.fill_tx_fifo
                0x0000000020001ff8       0x60 ./firmware/drivers/mss_sys_services/mss_comblk.o
 .text.process_sys_ctrl_command
                0x0000000020002058       0x28 ./firmware/drivers/mss_sys_services/mss_comblk.o
 .text.NVIC_EnableIRQ
                0x0000000020002080       0x30 ./firmware/drivers/mss_spi/mss_spi.o
 .text.NVIC_DisableIRQ
                0x00000000200020b0       0x34 ./firmware/drivers/mss_spi/mss_spi.o
 .text.NVIC_ClearPendingIRQ
                0x00000000200020e4       0x34 ./firmware/drivers/mss_spi/mss_spi.o
 .text.MSS_SPI_init
                0x0000000020002118       0xe4 ./firmware/drivers/mss_spi/mss_spi.o
                0x0000000020002118                MSS_SPI_init
 .text.recover_from_rx_overflow
                0x00000000200021fc      0x128 ./firmware/drivers/mss_spi/mss_spi.o
 .text.MSS_SPI_configure_master_mode
                0x0000000020002324      0x130 ./firmware/drivers/mss_spi/mss_spi.o
                0x0000000020002324                MSS_SPI_configure_master_mode
 .text.MSS_SPI_set_slave_select
                0x0000000020002454       0xec ./firmware/drivers/mss_spi/mss_spi.o
                0x0000000020002454                MSS_SPI_set_slave_select
 .text.MSS_SPI_clear_slave_select
                0x0000000020002540       0x88 ./firmware/drivers/mss_spi/mss_spi.o
                0x0000000020002540                MSS_SPI_clear_slave_select
 .text.MSS_SPI_transfer_block
                0x00000000200025c8      0x1f4 ./firmware/drivers/mss_spi/mss_spi.o
                0x00000000200025c8                MSS_SPI_transfer_block
 .text.fill_slave_tx_fifo
                0x00000000200027bc       0xd6 ./firmware/drivers/mss_spi/mss_spi.o
 .text.read_slave_rx_fifo
                0x0000000020002892       0xa6 ./firmware/drivers/mss_spi/mss_spi.o
 .text.mss_spi_isr
                0x0000000020002938      0x27c ./firmware/drivers/mss_spi/mss_spi.o
 .text.SPI0_IRQHandler
                0x0000000020002bb4       0x24 ./firmware/drivers/mss_spi/mss_spi.o
                0x0000000020002bb4                SPI0_IRQHandler
 .text.SPI1_IRQHandler
                0x0000000020002bd8       0x24 ./firmware/drivers/mss_spi/mss_spi.o
                0x0000000020002bd8                SPI1_IRQHandler
 .text.NVIC_DisableIRQ
                0x0000000020002bfc       0x34 ./firmware/drivers/mss_i2c/mss_i2c.o
 .text.enable_slave_if_required
                0x0000000020002c30       0x24 ./firmware/drivers/mss_i2c/mss_i2c.o
 .text.mss_i2c_isr
                0x0000000020002c54      0x854 ./firmware/drivers/mss_i2c/mss_i2c.o
 .text.I2C0_IRQHandler
                0x00000000200034a8       0x24 ./firmware/drivers/mss_i2c/mss_i2c.o
                0x00000000200034a8                I2C0_IRQHandler
 .text.I2C1_IRQHandler
                0x00000000200034cc       0x24 ./firmware/drivers/mss_i2c/mss_i2c.o
                0x00000000200034cc                I2C1_IRQHandler
 .text.start_transfer
                0x00000000200034f0      0x154 ./firmware/drivers/mss_hpdma/mss_hpdma.o
 .text.HPDMA_Complete_IRQHandler
                0x0000000020003644       0xf8 ./firmware/drivers/mss_hpdma/mss_hpdma.o
                0x0000000020003644                HPDMA_Complete_IRQHandler
 .text.HPDMA_Error_IRQHandler
                0x000000002000373c      0x100 ./firmware/drivers/mss_hpdma/mss_hpdma.o
                0x000000002000373c                HPDMA_Error_IRQHandler
 .text.NVIC_EnableIRQ
                0x000000002000383c       0x30 ./firmware/drivers/mss_gpio/mss_gpio.o
 .text.NVIC_DisableIRQ
                0x000000002000386c       0x34 ./firmware/drivers/mss_gpio/mss_gpio.o
 .text.NVIC_ClearPendingIRQ
                0x00000000200038a0       0x34 ./firmware/drivers/mss_gpio/mss_gpio.o
 .text.MSS_GPIO_init
                0x00000000200038d4       0x78 ./firmware/drivers/mss_gpio/mss_gpio.o
                0x00000000200038d4                MSS_GPIO_init
 .text.MSS_GPIO_config
                0x000000002000394c       0x38 ./firmware/drivers/mss_gpio/mss_gpio.o
                0x000000002000394c                MSS_GPIO_config
 .text.MSS_GPIO_enable_irq
                0x0000000020003984       0x58 ./firmware/drivers/mss_gpio/mss_gpio.o
                0x0000000020003984                MSS_GPIO_enable_irq
 .text.MSS_GPIO_clear_irq
                0x00000000200039dc       0x3c ./firmware/drivers/mss_gpio/mss_gpio.o
                0x00000000200039dc                MSS_GPIO_clear_irq
 .text.set_bit_reg32
                0x0000000020003a18       0x3a ./firmware/drivers/mss_ethernet_mac/mss_ethernet_mac.o
 *fill*         0x0000000020003a52        0x2 
 .text.EthernetMAC_IRQHandler
                0x0000000020003a54       0x40 ./firmware/drivers/mss_ethernet_mac/mss_ethernet_mac.o
                0x0000000020003a54                EthernetMAC_IRQHandler
 .text.rxpkt_handler
                0x0000000020003a94       0xbc ./firmware/drivers/mss_ethernet_mac/mss_ethernet_mac.o
 .text.txpkt_handler
                0x0000000020003b50       0xec ./firmware/drivers/mss_ethernet_mac/mss_ethernet_mac.o
 .text.PWM_init
                0x0000000020003c3c      0x13a ./firmware/drivers/CorePWM/core_pwm.o
                0x0000000020003c3c                PWM_init
 *fill*         0x0000000020003d76        0x2 
 .text.PWM_enable
                0x0000000020003d78       0x94 ./firmware/drivers/CorePWM/core_pwm.o
                0x0000000020003d78                PWM_enable
 .text.PWM_disable
                0x0000000020003e0c       0x9c ./firmware/drivers/CorePWM/core_pwm.o
                0x0000000020003e0c                PWM_disable
 .text.PWM_set_duty_cycle
                0x0000000020003ea8       0xac ./firmware/drivers/CorePWM/core_pwm.o
                0x0000000020003ea8                PWM_set_duty_cycle
 .text.SystemInit
                0x0000000020003f54       0x20 ./firmware/CMSIS/system_m2sxxx.o
                0x0000000020003f54                SystemInit
 .text.SystemCoreClockUpdate
                0x0000000020003f74       0xfc ./firmware/CMSIS/system_m2sxxx.o
                0x0000000020003f74                SystemCoreClockUpdate
 .text.get_rcosc_25_50mhz_frequency
                0x0000000020004070       0x3c ./firmware/CMSIS/system_m2sxxx.o
 .text.set_clock_frequency_globals
                0x00000000200040ac       0x5c ./firmware/CMSIS/system_m2sxxx.o
 .text.get_silicon_revision
                0x0000000020004108       0x48 ./firmware/CMSIS/system_m2sxxx.o
 .text.silicon_workarounds
                0x0000000020004150       0x22 ./firmware/CMSIS/system_m2sxxx.o
 *fill*         0x0000000020004172        0x2 
 .text.m2s050_rev_a_workarounds
                0x0000000020004174       0x30 ./firmware/CMSIS/system_m2sxxx.o
 .text.__libc_init_array
                0x00000000200041a4       0x48 c:/microsemi/softconsole_v6.2/arm-none-eabi-gcc/bin/../lib/gcc/arm-none-eabi/8.2.1/../../../../arm-none-eabi/lib/thumb/v7-m/nofp\libg_nano.a(lib_a-init.o)
                0x00000000200041a4                __libc_init_array
 .text.__itoa   0x00000000200041ec       0x30 c:/microsemi/softconsole_v6.2/arm-none-eabi-gcc/bin/../lib/gcc/arm-none-eabi/8.2.1/../../../../arm-none-eabi/lib/thumb/v7-m/nofp\libg_nano.a(lib_a-itoa.o)
                0x00000000200041ec                __itoa
 .text.itoa     0x000000002000421c        0x4 c:/microsemi/softconsole_v6.2/arm-none-eabi-gcc/bin/../lib/gcc/arm-none-eabi/8.2.1/../../../../arm-none-eabi/lib/thumb/v7-m/nofp\libg_nano.a(lib_a-itoa.o)
                0x000000002000421c                itoa
 .text.memset   0x0000000020004220       0x10 c:/microsemi/softconsole_v6.2/arm-none-eabi-gcc/bin/../lib/gcc/arm-none-eabi/8.2.1/../../../../arm-none-eabi/lib/thumb/v7-m/nofp\libg_nano.a(lib_a-memset.o)
                0x0000000020004220                memset
 .text.__utoa   0x0000000020004230       0x80 c:/microsemi/softconsole_v6.2/arm-none-eabi-gcc/bin/../lib/gcc/arm-none-eabi/8.2.1/../../../../arm-none-eabi/lib/thumb/v7-m/nofp\libg_nano.a(lib_a-utoa.o)
                0x0000000020004230                __utoa
 *(.plt)
 *(.gnu.warning)
 *(.glue_7t)
 .glue_7t       0x00000000200042b0        0x0 linker stubs
 *(.glue_7)
 .glue_7        0x00000000200042b0        0x0 linker stubs
 *(.vfp11_veneer)
 .vfp11_veneer  0x00000000200042b0        0x0 linker stubs
                0x00000000200042b0                . = ALIGN (0x4)
 *crtbegin.o(.ctors)
 *(EXCLUDE_FILE(*crtend.o) .ctors)
 *(SORT_BY_NAME(.ctors.*))
 *crtend.o(.ctors)
 *crtbegin.o(.dtors)
 *(EXCLUDE_FILE(*crtend.o) .dtors)
 *(SORT_BY_NAME(.dtors.*))
 *crtend.o(.dtors)
 *(.rodata .rodata.* .gnu.linkonce.r.*)
 .rodata.ascii_3x5_alpha_border
                0x00000000200042b0        0x5 ./src/lcd_characters.o
                0x00000000200042b0                ascii_3x5_alpha_border
 *fill*         0x00000000200042b5        0x3 
 .rodata.ascii_3x5_0
                0x00000000200042b8        0x3 ./src/lcd_characters.o
                0x00000000200042b8                ascii_3x5_0
 *fill*         0x00000000200042bb        0x1 
 .rodata.ascii_3x5_1
                0x00000000200042bc        0x3 ./src/lcd_characters.o
                0x00000000200042bc                ascii_3x5_1
 *fill*         0x00000000200042bf        0x1 
 .rodata.ascii_3x5_2
                0x00000000200042c0        0x3 ./src/lcd_characters.o
                0x00000000200042c0                ascii_3x5_2
 *fill*         0x00000000200042c3        0x1 
 .rodata.ascii_3x5_3
                0x00000000200042c4        0x3 ./src/lcd_characters.o
                0x00000000200042c4                ascii_3x5_3
 *fill*         0x00000000200042c7        0x1 
 .rodata.ascii_3x5_4
                0x00000000200042c8        0x3 ./src/lcd_characters.o
                0x00000000200042c8                ascii_3x5_4
 *fill*         0x00000000200042cb        0x1 
 .rodata.ascii_3x5_5
                0x00000000200042cc        0x3 ./src/lcd_characters.o
                0x00000000200042cc                ascii_3x5_5
 *fill*         0x00000000200042cf        0x1 
 .rodata.ascii_3x5_6
                0x00000000200042d0        0x3 ./src/lcd_characters.o
                0x00000000200042d0                ascii_3x5_6
 *fill*         0x00000000200042d3        0x1 
 .rodata.ascii_3x5_7
                0x00000000200042d4        0x3 ./src/lcd_characters.o
                0x00000000200042d4                ascii_3x5_7
 *fill*         0x00000000200042d7        0x1 
 .rodata.ascii_3x5_8
                0x00000000200042d8        0x3 ./src/lcd_characters.o
                0x00000000200042d8                ascii_3x5_8
 *fill*         0x00000000200042db        0x1 
 .rodata.ascii_3x5_9
                0x00000000200042dc        0x3 ./src/lcd_characters.o
                0x00000000200042dc                ascii_3x5_9
 *fill*         0x00000000200042df        0x1 
 .rodata.ascii_3x5_a
                0x00000000200042e0        0x3 ./src/lcd_characters.o
                0x00000000200042e0                ascii_3x5_a
 *fill*         0x00000000200042e3        0x1 
 .rodata.ascii_3x5_b
                0x00000000200042e4        0x3 ./src/lcd_characters.o
                0x00000000200042e4                ascii_3x5_b
 *fill*         0x00000000200042e7        0x1 
 .rodata.ascii_3x5_c
                0x00000000200042e8        0x3 ./src/lcd_characters.o
                0x00000000200042e8                ascii_3x5_c
 *fill*         0x00000000200042eb        0x1 
 .rodata.ascii_3x5_d
                0x00000000200042ec        0x3 ./src/lcd_characters.o
                0x00000000200042ec                ascii_3x5_d
 *fill*         0x00000000200042ef        0x1 
 .rodata.ascii_3x5_e
                0x00000000200042f0        0x3 ./src/lcd_characters.o
                0x00000000200042f0                ascii_3x5_e
 *fill*         0x00000000200042f3        0x1 
 .rodata.ascii_3x5_f
                0x00000000200042f4        0x3 ./src/lcd_characters.o
                0x00000000200042f4                ascii_3x5_f
 *fill*         0x00000000200042f7        0x1 
 .rodata.ascii_3x5_g
                0x00000000200042f8        0x3 ./src/lcd_characters.o
                0x00000000200042f8                ascii_3x5_g
 *fill*         0x00000000200042fb        0x1 
 .rodata.ascii_3x5_h
                0x00000000200042fc        0x3 ./src/lcd_characters.o
                0x00000000200042fc                ascii_3x5_h
 *fill*         0x00000000200042ff        0x1 
 .rodata.ascii_3x5_i
                0x0000000020004300        0x3 ./src/lcd_characters.o
                0x0000000020004300                ascii_3x5_i
 *fill*         0x0000000020004303        0x1 
 .rodata.ascii_3x5_j
                0x0000000020004304        0x3 ./src/lcd_characters.o
                0x0000000020004304                ascii_3x5_j
 *fill*         0x0000000020004307        0x1 
 .rodata.ascii_3x5_k
                0x0000000020004308        0x3 ./src/lcd_characters.o
                0x0000000020004308                ascii_3x5_k
 *fill*         0x000000002000430b        0x1 
 .rodata.ascii_3x5_l
                0x000000002000430c        0x3 ./src/lcd_characters.o
                0x000000002000430c                ascii_3x5_l
 *fill*         0x000000002000430f        0x1 
 .rodata.ascii_3x5_m
                0x0000000020004310        0x3 ./src/lcd_characters.o
                0x0000000020004310                ascii_3x5_m
 *fill*         0x0000000020004313        0x1 
 .rodata.ascii_3x5_n
                0x0000000020004314        0x3 ./src/lcd_characters.o
                0x0000000020004314                ascii_3x5_n
 *fill*         0x0000000020004317        0x1 
 .rodata.ascii_3x5_o
                0x0000000020004318        0x3 ./src/lcd_characters.o
                0x0000000020004318                ascii_3x5_o
 *fill*         0x000000002000431b        0x1 
 .rodata.ascii_3x5_p
                0x000000002000431c        0x3 ./src/lcd_characters.o
                0x000000002000431c                ascii_3x5_p
 *fill*         0x000000002000431f        0x1 
 .rodata.ascii_3x5_q
                0x0000000020004320        0x3 ./src/lcd_characters.o
                0x0000000020004320                ascii_3x5_q
 *fill*         0x0000000020004323        0x1 
 .rodata.ascii_3x5_r
                0x0000000020004324        0x3 ./src/lcd_characters.o
                0x0000000020004324                ascii_3x5_r
 *fill*         0x0000000020004327        0x1 
 .rodata.ascii_3x5_s
                0x0000000020004328        0x3 ./src/lcd_characters.o
                0x0000000020004328                ascii_3x5_s
 *fill*         0x000000002000432b        0x1 
 .rodata.ascii_3x5_t
                0x000000002000432c        0x3 ./src/lcd_characters.o
                0x000000002000432c                ascii_3x5_t
 *fill*         0x000000002000432f        0x1 
 .rodata.ascii_3x5_u
                0x0000000020004330        0x3 ./src/lcd_characters.o
                0x0000000020004330                ascii_3x5_u
 *fill*         0x0000000020004333        0x1 
 .rodata.ascii_3x5_v
                0x0000000020004334        0x3 ./src/lcd_characters.o
                0x0000000020004334                ascii_3x5_v
 *fill*         0x0000000020004337        0x1 
 .rodata.ascii_3x5_w
                0x0000000020004338        0x3 ./src/lcd_characters.o
                0x0000000020004338                ascii_3x5_w
 *fill*         0x000000002000433b        0x1 
 .rodata.ascii_3x5_x
                0x000000002000433c        0x3 ./src/lcd_characters.o
                0x000000002000433c                ascii_3x5_x
 *fill*         0x000000002000433f        0x1 
 .rodata.ascii_3x5_y
                0x0000000020004340        0x3 ./src/lcd_characters.o
                0x0000000020004340                ascii_3x5_y
 *fill*         0x0000000020004343        0x1 
 .rodata.ascii_3x5_z
                0x0000000020004344        0x3 ./src/lcd_characters.o
                0x0000000020004344                ascii_3x5_z
 *fill*         0x0000000020004347        0x1 
 .rodata        0x0000000020004348       0xab ./src/main.o
 *fill*         0x00000000200043f3        0x1 
 .rodata.g_config_reg_lut
                0x00000000200043f4       0x80 ./firmware/drivers/mss_gpio/mss_gpio.o
 .rodata.g_gpio_irqn_lut
                0x0000000020004474       0x20 ./firmware/drivers/mss_gpio/mss_gpio.o
 .rodata.g_pwm_id_mask_lut
                0x0000000020004494       0x11 ./firmware/drivers/CorePWM/core_pwm.o
 *fill*         0x00000000200044a5        0x3 
 .rodata.g_pwm_posedge_offset_lut
                0x00000000200044a8       0x44 ./firmware/drivers/CorePWM/core_pwm.o
 .rodata.g_pwm_negedge_offset_lut
                0x00000000200044ec       0x44 ./firmware/drivers/CorePWM/core_pwm.o
 .rodata        0x0000000020004530        0x8 ./firmware/CMSIS/system_m2sxxx.o
 .rodata.__utoa.str1.1
                0x0000000020004538       0x25 c:/microsemi/softconsole_v6.2/arm-none-eabi-gcc/bin/../lib/gcc/arm-none-eabi/8.2.1/../../../../arm-none-eabi/lib/thumb/v7-m/nofp\libg_nano.a(lib_a-utoa.o)
 *(.ARM.extab* .gnu.linkonce.armextab.*)
 *(.gcc_except_table)
 *(.eh_frame_hdr)
 *(.eh_frame)
 *fill*         0x000000002000455d        0x3 
 .eh_frame      0x0000000020004560        0x0 c:/microsemi/softconsole_v6.2/arm-none-eabi-gcc/bin/../lib/gcc/arm-none-eabi/8.2.1/thumb/v7-m/nofp/crtbegin.o
 *(.vector_table)
 *(.init)
 .init          0x0000000020004560        0x4 c:/microsemi/softconsole_v6.2/arm-none-eabi-gcc/bin/../lib/gcc/arm-none-eabi/8.2.1/thumb/v7-m/nofp/crti.o
                0x0000000020004560                _init
 .init          0x0000000020004564        0x8 c:/microsemi/softconsole_v6.2/arm-none-eabi-gcc/bin/../lib/gcc/arm-none-eabi/8.2.1/thumb/v7-m/nofp/crtn.o
 *(.fini)
 .fini          0x000000002000456c        0x4 c:/microsemi/softconsole_v6.2/arm-none-eabi-gcc/bin/../lib/gcc/arm-none-eabi/8.2.1/thumb/v7-m/nofp/crti.o
                0x000000002000456c                _fini
 .fini          0x0000000020004570        0x8 c:/microsemi/softconsole_v6.2/arm-none-eabi-gcc/bin/../lib/gcc/arm-none-eabi/8.2.1/thumb/v7-m/nofp/crtn.o
                0x0000000020004578                PROVIDE (__preinit_array_start = .)
 *(.preinit_array)
                0x0000000020004578                PROVIDE (__preinit_array_end = .)
                0x0000000020004578                PROVIDE (__init_array_start = .)
 *(SORT_BY_NAME(.init_array.*))
 *(.init_array)
 .init_array    0x0000000020004578        0x4 c:/microsemi/softconsole_v6.2/arm-none-eabi-gcc/bin/../lib/gcc/arm-none-eabi/8.2.1/thumb/v7-m/nofp/crtbegin.o
                0x000000002000457c                PROVIDE (__init_array_end = .)
                [!provide]                        PROVIDE (__fini_array_start = .)
 *(.fini_array)
 .fini_array    0x000000002000457c        0x4 c:/microsemi/softconsole_v6.2/arm-none-eabi-gcc/bin/../lib/gcc/arm-none-eabi/8.2.1/thumb/v7-m/nofp/crtbegin.o
 *(SORT_BY_NAME(.fini_array.*))
                [!provide]                        PROVIDE (__fini_array_end = .)
                0x0000000020004580                . = ALIGN (0x10)
                0x0000000020004580                __exidx_start = .

.v4_bx          0x0000000020004580        0x0
 .v4_bx         0x0000000020004580        0x0 linker stubs

.iplt           0x0000000020004580        0x0
 .iplt          0x0000000020004580        0x0 c:/microsemi/softconsole_v6.2/arm-none-eabi-gcc/bin/../lib/gcc/arm-none-eabi/8.2.1/thumb/v7-m/nofp/crtbegin.o

.rel.dyn        0x0000000020004580        0x0
 .rel.iplt      0x0000000020004580        0x0 c:/microsemi/softconsole_v6.2/arm-none-eabi-gcc/bin/../lib/gcc/arm-none-eabi/8.2.1/thumb/v7-m/nofp/crtbegin.o

.ARM.exidx
 *(.ARM.exidx* .gnu.linkonce.armexidx.*)
                0x0000000020004580                __exidx_end = .
                0x0000000020004580                _etext = .
                [!provide]                        PROVIDE (__text_end = .)

.data           0x0000000020004580       0xb0
                0x0000000020004580                __data_load = LOADADDR (.data)
                0x0000000020004580                _sidata = LOADADDR (.data)
                0x0000000020004580                __data_start = .
                0x0000000020004580                _sdata = .
 *(.jcr)
 *(.got.plt)
 *(.got)
 *(.shdata)
 *(.data .data.* .gnu.linkonce.d.*)
 .data.ascii_3x5
                0x0000000020004580       0x90 ./src/lcd_characters.o
                0x0000000020004580                ascii_3x5
 .data.SystemCoreClock
                0x0000000020004610        0x4 ./firmware/CMSIS/system_m2sxxx.o
                0x0000000020004610                SystemCoreClock
 .data.g_FrequencyPCLK0
                0x0000000020004614        0x4 ./firmware/CMSIS/system_m2sxxx.o
                0x0000000020004614                g_FrequencyPCLK0
 .data.g_FrequencyPCLK1
                0x0000000020004618        0x4 ./firmware/CMSIS/system_m2sxxx.o
                0x0000000020004618                g_FrequencyPCLK1
 .data.g_FrequencyPCLK2
                0x000000002000461c        0x4 ./firmware/CMSIS/system_m2sxxx.o
                0x000000002000461c                g_FrequencyPCLK2
 .data.g_FrequencyFIC0
                0x0000000020004620        0x4 ./firmware/CMSIS/system_m2sxxx.o
                0x0000000020004620                g_FrequencyFIC0
 .data.g_FrequencyFIC1
                0x0000000020004624        0x4 ./firmware/CMSIS/system_m2sxxx.o
                0x0000000020004624                g_FrequencyFIC1
 .data.g_FrequencyFIC64
                0x0000000020004628        0x4 ./firmware/CMSIS/system_m2sxxx.o
                0x0000000020004628                g_FrequencyFIC64
                0x0000000020004630                . = ALIGN (0x10)
 *fill*         0x000000002000462c        0x4 
                0x0000000020004630                _edata = .

.tm_clone_table
                0x0000000020004630        0x0
 .tm_clone_table
                0x0000000020004630        0x0 c:/microsemi/softconsole_v6.2/arm-none-eabi-gcc/bin/../lib/gcc/arm-none-eabi/8.2.1/thumb/v7-m/nofp/crtbegin.o
 .tm_clone_table
                0x0000000020004630        0x0 c:/microsemi/softconsole_v6.2/arm-none-eabi-gcc/bin/../lib/gcc/arm-none-eabi/8.2.1/thumb/v7-m/nofp/crtend.o

.igot.plt       0x0000000020004630        0x0
 .igot.plt      0x0000000020004630        0x0 c:/microsemi/softconsole_v6.2/arm-none-eabi-gcc/bin/../lib/gcc/arm-none-eabi/8.2.1/thumb/v7-m/nofp/crtbegin.o

.bss            0x0000000020004630      0x360
                0x0000000020004630                __bss_start__ = .
                0x0000000020004630                _sbss = .
 *(.shbss)
 *(.bss .bss.* .gnu.linkonce.b.*)
 .bss.completed.6707
                0x0000000020004630        0x1 c:/microsemi/softconsole_v6.2/arm-none-eabi-gcc/bin/../lib/gcc/arm-none-eabi/8.2.1/thumb/v7-m/nofp/crtbegin.o
 *fill*         0x0000000020004631        0x3 
 .bss.object.6712
                0x0000000020004634       0x18 c:/microsemi/softconsole_v6.2/arm-none-eabi-gcc/bin/../lib/gcc/arm-none-eabi/8.2.1/thumb/v7-m/nofp/crtbegin.o
 .bss.border_char.4302
                0x000000002000464c        0x5 ./src/lcd_characters.o
 *fill*         0x0000000020004651        0x3 
 .bss.sample_pos
                0x0000000020004654        0x4 ./src/main.o
                0x0000000020004654                sample_pos
 .bss.mem_adr.8724
                0x0000000020004658        0x4 ./src/main.o
 .bss.disp_value.8734
                0x000000002000465c        0x1 ./src/main.o
 .bss.count.8740
                0x000000002000465d        0x1 ./src/main.o
 .bss.g_comblk_cmd_opcode
                0x000000002000465e        0x1 ./firmware/drivers/mss_sys_services/mss_comblk.o
 *fill*         0x000000002000465f        0x1 
 .bss.g_comblk_p_cmd
                0x0000000020004660        0x4 ./firmware/drivers/mss_sys_services/mss_comblk.o
 .bss.g_comblk_cmd_size
                0x0000000020004664        0x2 ./firmware/drivers/mss_sys_services/mss_comblk.o
 *fill*         0x0000000020004666        0x2 
 .bss.g_comblk_p_data
                0x0000000020004668        0x4 ./firmware/drivers/mss_sys_services/mss_comblk.o
 .bss.g_comblk_data_size
                0x000000002000466c        0x4 ./firmware/drivers/mss_sys_services/mss_comblk.o
 .bss.g_comblk_p_response
                0x0000000020004670        0x4 ./firmware/drivers/mss_sys_services/mss_comblk.o
 .bss.g_comblk_response_size
                0x0000000020004674        0x2 ./firmware/drivers/mss_sys_services/mss_comblk.o
 .bss.g_comblk_response_idx
                0x0000000020004676        0x2 ./firmware/drivers/mss_sys_services/mss_comblk.o
 .bss.g_comblk_completion_handler
                0x0000000020004678        0x4 ./firmware/drivers/mss_sys_services/mss_comblk.o
 .bss.g_comblk_page_handler
                0x000000002000467c        0x4 ./firmware/drivers/mss_sys_services/mss_comblk.o
 .bss.g_request_in_progress
                0x0000000020004680        0x1 ./firmware/drivers/mss_sys_services/mss_comblk.o
 .bss.g_comblk_state
                0x0000000020004681        0x1 ./firmware/drivers/mss_sys_services/mss_comblk.o
 *fill*         0x0000000020004682        0x2 
 .bss.g_async_event_handler
                0x0000000020004684        0x4 ./firmware/drivers/mss_sys_services/mss_comblk.o
 .bss.g_transfer
                0x0000000020004688       0x18 ./firmware/drivers/mss_hpdma/mss_hpdma.o
 .bss.g_hpdma_end_desc
                0x00000000200046a0        0x4 ./firmware/drivers/mss_hpdma/mss_hpdma.o
 .bss.g_hpdma_current_desc
                0x00000000200046a4        0x4 ./firmware/drivers/mss_hpdma/mss_hpdma.o
 .bss.g_mac     0x00000000200046a8       0x68 ./firmware/drivers/mss_ethernet_mac/mss_ethernet_mac.o
 *(COMMON)
 COMMON         0x0000000020004710        0xa ./src/main.o
                0x0000000020004710                fab_corepwm_c0_0
                0x0000000020004714                fab_Nokia5110_Driver_0
                0x0000000020004718                LCD_bklt
                0x0000000020004719                LED_row
 *fill*         0x000000002000471a        0x2 
 COMMON         0x000000002000471c       0x80 ./firmware/drivers/mss_uart/mss_uart.o
                0x000000002000471c                g_mss_uart1
                0x000000002000475c                g_mss_uart0
 COMMON         0x000000002000479c      0x108 ./firmware/drivers/mss_spi/mss_spi.o
                0x000000002000479c                g_mss_spi1
                0x0000000020004820                g_mss_spi0
 COMMON         0x00000000200048a4       0xe8 ./firmware/drivers/mss_i2c/mss_i2c.o
                0x00000000200048a4                g_mss_i2c0
                0x0000000020004918                g_mss_i2c1
                0x0000000020004990                . = ALIGN (0x10)
 *fill*         0x000000002000498c        0x4 
                0x0000000020004990                __bss_end__ = .
                0x0000000020004990                _end = .
                0x0000000020004990                __end = _end
                0x0000000020004990                _ebss = .
                [!provide]                        PROVIDE (end = .)

.heap           0x0000000020004990     0xa670
                0x0000000020004990                __heap_start__ = .
                0x0000000020005990                . = (. + MIN_SIZE_HEAP)
 *fill*         0x0000000020004990     0x1000 
                0x000000002000f000                . = (. + (((ABSOLUTE (RAM_START_ADDRESS) + RAM_SIZE) - MAIN_STACK_SIZE) - .))
 *fill*         0x0000000020005990     0x9670 
                0x000000002000f000                _eheap = .

.stack          0x000000002000f000     0x1000
                0x000000002000f000                __stack_start__ = .
                0x0000000020010000                . = (. + MAIN_STACK_SIZE)
 *fill*         0x000000002000f000     0x1000 
                0x0000000020010000                _estack = .

.stab
 *(.stab)

.stabstr
 *(.stabstr)

.debug
 *(.debug)

.line
 *(.line)

.debug_srcinfo
 *(.debug_srcinfo)

.debug_sfnames
 *(.debug_sfnames)

.debug_aranges  0x0000000000000000      0x960
 *(.debug_aranges)
 .debug_aranges
                0x0000000000000000      0x108 ./src/fab_Nokia5110.o
 .debug_aranges
                0x0000000000000108       0x38 ./src/lcd_characters.o
 .debug_aranges
                0x0000000000000140       0x98 ./src/main.o
 .debug_aranges
                0x00000000000001d8       0x20 ./firmware/hal/CortexM3/GNU/hw_reg_access.o
 .debug_aranges
                0x00000000000001f8      0x1d0 ./firmware/drivers/mss_uart/mss_uart.o
 .debug_aranges
                0x00000000000003c8       0x90 ./firmware/drivers/mss_sys_services/mss_comblk.o
 .debug_aranges
                0x0000000000000458       0xe0 ./firmware/drivers/mss_spi/mss_spi.o
 .debug_aranges
                0x0000000000000538      0x128 ./firmware/drivers/mss_i2c/mss_i2c.o
 .debug_aranges
                0x0000000000000660       0x80 ./firmware/drivers/mss_hpdma/mss_hpdma.o
 .debug_aranges
                0x00000000000006e0       0x68 ./firmware/drivers/mss_gpio/mss_gpio.o
 .debug_aranges
                0x0000000000000748       0xf0 ./firmware/drivers/mss_ethernet_mac/mss_ethernet_mac.o
 .debug_aranges
                0x0000000000000838       0xb8 ./firmware/drivers/CorePWM/core_pwm.o
 .debug_aranges
                0x00000000000008f0       0x20 ./firmware/CMSIS/startup_gcc/startup_m2sxxx.o
 .debug_aranges
                0x0000000000000910       0x50 ./firmware/CMSIS/system_m2sxxx.o

.debug_pubnames
 *(.debug_pubnames)

.debug_info     0x0000000000000000     0xfda7
 *(.debug_info .gnu.linkonce.wi.*)
 .debug_info    0x0000000000000000     0x1365 ./src/fab_Nokia5110.o
 .debug_info    0x0000000000001365      0x47f ./src/lcd_characters.o
 .debug_info    0x00000000000017e4     0x22e2 ./src/main.o
 .debug_info    0x0000000000003ac6       0x26 ./firmware/hal/CortexM3/GNU/hw_reg_access.o
 .debug_info    0x0000000000003aec     0x1ea8 ./firmware/drivers/mss_uart/mss_uart.o
 .debug_info    0x0000000000005994      0xb4b ./firmware/drivers/mss_sys_services/mss_comblk.o
 .debug_info    0x00000000000064df     0x1f5b ./firmware/drivers/mss_spi/mss_spi.o
 .debug_info    0x000000000000843a     0x2295 ./firmware/drivers/mss_i2c/mss_i2c.o
 .debug_info    0x000000000000a6cf     0x1231 ./firmware/drivers/mss_hpdma/mss_hpdma.o
 .debug_info    0x000000000000b900     0x10dc ./firmware/drivers/mss_gpio/mss_gpio.o
 .debug_info    0x000000000000c9dc     0x1cde ./firmware/drivers/mss_ethernet_mac/mss_ethernet_mac.o
 .debug_info    0x000000000000e6ba      0xb66 ./firmware/drivers/CorePWM/core_pwm.o
 .debug_info    0x000000000000f220       0x26 ./firmware/CMSIS/startup_gcc/startup_m2sxxx.o
 .debug_info    0x000000000000f246      0xb61 ./firmware/CMSIS/system_m2sxxx.o

.debug_abbrev   0x0000000000000000     0x1f68
 *(.debug_abbrev)
 .debug_abbrev  0x0000000000000000      0x2c2 ./src/fab_Nokia5110.o
 .debug_abbrev  0x00000000000002c2      0x103 ./src/lcd_characters.o
 .debug_abbrev  0x00000000000003c5      0x3a5 ./src/main.o
 .debug_abbrev  0x000000000000076a       0x14 ./firmware/hal/CortexM3/GNU/hw_reg_access.o
 .debug_abbrev  0x000000000000077e      0x356 ./firmware/drivers/mss_uart/mss_uart.o
 .debug_abbrev  0x0000000000000ad4      0x224 ./firmware/drivers/mss_sys_services/mss_comblk.o
 .debug_abbrev  0x0000000000000cf8      0x35d ./firmware/drivers/mss_spi/mss_spi.o
 .debug_abbrev  0x0000000000001055      0x3e3 ./firmware/drivers/mss_i2c/mss_i2c.o
 .debug_abbrev  0x0000000000001438      0x2a3 ./firmware/drivers/mss_hpdma/mss_hpdma.o
 .debug_abbrev  0x00000000000016db      0x1e3 ./firmware/drivers/mss_gpio/mss_gpio.o
 .debug_abbrev  0x00000000000018be      0x338 ./firmware/drivers/mss_ethernet_mac/mss_ethernet_mac.o
 .debug_abbrev  0x0000000000001bf6      0x1ac ./firmware/drivers/CorePWM/core_pwm.o
 .debug_abbrev  0x0000000000001da2       0x14 ./firmware/CMSIS/startup_gcc/startup_m2sxxx.o
 .debug_abbrev  0x0000000000001db6      0x1b2 ./firmware/CMSIS/system_m2sxxx.o

.debug_line     0x0000000000000000     0x7d91
 *(.debug_line)
 .debug_line    0x0000000000000000      0x95e ./src/fab_Nokia5110.o
 .debug_line    0x000000000000095e      0x31e ./src/lcd_characters.o
 .debug_line    0x0000000000000c7c      0xb00 ./src/main.o
 .debug_line    0x000000000000177c       0x94 ./firmware/hal/CortexM3/GNU/hw_reg_access.o
 .debug_line    0x0000000000001810     0x159d ./firmware/drivers/mss_uart/mss_uart.o
 .debug_line    0x0000000000002dad      0x89e ./firmware/drivers/mss_sys_services/mss_comblk.o
 .debug_line    0x000000000000364b     0x1064 ./firmware/drivers/mss_spi/mss_spi.o
 .debug_line    0x00000000000046af      0xdff ./firmware/drivers/mss_i2c/mss_i2c.o
 .debug_line    0x00000000000054ae      0x657 ./firmware/drivers/mss_hpdma/mss_hpdma.o
 .debug_line    0x0000000000005b05      0x53c ./firmware/drivers/mss_gpio/mss_gpio.o
 .debug_line    0x0000000000006041      0xd62 ./firmware/drivers/mss_ethernet_mac/mss_ethernet_mac.o
 .debug_line    0x0000000000006da3      0xa35 ./firmware/drivers/CorePWM/core_pwm.o
 .debug_line    0x00000000000077d8      0x197 ./firmware/CMSIS/startup_gcc/startup_m2sxxx.o
 .debug_line    0x000000000000796f      0x422 ./firmware/CMSIS/system_m2sxxx.o

.debug_frame    0x0000000000000000     0x26f0
 *(.debug_frame)
 .debug_frame   0x0000000000000000      0x44c ./src/fab_Nokia5110.o
 .debug_frame   0x000000000000044c       0xa0 ./src/lcd_characters.o
 .debug_frame   0x00000000000004ec      0x244 ./src/main.o
 .debug_frame   0x0000000000000730      0x820 ./firmware/drivers/mss_uart/mss_uart.o
 .debug_frame   0x0000000000000f50      0x240 ./firmware/drivers/mss_sys_services/mss_comblk.o
 .debug_frame   0x0000000000001190      0x3c0 ./firmware/drivers/mss_spi/mss_spi.o
 .debug_frame   0x0000000000001550      0x540 ./firmware/drivers/mss_i2c/mss_i2c.o
 .debug_frame   0x0000000000001a90      0x208 ./firmware/drivers/mss_hpdma/mss_hpdma.o
 .debug_frame   0x0000000000001c98      0x198 ./firmware/drivers/mss_gpio/mss_gpio.o
 .debug_frame   0x0000000000001e30      0x408 ./firmware/drivers/mss_ethernet_mac/mss_ethernet_mac.o
 .debug_frame   0x0000000000002238      0x2e0 ./firmware/drivers/CorePWM/core_pwm.o
 .debug_frame   0x0000000000002518      0x10c ./firmware/CMSIS/system_m2sxxx.o
 .debug_frame   0x0000000000002624       0x2c c:/microsemi/softconsole_v6.2/arm-none-eabi-gcc/bin/../lib/gcc/arm-none-eabi/8.2.1/../../../../arm-none-eabi/lib/thumb/v7-m/nofp\libg_nano.a(lib_a-init.o)
 .debug_frame   0x0000000000002650       0x38 c:/microsemi/softconsole_v6.2/arm-none-eabi-gcc/bin/../lib/gcc/arm-none-eabi/8.2.1/../../../../arm-none-eabi/lib/thumb/v7-m/nofp\libg_nano.a(lib_a-itoa.o)
 .debug_frame   0x0000000000002688       0x20 c:/microsemi/softconsole_v6.2/arm-none-eabi-gcc/bin/../lib/gcc/arm-none-eabi/8.2.1/../../../../arm-none-eabi/lib/thumb/v7-m/nofp\libg_nano.a(lib_a-memset.o)
 .debug_frame   0x00000000000026a8       0x48 c:/microsemi/softconsole_v6.2/arm-none-eabi-gcc/bin/../lib/gcc/arm-none-eabi/8.2.1/../../../../arm-none-eabi/lib/thumb/v7-m/nofp\libg_nano.a(lib_a-utoa.o)

.debug_str      0x0000000000000000    0x18ba0
 *(.debug_str)
 .debug_str     0x0000000000000000     0x769a ./src/fab_Nokia5110.o
                                       0x7938 (size before relaxing)
 .debug_str     0x000000000000769a      0x29d ./src/lcd_characters.o
                                       0x3f19 (size before relaxing)
 .debug_str     0x0000000000007937     0x9223 ./src/main.o
                                      0x101d7 (size before relaxing)
 .debug_str     0x0000000000010b5a       0xbd ./firmware/hal/CortexM3/GNU/hw_reg_access.o
 .debug_str     0x0000000000010c17     0x1500 ./firmware/drivers/mss_uart/mss_uart.o
                                       0xbdf2 (size before relaxing)
 .debug_str     0x0000000000012117      0x4e1 ./firmware/drivers/mss_sys_services/mss_comblk.o
                                       0xa1ca (size before relaxing)
 .debug_str     0x00000000000125f8      0x739 ./firmware/drivers/mss_spi/mss_spi.o
                                       0xdb49 (size before relaxing)
 .debug_str     0x0000000000012d31      0x7d8 ./firmware/drivers/mss_i2c/mss_i2c.o
                                       0xdcae (size before relaxing)
 .debug_str     0x0000000000013509      0x770 ./firmware/drivers/mss_hpdma/mss_hpdma.o
                                       0xaae4 (size before relaxing)
 .debug_str     0x0000000000013c79      0x1d3 ./firmware/drivers/mss_gpio/mss_gpio.o
                                       0xad38 (size before relaxing)
 .debug_str     0x0000000000013e4c     0x3f7a ./firmware/drivers/mss_ethernet_mac/mss_ethernet_mac.o
                                       0xe438 (size before relaxing)
 .debug_str     0x0000000000017dc6      0x60c ./firmware/drivers/CorePWM/core_pwm.o
                                       0x56ac (size before relaxing)
 .debug_str     0x00000000000183d2       0x2f ./firmware/CMSIS/startup_gcc/startup_m2sxxx.o
                                         0xbf (size before relaxing)
 .debug_str     0x0000000000018401      0x79f ./firmware/CMSIS/system_m2sxxx.o
                                       0xa1b9 (size before relaxing)

.debug_loc
 *(.debug_loc)

.debug_macinfo
 *(.debug_macinfo)

.debug_weaknames
 *(.debug_weaknames)

.debug_funcnames
 *(.debug_funcnames)

.debug_typenames
 *(.debug_typenames)

.debug_varnames
 *(.debug_varnames)

.note.gnu.arm.ident
 *(.note.gnu.arm.ident)

.ARM.attributes
                0x0000000000000000       0x29
 *(.ARM.attributes)
 .ARM.attributes
                0x0000000000000000       0x1d c:/microsemi/softconsole_v6.2/arm-none-eabi-gcc/bin/../lib/gcc/arm-none-eabi/8.2.1/thumb/v7-m/nofp/crti.o
 .ARM.attributes
                0x000000000000001d       0x2d c:/microsemi/softconsole_v6.2/arm-none-eabi-gcc/bin/../lib/gcc/arm-none-eabi/8.2.1/thumb/v7-m/nofp/crtbegin.o
 .ARM.attributes
                0x000000000000004a       0x1b c:/microsemi/softconsole_v6.2/arm-none-eabi-gcc/bin/../lib/gcc/arm-none-eabi/8.2.1/../../../../arm-none-eabi/lib/thumb/v7-m/nofp/crt0.o
 .ARM.attributes
                0x0000000000000065       0x2d ./src/fab_Nokia5110.o
 .ARM.attributes
                0x0000000000000092       0x2d ./src/lcd_characters.o
 .ARM.attributes
                0x00000000000000bf       0x2d ./src/main.o
 .ARM.attributes
                0x00000000000000ec       0x2d ./src/pixel_arrays.o
 .ARM.attributes
                0x0000000000000119       0x1b ./firmware/hal/CortexM3/GNU/hal.o
 .ARM.attributes
                0x0000000000000134       0x1b ./firmware/hal/CortexM3/GNU/hw_reg_access.o
 .ARM.attributes
                0x000000000000014f       0x2d ./firmware/hal/CortexM3/cortex_nvic.o
 .ARM.attributes
                0x000000000000017c       0x33 ./firmware/drivers_config/sys_config/sys_config.o
 .ARM.attributes
                0x00000000000001af       0x2d ./firmware/drivers/mss_uart/mss_uart.o
 .ARM.attributes
                0x00000000000001dc       0x2d ./firmware/drivers/mss_sys_services/mss_comblk.o
 .ARM.attributes
                0x0000000000000209       0x2d ./firmware/drivers/mss_sys_services/mss_sys_services.o
 .ARM.attributes
                0x0000000000000236       0x2d ./firmware/drivers/mss_spi/mss_spi.o
 .ARM.attributes
                0x0000000000000263       0x2d ./firmware/drivers/mss_nvm/mss_nvm.o
 .ARM.attributes
                0x0000000000000290       0x2d ./firmware/drivers/mss_i2c/mss_i2c.o
 .ARM.attributes
                0x00000000000002bd       0x2d ./firmware/drivers/mss_hpdma/mss_hpdma.o
 .ARM.attributes
                0x00000000000002ea       0x2d ./firmware/drivers/mss_gpio/mss_gpio.o
 .ARM.attributes
                0x0000000000000317       0x2d ./firmware/drivers/mss_ethernet_mac/m88e1340_phy.o
 .ARM.attributes
                0x0000000000000344       0x2d ./firmware/drivers/mss_ethernet_mac/mss_ethernet_mac.o
 .ARM.attributes
                0x0000000000000371       0x2d ./firmware/drivers/CorePWM/core_pwm.o
 .ARM.attributes
                0x000000000000039e       0x2d ./firmware/CMSIS/startup_gcc/newlib_stubs.o
 .ARM.attributes
                0x00000000000003cb       0x21 ./firmware/CMSIS/startup_gcc/startup_m2sxxx.o
 .ARM.attributes
                0x00000000000003ec       0x2d ./firmware/CMSIS/system_m2sxxx.o
 .ARM.attributes
                0x0000000000000419       0x2d c:/microsemi/softconsole_v6.2/arm-none-eabi-gcc/bin/../lib/gcc/arm-none-eabi/8.2.1/../../../../arm-none-eabi/lib/thumb/v7-m/nofp\libg_nano.a(lib_a-calloc.o)
 .ARM.attributes
                0x0000000000000446       0x2d c:/microsemi/softconsole_v6.2/arm-none-eabi-gcc/bin/../lib/gcc/arm-none-eabi/8.2.1/../../../../arm-none-eabi/lib/thumb/v7-m/nofp\libg_nano.a(lib_a-errno.o)
 .ARM.attributes
                0x0000000000000473       0x2d c:/microsemi/softconsole_v6.2/arm-none-eabi-gcc/bin/../lib/gcc/arm-none-eabi/8.2.1/../../../../arm-none-eabi/lib/thumb/v7-m/nofp\libg_nano.a(lib_a-exit.o)
 .ARM.attributes
                0x00000000000004a0       0x2d c:/microsemi/softconsole_v6.2/arm-none-eabi-gcc/bin/../lib/gcc/arm-none-eabi/8.2.1/../../../../arm-none-eabi/lib/thumb/v7-m/nofp\libg_nano.a(lib_a-impure.o)
 .ARM.attributes
                0x00000000000004cd       0x2d c:/microsemi/softconsole_v6.2/arm-none-eabi-gcc/bin/../lib/gcc/arm-none-eabi/8.2.1/../../../../arm-none-eabi/lib/thumb/v7-m/nofp\libg_nano.a(lib_a-init.o)
 .ARM.attributes
                0x00000000000004fa       0x2d c:/microsemi/softconsole_v6.2/arm-none-eabi-gcc/bin/../lib/gcc/arm-none-eabi/8.2.1/../../../../arm-none-eabi/lib/thumb/v7-m/nofp\libg_nano.a(lib_a-itoa.o)
 .ARM.attributes
                0x0000000000000527       0x2d c:/microsemi/softconsole_v6.2/arm-none-eabi-gcc/bin/../lib/gcc/arm-none-eabi/8.2.1/../../../../arm-none-eabi/lib/thumb/v7-m/nofp\libg_nano.a(lib_a-malloc.o)
 .ARM.attributes
                0x0000000000000554       0x2d c:/microsemi/softconsole_v6.2/arm-none-eabi-gcc/bin/../lib/gcc/arm-none-eabi/8.2.1/../../../../arm-none-eabi/lib/thumb/v7-m/nofp\libg_nano.a(lib_a-memcpy-stub.o)
 .ARM.attributes
                0x0000000000000581       0x2d c:/microsemi/softconsole_v6.2/arm-none-eabi-gcc/bin/../lib/gcc/arm-none-eabi/8.2.1/../../../../arm-none-eabi/lib/thumb/v7-m/nofp\libg_nano.a(lib_a-memset.o)
 .ARM.attributes
                0x00000000000005ae       0x2d c:/microsemi/softconsole_v6.2/arm-none-eabi-gcc/bin/../lib/gcc/arm-none-eabi/8.2.1/../../../../arm-none-eabi/lib/thumb/v7-m/nofp\libg_nano.a(lib_a-nano-callocr.o)
 .ARM.attributes
                0x00000000000005db       0x2d c:/microsemi/softconsole_v6.2/arm-none-eabi-gcc/bin/../lib/gcc/arm-none-eabi/8.2.1/../../../../arm-none-eabi/lib/thumb/v7-m/nofp\libg_nano.a(lib_a-nano-freer.o)
 .ARM.attributes
                0x0000000000000608       0x2d c:/microsemi/softconsole_v6.2/arm-none-eabi-gcc/bin/../lib/gcc/arm-none-eabi/8.2.1/../../../../arm-none-eabi/lib/thumb/v7-m/nofp\libg_nano.a(lib_a-nano-mallocr.o)
 .ARM.attributes
                0x0000000000000635       0x2d c:/microsemi/softconsole_v6.2/arm-none-eabi-gcc/bin/../lib/gcc/arm-none-eabi/8.2.1/../../../../arm-none-eabi/lib/thumb/v7-m/nofp\libg_nano.a(lib_a-sbrkr.o)
 .ARM.attributes
                0x0000000000000662       0x2d c:/microsemi/softconsole_v6.2/arm-none-eabi-gcc/bin/../lib/gcc/arm-none-eabi/8.2.1/../../../../arm-none-eabi/lib/thumb/v7-m/nofp\libg_nano.a(lib_a-utoa.o)
 .ARM.attributes
                0x000000000000068f       0x2d c:/microsemi/softconsole_v6.2/arm-none-eabi-gcc/bin/../lib/gcc/arm-none-eabi/8.2.1/../../../../arm-none-eabi/lib/thumb/v7-m/nofp\libg_nano.a(lib_a-mlock.o)
 .ARM.attributes
                0x00000000000006bc       0x2d c:/microsemi/softconsole_v6.2/arm-none-eabi-gcc/bin/../lib/gcc/arm-none-eabi/8.2.1/../../../../arm-none-eabi/lib/thumb/v7-m/nofp\libg_nano.a(lib_a-reent.o)
 .ARM.attributes
                0x00000000000006e9       0x2d c:/microsemi/softconsole_v6.2/arm-none-eabi-gcc/bin/../lib/gcc/arm-none-eabi/8.2.1/../../../../arm-none-eabi/lib/thumb/v7-m/nofp\libg_nano.a(lib_a-lock.o)
 .ARM.attributes
                0x0000000000000716       0x2d c:/microsemi/softconsole_v6.2/arm-none-eabi-gcc/bin/../lib/gcc/arm-none-eabi/8.2.1/thumb/v7-m/nofp/crtend.o
 .ARM.attributes
                0x0000000000000743       0x1d c:/microsemi/softconsole_v6.2/arm-none-eabi-gcc/bin/../lib/gcc/arm-none-eabi/8.2.1/thumb/v7-m/nofp/crtn.o

/DISCARD/
 *(.note.GNU-stack)
 *(.isr_vector)
OUTPUT(SF2_MKR_KIT_Connection_Test.elf elf32-littlearm)

.debug_ranges   0x0000000000000000      0x8e0
 .debug_ranges  0x0000000000000000       0xf8 ./src/fab_Nokia5110.o
 .debug_ranges  0x00000000000000f8       0x28 ./src/lcd_characters.o
 .debug_ranges  0x0000000000000120       0x88 ./src/main.o
 .debug_ranges  0x00000000000001a8      0x1d8 ./firmware/drivers/mss_uart/mss_uart.o
 .debug_ranges  0x0000000000000380       0xd0 ./firmware/drivers/mss_sys_services/mss_comblk.o
 .debug_ranges  0x0000000000000450       0xd0 ./firmware/drivers/mss_spi/mss_spi.o
 .debug_ranges  0x0000000000000520      0x118 ./firmware/drivers/mss_i2c/mss_i2c.o
 .debug_ranges  0x0000000000000638       0x70 ./firmware/drivers/mss_hpdma/mss_hpdma.o
 .debug_ranges  0x00000000000006a8       0x58 ./firmware/drivers/mss_gpio/mss_gpio.o
 .debug_ranges  0x0000000000000700       0xe0 ./firmware/drivers/mss_ethernet_mac/mss_ethernet_mac.o
 .debug_ranges  0x00000000000007e0       0xa8 ./firmware/drivers/CorePWM/core_pwm.o
 .debug_ranges  0x0000000000000888       0x58 ./firmware/CMSIS/system_m2sxxx.o

.debug_macro    0x0000000000000000     0x4f84
 .debug_macro   0x0000000000000000      0x185 ./src/fab_Nokia5110.o
 .debug_macro   0x0000000000000185      0xa78 ./src/fab_Nokia5110.o
 .debug_macro   0x0000000000000bfd       0x18 ./src/fab_Nokia5110.o
 .debug_macro   0x0000000000000c15       0x22 ./src/fab_Nokia5110.o
 .debug_macro   0x0000000000000c37       0x5e ./src/fab_Nokia5110.o
 .debug_macro   0x0000000000000c95       0x94 ./src/fab_Nokia5110.o
 .debug_macro   0x0000000000000d29       0x35 ./src/fab_Nokia5110.o
 .debug_macro   0x0000000000000d5e       0x34 ./src/fab_Nokia5110.o
 .debug_macro   0x0000000000000d92       0x16 ./src/fab_Nokia5110.o
 .debug_macro   0x0000000000000da8      0x10e ./src/fab_Nokia5110.o
 .debug_macro   0x0000000000000eb6       0x8d ./src/fab_Nokia5110.o
 .debug_macro   0x0000000000000f43       0x57 ./src/fab_Nokia5110.o
 .debug_macro   0x0000000000000f9a       0x58 ./src/fab_Nokia5110.o
 .debug_macro   0x0000000000000ff2       0x1f ./src/fab_Nokia5110.o
 .debug_macro   0x0000000000001011       0x43 ./src/fab_Nokia5110.o
 .debug_macro   0x0000000000001054       0x20 ./src/fab_Nokia5110.o
 .debug_macro   0x0000000000001074      0x18e ./src/fab_Nokia5110.o
 .debug_macro   0x0000000000001202      0x339 ./src/fab_Nokia5110.o
 .debug_macro   0x000000000000153b       0x16 ./src/fab_Nokia5110.o
 .debug_macro   0x0000000000001551       0x29 ./src/fab_Nokia5110.o
 .debug_macro   0x000000000000157a       0xef ./src/fab_Nokia5110.o
 .debug_macro   0x0000000000001669       0x6a ./src/fab_Nokia5110.o
 .debug_macro   0x00000000000016d3      0x1df ./src/fab_Nokia5110.o
 .debug_macro   0x00000000000018b2       0x1c ./src/fab_Nokia5110.o
 .debug_macro   0x00000000000018ce       0x40 ./src/fab_Nokia5110.o
 .debug_macro   0x000000000000190e       0x64 ./src/fab_Nokia5110.o
 .debug_macro   0x0000000000001972       0x1c ./src/fab_Nokia5110.o
 .debug_macro   0x000000000000198e       0x77 ./src/lcd_characters.o
 .debug_macro   0x0000000000001a05       0x8e ./src/lcd_characters.o
 .debug_macro   0x0000000000001a93       0x51 ./src/lcd_characters.o
 .debug_macro   0x0000000000001ae4      0x33b ./src/main.o
 .debug_macro   0x0000000000001e1f       0x16 ./src/main.o
 .debug_macro   0x0000000000001e35       0x97 ./src/main.o
 .debug_macro   0x0000000000001ecc       0xfd ./src/main.o
 .debug_macro   0x0000000000001fc9       0x10 ./src/main.o
 .debug_macro   0x0000000000001fd9       0x10 ./src/main.o
 .debug_macro   0x0000000000001fe9       0x1c ./src/main.o
 .debug_macro   0x0000000000002005       0x52 ./src/main.o
 .debug_macro   0x0000000000002057       0x40 ./src/main.o
 .debug_macro   0x0000000000002097       0x10 ./src/main.o
 .debug_macro   0x00000000000020a7       0x40 ./src/main.o
 .debug_macro   0x00000000000020e7       0xd7 ./src/main.o
 .debug_macro   0x00000000000021be       0x1c ./src/main.o
 .debug_macro   0x00000000000021da       0x3d ./src/main.o
 .debug_macro   0x0000000000002217       0x16 ./src/main.o
 .debug_macro   0x000000000000222d      0x16f ./src/main.o
 .debug_macro   0x000000000000239c       0x35 ./src/main.o
 .debug_macro   0x00000000000023d1       0x16 ./src/main.o
 .debug_macro   0x00000000000023e7       0x26 ./src/main.o
 .debug_macro   0x000000000000240d       0x34 ./src/main.o
 .debug_macro   0x0000000000002441       0x34 ./src/main.o
 .debug_macro   0x0000000000002475      0xca6 ./src/main.o
 .debug_macro   0x000000000000311b      0x265 ./src/main.o
 .debug_macro   0x0000000000003380      0x177 ./src/main.o
 .debug_macro   0x00000000000034f7      0x11c ./src/main.o
 .debug_macro   0x0000000000003613       0x27 ./src/main.o
 .debug_macro   0x000000000000363a       0x12 ./src/main.o
 .debug_macro   0x000000000000364c       0x16 ./src/main.o
 .debug_macro   0x0000000000003662       0x22 ./src/main.o
 .debug_macro   0x0000000000003684      0x191 ./src/main.o
 .debug_macro   0x0000000000003815      0x185 ./firmware/drivers/mss_uart/mss_uart.o
 .debug_macro   0x000000000000399a      0x174 ./firmware/drivers/mss_uart/mss_uart.o
 .debug_macro   0x0000000000003b0e       0xe2 ./firmware/drivers/mss_uart/mss_uart.o
 .debug_macro   0x0000000000003bf0       0x22 ./firmware/drivers/mss_uart/mss_uart.o
 .debug_macro   0x0000000000003c12      0x168 ./firmware/drivers/mss_sys_services/mss_comblk.o
 .debug_macro   0x0000000000003d7a      0x26a ./firmware/drivers/mss_spi/mss_spi.o
 .debug_macro   0x0000000000003fe4      0x299 ./firmware/drivers/mss_i2c/mss_i2c.o
 .debug_macro   0x000000000000427d      0x151 ./firmware/drivers/mss_hpdma/mss_hpdma.o
 .debug_macro   0x00000000000043ce       0x10 ./firmware/drivers/mss_hpdma/mss_hpdma.o
 .debug_macro   0x00000000000043de      0x10f ./firmware/drivers/mss_gpio/mss_gpio.o
 .debug_macro   0x00000000000044ed      0x1ab ./firmware/drivers/mss_ethernet_mac/mss_ethernet_mac.o
 .debug_macro   0x0000000000004698      0x288 ./firmware/drivers/mss_ethernet_mac/mss_ethernet_mac.o
 .debug_macro   0x0000000000004920      0x3be ./firmware/drivers/mss_ethernet_mac/mss_ethernet_mac.o
 .debug_macro   0x0000000000004cde       0x28 ./firmware/drivers/mss_ethernet_mac/mss_ethernet_mac.o
 .debug_macro   0x0000000000004d06      0x10b ./firmware/drivers/CorePWM/core_pwm.o
 .debug_macro   0x0000000000004e11      0x173 ./firmware/CMSIS/system_m2sxxx.o

.comment        0x0000000000000000       0x68
 .comment       0x0000000000000000       0x68 ./src/fab_Nokia5110.o
                                         0x69 (size before relaxing)
 .comment       0x0000000000000068       0x69 ./src/lcd_characters.o
 .comment       0x0000000000000068       0x69 ./src/main.o
 .comment       0x0000000000000068       0x69 ./firmware/drivers/mss_uart/mss_uart.o
 .comment       0x0000000000000068       0x69 ./firmware/drivers/mss_sys_services/mss_comblk.o
 .comment       0x0000000000000068       0x69 ./firmware/drivers/mss_spi/mss_spi.o
 .comment       0x0000000000000068       0x69 ./firmware/drivers/mss_i2c/mss_i2c.o
 .comment       0x0000000000000068       0x69 ./firmware/drivers/mss_hpdma/mss_hpdma.o
 .comment       0x0000000000000068       0x69 ./firmware/drivers/mss_gpio/mss_gpio.o
 .comment       0x0000000000000068       0x69 ./firmware/drivers/mss_ethernet_mac/mss_ethernet_mac.o
 .comment       0x0000000000000068       0x69 ./firmware/drivers/CorePWM/core_pwm.o
 .comment       0x0000000000000068       0x69 ./firmware/CMSIS/system_m2sxxx.o
