
Copyright (C) 1994-2018 Synopsys, Inc.
This Synopsys software and all associated documentation are proprietary to Synopsys, Inc.
and may only be used pursuant to the terms and conditions of a written license agreement
with Synopsys, Inc. All other use, reproduction, modification, or distribution of the
Synopsys software or the associated documentation is strictly prohibited.
Tool: Synplify Pro (R)
Build: N-2018.03M-SP1-1
Install: C:\Microsemi\Libero_SoC_v12.1\SynplifyPro
OS: Windows 6.2

Hostname: PHOENIX136DESKY

Implementation : synthesis
Synopsys HDL compiler and linker, Version comp2018q2p1, Build 223R, Built Oct 23 2018 09:18:38

Modified Files: 1
FID:  path (prevtimestamp, timestamp)
25       E:\Github_Repos\SF2_MKR_KIT_Connections\SF2_MKR_KIT_Connections\component\work\Connection_system\Connection_system.vhd (2020-03-29 03:45:44, 2020-03-29 03:49:42)

*******************************************************************
Modules that may have changed as a result of file changes: 27
MID:  lib.cell.view
0        coreapb3_lib.coreapb3.coreapb3_arch may have changed because the following files changed:
                        E:\Github_Repos\SF2_MKR_KIT_Connections\SF2_MKR_KIT_Connections\component\work\Connection_system\Connection_system.vhd (2020-03-29 03:45:44, 2020-03-29 03:49:42) <-- (may instantiate this module)
2        coreapb3_lib.coreapb3_iaddr_reg.rtl may have changed because the following files changed:
                        E:\Github_Repos\SF2_MKR_KIT_Connections\SF2_MKR_KIT_Connections\component\work\Connection_system\Connection_system.vhd (2020-03-29 03:45:44, 2020-03-29 03:49:42) <-- (may instantiate this module)
4        coreapb3_lib.coreapb3_muxptob3.coreapb3_muxptob3_arch may have changed because the following files changed:
                        E:\Github_Repos\SF2_MKR_KIT_Connections\SF2_MKR_KIT_Connections\component\work\Connection_system\Connection_system.vhd (2020-03-29 03:45:44, 2020-03-29 03:49:42) <-- (may instantiate this module)
6        corepwm_lib.corepwm.trans may have changed because the following files changed:
                        E:\Github_Repos\SF2_MKR_KIT_Connections\SF2_MKR_KIT_Connections\component\work\Connection_system\Connection_system.vhd (2020-03-29 03:45:44, 2020-03-29 03:49:42) <-- (may instantiate this module)
8        corepwm_lib.corepwm_pwm_gen.trans may have changed because the following files changed:
                        E:\Github_Repos\SF2_MKR_KIT_Connections\SF2_MKR_KIT_Connections\component\work\Connection_system\Connection_system.vhd (2020-03-29 03:45:44, 2020-03-29 03:49:42) <-- (may instantiate this module)
10       corepwm_lib.corepwm_reg_if.trans may have changed because the following files changed:
                        E:\Github_Repos\SF2_MKR_KIT_Connections\SF2_MKR_KIT_Connections\component\work\Connection_system\Connection_system.vhd (2020-03-29 03:45:44, 2020-03-29 03:49:42) <-- (may instantiate this module)
12       corepwm_lib.corepwm_tach_if.trans may have changed because the following files changed:
                        E:\Github_Repos\SF2_MKR_KIT_Connections\SF2_MKR_KIT_Connections\component\work\Connection_system\Connection_system.vhd (2020-03-29 03:45:44, 2020-03-29 03:49:42) <-- (may instantiate this module)
14       corepwm_lib.corepwm_timebase.trans may have changed because the following files changed:
                        E:\Github_Repos\SF2_MKR_KIT_Connections\SF2_MKR_KIT_Connections\component\work\Connection_system\Connection_system.vhd (2020-03-29 03:45:44, 2020-03-29 03:49:42) <-- (may instantiate this module)
16       work.connection_system.rtl may have changed because the following files changed:
                        E:\Github_Repos\SF2_MKR_KIT_Connections\SF2_MKR_KIT_Connections\component\work\Connection_system\Connection_system.vhd (2020-03-29 03:45:44, 2020-03-29 03:49:42) <-- (architecture and entity definition)
18       work.connection_system_sb.rtl may have changed because the following files changed:
                        E:\Github_Repos\SF2_MKR_KIT_Connections\SF2_MKR_KIT_Connections\component\work\Connection_system\Connection_system.vhd (2020-03-29 03:45:44, 2020-03-29 03:49:42) <-- (may instantiate this module)
20       work.connection_system_sb_ccc_0_fccc.def_arch may have changed because the following files changed:
                        E:\Github_Repos\SF2_MKR_KIT_Connections\SF2_MKR_KIT_Connections\component\work\Connection_system\Connection_system.vhd (2020-03-29 03:45:44, 2020-03-29 03:49:42) <-- (may instantiate this module)
22       work.connection_system_sb_fabosc_0_osc.def_arch may have changed because the following files changed:
                        E:\Github_Repos\SF2_MKR_KIT_Connections\SF2_MKR_KIT_Connections\component\work\Connection_system\Connection_system.vhd (2020-03-29 03:45:44, 2020-03-29 03:49:42) <-- (may instantiate this module)
24       work.connection_system_sb_mss.rtl may have changed because the following files changed:
                        E:\Github_Repos\SF2_MKR_KIT_Connections\SF2_MKR_KIT_Connections\component\work\Connection_system\Connection_system.vhd (2020-03-29 03:45:44, 2020-03-29 03:49:42) <-- (may instantiate this module)
26       work.coreapb3_c0.rtl may have changed because the following files changed:
                        E:\Github_Repos\SF2_MKR_KIT_Connections\SF2_MKR_KIT_Connections\component\work\Connection_system\Connection_system.vhd (2020-03-29 03:45:44, 2020-03-29 03:49:42) <-- (may instantiate this module)
28       work.corepwm_c0.rtl may have changed because the following files changed:
                        E:\Github_Repos\SF2_MKR_KIT_Connections\SF2_MKR_KIT_Connections\component\work\Connection_system\Connection_system.vhd (2020-03-29 03:45:44, 2020-03-29 03:49:42) <-- (may instantiate this module)
30       work.coreresetp.rtl may have changed because the following files changed:
                        E:\Github_Repos\SF2_MKR_KIT_Connections\SF2_MKR_KIT_Connections\component\work\Connection_system\Connection_system.vhd (2020-03-29 03:45:44, 2020-03-29 03:49:42) <-- (may instantiate this module)
32       work.coreresetp_pcie_hotreset.rtl may have changed because the following files changed:
                        E:\Github_Repos\SF2_MKR_KIT_Connections\SF2_MKR_KIT_Connections\component\work\Connection_system\Connection_system.vhd (2020-03-29 03:45:44, 2020-03-29 03:49:42) <-- (may instantiate this module)
34       work.led_inverter_dimmer.architecture_led_inverter_dimmer may have changed because the following files changed:
                        E:\Github_Repos\SF2_MKR_KIT_Connections\SF2_MKR_KIT_Connections\component\work\Connection_system\Connection_system.vhd (2020-03-29 03:45:44, 2020-03-29 03:49:42) <-- (may instantiate this module)
36       work.mss_010.def_arch may have changed because the following files changed:
                        E:\Github_Repos\SF2_MKR_KIT_Connections\SF2_MKR_KIT_Connections\component\work\Connection_system\Connection_system.vhd (2020-03-29 03:45:44, 2020-03-29 03:49:42) <-- (may instantiate this module)
38       work.nokia5110_driver.architecture_nokia5110_driver may have changed because the following files changed:
                        E:\Github_Repos\SF2_MKR_KIT_Connections\SF2_MKR_KIT_Connections\component\work\Connection_system\Connection_system.vhd (2020-03-29 03:45:44, 2020-03-29 03:49:42) <-- (may instantiate this module)
40       work.rcosc_1mhz.def_arch may have changed because the following files changed:
                        E:\Github_Repos\SF2_MKR_KIT_Connections\SF2_MKR_KIT_Connections\component\work\Connection_system\Connection_system.vhd (2020-03-29 03:45:44, 2020-03-29 03:49:42) <-- (may instantiate this module)
42       work.rcosc_1mhz_fab.def_arch may have changed because the following files changed:
                        E:\Github_Repos\SF2_MKR_KIT_Connections\SF2_MKR_KIT_Connections\component\work\Connection_system\Connection_system.vhd (2020-03-29 03:45:44, 2020-03-29 03:49:42) <-- (may instantiate this module)
44       work.rcosc_25_50mhz.def_arch may have changed because the following files changed:
                        E:\Github_Repos\SF2_MKR_KIT_Connections\SF2_MKR_KIT_Connections\component\work\Connection_system\Connection_system.vhd (2020-03-29 03:45:44, 2020-03-29 03:49:42) <-- (may instantiate this module)
46       work.rcosc_25_50mhz_fab.def_arch may have changed because the following files changed:
                        E:\Github_Repos\SF2_MKR_KIT_Connections\SF2_MKR_KIT_Connections\component\work\Connection_system\Connection_system.vhd (2020-03-29 03:45:44, 2020-03-29 03:49:42) <-- (may instantiate this module)
48       work.timer.architecture_timer may have changed because the following files changed:
                        E:\Github_Repos\SF2_MKR_KIT_Connections\SF2_MKR_KIT_Connections\component\work\Connection_system\Connection_system.vhd (2020-03-29 03:45:44, 2020-03-29 03:49:42) <-- (may instantiate this module)
50       work.xtlosc.def_arch may have changed because the following files changed:
                        E:\Github_Repos\SF2_MKR_KIT_Connections\SF2_MKR_KIT_Connections\component\work\Connection_system\Connection_system.vhd (2020-03-29 03:45:44, 2020-03-29 03:49:42) <-- (may instantiate this module)
52       work.xtlosc_fab.def_arch may have changed because the following files changed:
                        E:\Github_Repos\SF2_MKR_KIT_Connections\SF2_MKR_KIT_Connections\component\work\Connection_system\Connection_system.vhd (2020-03-29 03:45:44, 2020-03-29 03:49:42) <-- (may instantiate this module)

*******************************************************************
Unmodified files: 35
FID:  path (timestamp)
0        C:\Microsemi\Libero_SoC_v12.1\SynplifyPro\lib\generic\smartfusion2.vhd (2018-12-21 01:52:13)
1        C:\Microsemi\Libero_SoC_v12.1\SynplifyPro\lib\vhd2008\arith.vhd (2018-12-21 01:52:16)
2        C:\Microsemi\Libero_SoC_v12.1\SynplifyPro\lib\vhd2008\location.map (2018-12-21 01:52:16)
3        C:\Microsemi\Libero_SoC_v12.1\SynplifyPro\lib\vhd2008\numeric.vhd (2018-12-21 01:52:16)
4        C:\Microsemi\Libero_SoC_v12.1\SynplifyPro\lib\vhd2008\std.vhd (2018-12-21 01:52:16)
5        C:\Microsemi\Libero_SoC_v12.1\SynplifyPro\lib\vhd2008\std1164.vhd (2018-12-21 01:52:16)
6        C:\Microsemi\Libero_SoC_v12.1\SynplifyPro\lib\vhd2008\std_textio.vhd (2018-12-21 01:52:16)
7        C:\Microsemi\Libero_SoC_v12.1\SynplifyPro\lib\vhd2008\unsigned.vhd (2018-12-21 01:52:16)
8        C:\Microsemi\Libero_SoC_v12.1\SynplifyPro\lib\vhd\hyperents.vhd (2018-12-21 01:52:16)
9        C:\Microsemi\Libero_SoC_v12.1\SynplifyPro\lib\vhd\snps_haps_pkg.vhd (2018-12-21 01:52:16)
10       C:\Microsemi\Libero_SoC_v12.1\SynplifyPro\lib\vhd\umr_capim.vhd (2018-12-21 01:52:16)
11       E:\Github_Repos\SF2_MKR_KIT_Connections\SF2_MKR_KIT_Connections\component\Actel\DirectCore\CoreAPB3\4.1.100\rtl\vhdl\core\components.vhd (2019-11-05 16:09:25)
12       E:\Github_Repos\SF2_MKR_KIT_Connections\SF2_MKR_KIT_Connections\component\Actel\DirectCore\CoreAPB3\4.1.100\rtl\vhdl\core\coreapb3.vhd (2019-11-05 16:09:25)
13       E:\Github_Repos\SF2_MKR_KIT_Connections\SF2_MKR_KIT_Connections\component\Actel\DirectCore\CoreAPB3\4.1.100\rtl\vhdl\core\coreapb3_iaddr_reg.vhd (2019-11-05 16:09:25)
14       E:\Github_Repos\SF2_MKR_KIT_Connections\SF2_MKR_KIT_Connections\component\Actel\DirectCore\CoreAPB3\4.1.100\rtl\vhdl\core\coreapb3_muxptob3.vhd (2019-11-05 16:09:25)
15       E:\Github_Repos\SF2_MKR_KIT_Connections\SF2_MKR_KIT_Connections\component\Actel\DirectCore\CoreResetP\7.1.100\rtl\vhdl\core\coreresetp.vhd (2019-12-02 18:16:23)
16       E:\Github_Repos\SF2_MKR_KIT_Connections\SF2_MKR_KIT_Connections\component\Actel\DirectCore\CoreResetP\7.1.100\rtl\vhdl\core\coreresetp_pcie_hotreset.vhd (2019-12-02 18:16:23)
17       E:\Github_Repos\SF2_MKR_KIT_Connections\SF2_MKR_KIT_Connections\component\Actel\DirectCore\corepwm\4.3.101\rtl\vhdl\core\components.vhd (2020-03-24 14:26:26)
18       E:\Github_Repos\SF2_MKR_KIT_Connections\SF2_MKR_KIT_Connections\component\Actel\DirectCore\corepwm\4.3.101\rtl\vhdl\core\corepwm.vhd (2020-03-24 14:26:26)
19       E:\Github_Repos\SF2_MKR_KIT_Connections\SF2_MKR_KIT_Connections\component\Actel\DirectCore\corepwm\4.3.101\rtl\vhdl\core\pwm_gen.vhd (2020-03-24 14:26:26)
20       E:\Github_Repos\SF2_MKR_KIT_Connections\SF2_MKR_KIT_Connections\component\Actel\DirectCore\corepwm\4.3.101\rtl\vhdl\core\reg_if.vhd (2020-03-24 14:26:26)
21       E:\Github_Repos\SF2_MKR_KIT_Connections\SF2_MKR_KIT_Connections\component\Actel\DirectCore\corepwm\4.3.101\rtl\vhdl\core\t_corepwm_pkg.vhd (2020-03-24 14:26:26)
22       E:\Github_Repos\SF2_MKR_KIT_Connections\SF2_MKR_KIT_Connections\component\Actel\DirectCore\corepwm\4.3.101\rtl\vhdl\core\tach_if.vhd (2020-03-24 14:26:26)
23       E:\Github_Repos\SF2_MKR_KIT_Connections\SF2_MKR_KIT_Connections\component\Actel\DirectCore\corepwm\4.3.101\rtl\vhdl\core\timebase.vhd (2020-03-24 14:26:26)
24       E:\Github_Repos\SF2_MKR_KIT_Connections\SF2_MKR_KIT_Connections\component\Actel\SgCore\OSC\2.0.101\osc_comps.vhd (2019-11-06 13:59:59)
26       E:\Github_Repos\SF2_MKR_KIT_Connections\SF2_MKR_KIT_Connections\component\work\Connection_system_sb\CCC_0\Connection_system_sb_CCC_0_FCCC.vhd (2020-03-29 03:21:03)
27       E:\Github_Repos\SF2_MKR_KIT_Connections\SF2_MKR_KIT_Connections\component\work\Connection_system_sb\Connection_system_sb.vhd (2020-03-29 03:21:05)
28       E:\Github_Repos\SF2_MKR_KIT_Connections\SF2_MKR_KIT_Connections\component\work\Connection_system_sb\FABOSC_0\Connection_system_sb_FABOSC_0_OSC.vhd (2020-03-29 03:21:04)
29       E:\Github_Repos\SF2_MKR_KIT_Connections\SF2_MKR_KIT_Connections\component\work\Connection_system_sb_MSS\Connection_system_sb_MSS.vhd (2020-03-29 03:21:00)
30       E:\Github_Repos\SF2_MKR_KIT_Connections\SF2_MKR_KIT_Connections\component\work\Connection_system_sb_MSS\Connection_system_sb_MSS_syn.vhd (2020-03-29 03:20:59)
31       E:\Github_Repos\SF2_MKR_KIT_Connections\SF2_MKR_KIT_Connections\component\work\CoreAPB3_C0\CoreAPB3_C0.vhd (2020-03-29 03:21:53)
32       E:\Github_Repos\SF2_MKR_KIT_Connections\SF2_MKR_KIT_Connections\component\work\corepwm_C0\corepwm_C0.vhd (2020-03-29 03:23:21)
33       E:\Github_Repos\SF2_MKR_KIT_Connections\SF2_MKR_KIT_Connections\hdl\LED_inverter_dimmer.vhd (2020-03-29 03:21:07)
34       E:\Github_Repos\SF2_MKR_KIT_Connections\SF2_MKR_KIT_Connections\hdl\Nokia5110_Driver.vhd (2020-03-29 03:21:07)
35       E:\Github_Repos\SF2_MKR_KIT_Connections\SF2_MKR_KIT_Connections\hdl\timer.vhd (2020-03-29 03:21:07)

*******************************************************************
Unchanged modules: 0
MID:  lib.cell.view
